110.136.24.58 - - [16/May/2018:11:30:21 +0700] "GET /css/form.css HTTP/1.1" 200 1235 "http://wisuda.unida.gontor.ac.id/index.php?r=peserta/index" "Mozilla/5.0 (Linux; Android 6.0; R50A Build/MRA58K; wv) AppleWebKit/537.36 (KHTML, like Gecko) Version/4.0 Chrome/66.0.3359.158 Mobile Safari/537.36"
110.136.24.58 - - [16/May/2018:11:30:21 +0700] "GET /css/main.css HTTP/1.1" 200 1222 "http://wisuda.unida.gontor.ac.id/index.php?r=peserta/index" "Mozilla/5.0 (Linux; Android 6.0; R50A Build/MRA58K; wv) AppleWebKit/537.36 (KHTML, like Gecko) Version/4.0 Chrome/66.0.3359.158 Mobile Safari/537.36"
64.233.173.142 - - [16/May/2018:11:30:21 +0700] "GET /css/bg.gif HTTP/1.1" 200 525 "http://wisuda.unida.gontor.ac.id/css/main.css" "Mozilla/5.0 (Linux; Android 7.1.2; Redmi 5 Plus Build/N2G47H) AppleWebKit/537.36 (KHTML, like Gecko) Chrome/66.0.3359.158 Mobile Safari/537.36"
110.136.24.58 - - [16/May/2018:11:30:21 +0700] "GET /images/logo_baak.png HTTP/1.1" 200 87482 "http://wisuda.unida.gontor.ac.id/index.php?r=peserta/index" "Mozilla/5.0 (Linux; Android 6.0; R50A Build/MRA58K; wv) AppleWebKit/537.36 (KHTML, like Gecko) Version/4.0 Chrome/66.0.3359.158 Mobile Safari/537.36"
110.136.24.58 - - [16/May/2018:11:30:21 +0700] "GET /images/register.png HTTP/1.1" 200 19540 "http://wisuda.unida.gontor.ac.id/index.php?r=peserta/index" "Mozilla/5.0 (Linux; Android 6.0; R50A Build/MRA58K; wv) AppleWebKit/537.36 (KHTML, like Gecko) Version/4.0 Chrome/66.0.3359.158 Mobile Safari/537.36"
110.136.24.58 - - [16/May/2018:11:30:21 +0700] "GET /css/print.css HTTP/1.1" 200 997 "http://wisuda.unida.gontor.ac.id/index.php?r=peserta/index" "Mozilla/5.0 (Linux; Android 6.0; R50A Build/MRA58K; wv) AppleWebKit/537.36 (KHTML, like Gecko) Version/4.0 Chrome/66.0.3359.158 Mobile Safari/537.36"
110.136.24.58 - - [16/May/2018:11:30:21 +0700] "GET /ckeditor/ckeditor.js HTTP/1.1" 200 204397 "http://wisuda.unida.gontor.ac.id/index.php?r=peserta/index" "Mozilla/5.0 (Linux; Android 6.0; R50A Build/MRA58K; wv) AppleWebKit/537.36 (KHTML, like Gecko) Version/4.0 Chrome/66.0.3359.158 Mobile Safari/537.36"
64.233.173.143 - - [16/May/2018:11:30:21 +0700] "GET /favicon.ico HTTP/1.1" 404 514 "http://wisuda.unida.gontor.ac.id/index.php?r=peserta/index" "Mozilla/5.0 (Linux; Android 7.1.2; Redmi 5 Plus Build/N2G47H) AppleWebKit/537.36 (KHTML, like Gecko) Chrome/66.0.3359.158 Mobile Safari/537.36"
114.7.12.49 - - [16/May/2018:11:30:22 +0700] "GET /index.php?r=peserta/index HTTP/1.1" 200 2161 "-" "Mozilla/5.0 (Linux; Android 5.1.1; SAMSUNG SM-J320G Build/LMY47V) AppleWebKit/537.36 (KHTML, like Gecko) SamsungBrowser/6.4 Chrome/56.0.2924.87 Mobile Safari/537.36"
114.7.12.49 - - [16/May/2018:11:30:23 +0700] "GET /css/screen.css HTTP/1.1" 200 3152 "http://wisuda.unida.gontor.ac.id/index.php?r=peserta/index" "Mozilla/5.0 (Linux; Android 5.1.1; SAMSUNG SM-J320G Build/LMY47V) AppleWebKit/537.36 (KHTML, like Gecko) SamsungBrowser/6.4 Chrome/56.0.2924.87 Mobile Safari/537.36"
114.7.12.49 - - [16/May/2018:11:30:23 +0700] "GET /css/main.css HTTP/1.1" 200 1222 "http://wisuda.unida.gontor.ac.id/index.php?r=peserta/index" "Mozilla/5.0 (Linux; Android 5.1.1; SAMSUNG SM-J320G Build/LMY47V) AppleWebKit/537.36 (KHTML, like Gecko) SamsungBrowser/6.4 Chrome/56.0.2924.87 Mobile Safari/537.36"
114.7.12.49 - - [16/May/2018:11:30:23 +0700] "GET /css/form.css HTTP/1.1" 200 1234 "http://wisuda.unida.gontor.ac.id/index.php?r=peserta/index" "Mozilla/5.0 (Linux; Android 5.1.1; SAMSUNG SM-J320G Build/LMY47V) AppleWebKit/537.36 (KHTML, like Gecko) SamsungBrowser/6.4 Chrome/56.0.2924.87 Mobile Safari/537.36"
110.136.24.58 - - [16/May/2018:11:30:23 +0700] "GET /css/bg.gif HTTP/1.1" 200 525 "http://wisuda.unida.gontor.ac.id/css/main.css" "Mozilla/5.0 (Linux; Android 6.0; R50A Build/MRA58K; wv) AppleWebKit/537.36 (KHTML, like Gecko) Version/4.0 Chrome/66.0.3359.158 Mobile Safari/537.36"
114.7.12.49 - - [16/May/2018:11:30:23 +0700] "GET /images/logo_baak.png HTTP/1.1" 200 87482 "http://wisuda.unida.gontor.ac.id/index.php?r=peserta/index" "Mozilla/5.0 (Linux; Android 5.1.1; SAMSUNG SM-J320G Build/LMY47V) AppleWebKit/537.36 (KHTML, like Gecko) SamsungBrowser/6.4 Chrome/56.0.2924.87 Mobile Safari/537.36"
110.136.24.58 - - [16/May/2018:11:30:24 +0700] "GET /favicon.ico HTTP/1.1" 404 514 "http://wisuda.unida.gontor.ac.id/index.php?r=peserta/index" "Mozilla/5.0 (Linux; Android 6.0; R50A Build/MRA58K; wv) AppleWebKit/537.36 (KHTML, like Gecko) Version/4.0 Chrome/66.0.3359.158 Mobile Safari/537.36"
114.7.12.49 - - [16/May/2018:11:30:24 +0700] "GET /images/register.png HTTP/1.1" 200 19540 "http://wisuda.unida.gontor.ac.id/index.php?r=peserta/index" "Mozilla/5.0 (Linux; Android 5.1.1; SAMSUNG SM-J320G Build/LMY47V) AppleWebKit/537.36 (KHTML, like Gecko) SamsungBrowser/6.4 Chrome/56.0.2924.87 Mobile Safari/537.36"
114.7.12.49 - - [16/May/2018:11:30:25 +0700] "GET /css/print.css HTTP/1.1" 200 997 "http://wisuda.unida.gontor.ac.id/index.php?r=peserta/index" "Mozilla/5.0 (Linux; Android 5.1.1; SAMSUNG SM-J320G Build/LMY47V) AppleWebKit/537.36 (KHTML, like Gecko) SamsungBrowser/6.4 Chrome/56.0.2924.87 Mobile Safari/537.36"
114.7.12.49 - - [16/May/2018:11:30:23 +0700] "GET /ckeditor/ckeditor.js HTTP/1.1" 200 204397 "http://wisuda.unida.gontor.ac.id/index.php?r=peserta/index" "Mozilla/5.0 (Linux; Android 5.1.1; SAMSUNG SM-J320G Build/LMY47V) AppleWebKit/537.36 (KHTML, like Gecko) SamsungBrowser/6.4 Chrome/56.0.2924.87 Mobile Safari/537.36"
114.7.12.49 - - [16/May/2018:11:30:27 +0700] "GET /css/bg.gif HTTP/1.1" 200 525 "http://wisuda.unida.gontor.ac.id/css/main.css" "Mozilla/5.0 (Linux; Android 5.1.1; SAMSUNG SM-J320G Build/LMY47V) AppleWebKit/537.36 (KHTML, like Gecko) SamsungBrowser/6.4 Chrome/56.0.2924.87 Mobile Safari/537.36"
114.7.12.49 - - [16/May/2018:11:30:27 +0700] "GET /favicon.ico HTTP/1.1" 404 514 "http://wisuda.unida.gontor.ac.id/index.php?r=peserta/index" "Mozilla/5.0 (Linux; Android 5.1.1; SAMSUNG SM-J320G Build/LMY47V) AppleWebKit/537.36 (KHTML, like Gecko) SamsungBrowser/6.4 Chrome/56.0.2924.87 Mobile Safari/537.36"
101.226.227.171 - - [16/May/2018:11:30:36 +0700] "GET /index.php?r=peserta/create HTTP/1.1" 200 32206 "-" "Mozilla/5.0 (Linux; Android 5.1.1; SM801 Build/LMY47V) AppleWebKit/537.36 (KHTML, like Gecko)     \t\tChrome/46.0.2490.11 Mobile Safari/537.36"
101.226.227.171 - - [16/May/2018:11:30:38 +0700] "GET /ckeditor/ckeditor.js HTTP/1.1" 200 149144 "http://wisuda.unida.gontor.ac.id/index.php?r=peserta/create" "Mozilla/5.0 (Linux; U; Android 6.0.1; zh-cn; OPPO R9s Build/MMB29M) AppleWebKit/537.36 (KHTML, like Gecko) Version/4.0 Chrome/38.0.0.0 Mobile Safari/537.36 OppoBrowser/4.2.8"
101.226.227.171 - - [16/May/2018:11:30:42 +0700] "GET /assets/f5f9305d/jquery.js HTTP/1.1" 200 257744 "http://wisuda.unida.gontor.ac.id/index.php?r=peserta/create" "Mozilla/5.0 (Linux; U; Android 4.4.4; zh-CN; Coolpad Y82-520 Build/KTU84P) AppleWebKit/534.30 (KHTML, like Gecko) Version/4.0 UCBrowser/10.9.8.738 U3/0.8.0 Mobile Safari/534.30"
101.226.227.171 - - [16/May/2018:11:30:45 +0700] "GET /assets/7db98611/fileuploader.js HTTP/1.1" 200 37110 "http://wisuda.unida.gontor.ac.id/index.php?r=peserta/create" "Mozilla/5.0 (Linux; U; Android 4.4.4; zh-CN; Coolpad Y82-520 Build/KTU84P) AppleWebKit/534.30 (KHTML, like Gecko) Version/4.0 UCBrowser/10.9.8.738 U3/0.8.0 Mobile Safari/534.30"
167.99.65.246 - - [16/May/2018:11:30:45 +0700] "GET /index.php?r=peserta/index HTTP/1.1" 200 2161 "-" "Mozilla/5.0 (Linux; Android 5.1.1; C5502 Build/10.7.A.0.222) AppleWebKit/537.36 (KHTML, like Gecko) Chrome/66.0.3359.158 Mobile Safari/537.36"
101.226.227.171 - - [16/May/2018:11:30:46 +0700] "GET /js/jquery.min.js HTTP/1.1" 200 96315 "http://wisuda.unida.gontor.ac.id/index.php?r=peserta/create" "Mozilla/5.0 (Linux; U; Android 4.4.4; zh-CN; Coolpad Y82-520 Build/KTU84P) AppleWebKit/534.30 (KHTML, like Gecko) Version/4.0 UCBrowser/10.9.8.738 U3/0.8.0 Mobile Safari/534.30"
167.99.65.246 - - [16/May/2018:11:30:47 +0700] "GET /css/screen.css HTTP/1.1" 200 3152 "http://wisuda.unida.gontor.ac.id/index.php?r=peserta/index" "Mozilla/5.0 (Linux; Android 5.1.1; C5502 Build/10.7.A.0.222) AppleWebKit/537.36 (KHTML, like Gecko) Chrome/66.0.3359.158 Mobile Safari/537.36"
167.99.65.246 - - [16/May/2018:11:30:47 +0700] "GET /css/main.css HTTP/1.1" 200 1222 "http://wisuda.unida.gontor.ac.id/index.php?r=peserta/index" "Mozilla/5.0 (Linux; Android 5.1.1; C5502 Build/10.7.A.0.222) AppleWebKit/537.36 (KHTML, like Gecko) Chrome/66.0.3359.158 Mobile Safari/537.36"
167.99.65.246 - - [16/May/2018:11:30:47 +0700] "GET /css/form.css HTTP/1.1" 200 1235 "http://wisuda.unida.gontor.ac.id/index.php?r=peserta/index" "Mozilla/5.0 (Linux; Android 5.1.1; C5502 Build/10.7.A.0.222) AppleWebKit/537.36 (KHTML, like Gecko) Chrome/66.0.3359.158 Mobile Safari/537.36"
157.185.131.181 - - [16/May/2018:11:30:47 +0700] "GET /index.php?r=peserta/index HTTP/1.1" 200 2161 "-" "Mozilla/5.0 (Linux; U; Android 7.0; en-US; MI 5 Build/NRD90M) AppleWebKit/537.36 (KHTML, like Gecko) Version/4.0 Chrome/57.0.2987.108 UCBrowser/12.2.5.1102 Mobile Safari/537.36"
101.226.227.171 - - [16/May/2018:11:30:47 +0700] "GET /js/dobPicker.id.min.js HTTP/1.1" 200 2573 "http://wisuda.unida.gontor.ac.id/index.php?r=peserta/create" "Mozilla/5.0 (Linux; U; Android 6.0.1; zh-cn; OPPO R9s Build/MMB29M) AppleWebKit/537.36 (KHTML, like Gecko) Version/4.0 Chrome/38.0.0.0 Mobile Safari/537.36 OppoBrowser/4.2.8"
157.185.131.181 - - [16/May/2018:11:30:47 +0700] "GET /css/print.css HTTP/1.1" 200 997 "http://wisuda.unida.gontor.ac.id/index.php?r=peserta/index" "Mozilla/5.0 (Linux; U; Android 7.0; en-US; MI 5 Build/NRD90M) AppleWebKit/537.36 (KHTML, like Gecko) Version/4.0 Chrome/57.0.2987.108 UCBrowser/12.2.5.1102 Mobile Safari/537.36"
157.185.131.181 - - [16/May/2018:11:30:48 +0700] "GET /css/screen.css HTTP/1.1" 200 3153 "http://wisuda.unida.gontor.ac.id/index.php?r=peserta/index" "Mozilla/5.0 (Linux; U; Android 7.0; en-US; MI 5 Build/NRD90M) AppleWebKit/537.36 (KHTML, like Gecko) Version/4.0 Chrome/57.0.2987.108 UCBrowser/12.2.5.1102 Mobile Safari/537.36"
157.185.131.181 - - [16/May/2018:11:30:48 +0700] "GET /images/register.png HTTP/1.1" 200 19541 "http://wisuda.unida.gontor.ac.id/index.php?r=peserta/index" "Mozilla/5.0 (Linux; U; Android 7.0; en-US; MI 5 Build/NRD90M) AppleWebKit/537.36 (KHTML, like Gecko) Version/4.0 Chrome/57.0.2987.108 UCBrowser/12.2.5.1102 Mobile Safari/537.36"
157.185.131.181 - - [16/May/2018:11:30:48 +0700] "GET /css/main.css HTTP/1.1" 200 1222 "http://wisuda.unida.gontor.ac.id/index.php?r=peserta/index" "Mozilla/5.0 (Linux; U; Android 7.0; en-US; MI 5 Build/NRD90M) AppleWebKit/537.36 (KHTML, like Gecko) Version/4.0 Chrome/57.0.2987.108 UCBrowser/12.2.5.1102 Mobile Safari/537.36"
101.226.227.171 - - [16/May/2018:11:30:48 +0700] "GET /assets/f5f9305d/jui/js/jquery-ui.min.js HTTP/1.1" 200 222992 "http://wisuda.unida.gontor.ac.id/index.php?r=peserta/create" "Mozilla/5.0 (Linux; U; Android 4.4.4; zh-CN; HUAWEI ALE-CL00 Build/HuaweiALE-CL00) AppleWebKit/537.36 (KHTML, like Gecko) Version/4.0 Chrome/40.0.2214.89 UCBrowser/11.3.0.907 Mobile Safari/537.36"
157.185.131.181 - - [16/May/2018:11:30:49 +0700] "GET /css/form.css HTTP/1.1" 200 1235 "http://wisuda.unida.gontor.ac.id/index.php?r=peserta/index" "Mozilla/5.0 (Linux; U; Android 7.0; en-US; MI 5 Build/NRD90M) AppleWebKit/537.36 (KHTML, like Gecko) Version/4.0 Chrome/57.0.2987.108 UCBrowser/12.2.5.1102 Mobile Safari/537.36"
157.185.131.181 - - [16/May/2018:11:30:49 +0700] "GET /images/logo_baak.png HTTP/1.1" 200 87483 "http://wisuda.unida.gontor.ac.id/index.php?r=peserta/index" "Mozilla/5.0 (Linux; U; Android 7.0; en-US; MI 5 Build/NRD90M) AppleWebKit/537.36 (KHTML, like Gecko) Version/4.0 Chrome/57.0.2987.108 UCBrowser/12.2.5.1102 Mobile Safari/537.36"
157.185.131.181 - - [16/May/2018:11:30:49 +0700] "GET /ckeditor/ckeditor.js HTTP/1.1" 200 204397 "http://wisuda.unida.gontor.ac.id/index.php?r=peserta/index" "Mozilla/5.0 (Linux; U; Android 7.0; en-US; MI 5 Build/NRD90M) AppleWebKit/537.36 (KHTML, like Gecko) Version/4.0 Chrome/57.0.2987.108 UCBrowser/12.2.5.1102 Mobile Safari/537.36"
167.99.65.246 - - [16/May/2018:11:30:47 +0700] "GET /images/logo_baak.png HTTP/1.1" 200 87482 "http://wisuda.unida.gontor.ac.id/index.php?r=peserta/index" "Mozilla/5.0 (Linux; Android 5.1.1; C5502 Build/10.7.A.0.222) AppleWebKit/537.36 (KHTML, like Gecko) Chrome/66.0.3359.158 Mobile Safari/537.36"
167.99.65.246 - - [16/May/2018:11:31:03 +0700] "GET /images/register.png HTTP/1.1" 200 19540 "http://wisuda.unida.gontor.ac.id/index.php?r=peserta/index" "Mozilla/5.0 (Linux; Android 5.1.1; C5502 Build/10.7.A.0.222) AppleWebKit/537.36 (KHTML, like Gecko) Chrome/66.0.3359.158 Mobile Safari/537.36"
167.99.65.246 - - [16/May/2018:11:31:05 +0700] "GET /css/print.css HTTP/1.1" 200 997 "http://wisuda.unida.gontor.ac.id/index.php?r=peserta/index" "Mozilla/5.0 (Linux; Android 5.1.1; C5502 Build/10.7.A.0.222) AppleWebKit/537.36 (KHTML, like Gecko) Chrome/66.0.3359.158 Mobile Safari/537.36"
114.125.108.14 - - [16/May/2018:11:31:08 +0700] "GET /index.php?r=peserta/index HTTP/1.1" 200 2105 "-" "Mozilla/5.0 (Linux; Android 7.0; vivo 1612 Build/NRD90M) AppleWebKit/537.36 (KHTML, like Gecko) Chrome/38.0.2125.102 Mobile Safari/537.36 VivoBrowser/5.2.2"
114.125.108.14 - - [16/May/2018:11:31:08 +0700] "GET /css/screen.css HTTP/1.1" 200 3097 "http://wisuda.unida.gontor.ac.id/index.php?r=peserta/index" "Mozilla/5.0 (Linux; Android 7.0; vivo 1612 Build/NRD90M) AppleWebKit/537.36 (KHTML, like Gecko) Chrome/38.0.2125.102 Mobile Safari/537.36 VivoBrowser/5.2.2"
114.125.108.191 - - [16/May/2018:11:31:08 +0700] "GET /css/main.css HTTP/1.1" 200 1166 "http://wisuda.unida.gontor.ac.id/index.php?r=peserta/index" "Mozilla/5.0 (Linux; Android 7.0; vivo 1612 Build/NRD90M) AppleWebKit/537.36 (KHTML, like Gecko) Chrome/38.0.2125.102 Mobile Safari/537.36 VivoBrowser/5.2.2"
114.125.109.26 - - [16/May/2018:11:31:08 +0700] "GET /css/form.css HTTP/1.1" 200 1179 "http://wisuda.unida.gontor.ac.id/index.php?r=peserta/index" "Mozilla/5.0 (Linux; Android 7.0; vivo 1612 Build/NRD90M) AppleWebKit/537.36 (KHTML, like Gecko) Chrome/38.0.2125.102 Mobile Safari/537.36 VivoBrowser/5.2.2"
114.125.108.14 - - [16/May/2018:11:31:08 +0700] "GET /css/print.css HTTP/1.1" 200 942 "http://wisuda.unida.gontor.ac.id/index.php?r=peserta/index" "Mozilla/5.0 (Linux; Android 7.0; vivo 1612 Build/NRD90M) AppleWebKit/537.36 (KHTML, like Gecko) Chrome/38.0.2125.102 Mobile Safari/537.36 VivoBrowser/5.2.2"
114.125.108.14 - - [16/May/2018:11:31:08 +0700] "GET /css/bg.gif HTTP/1.1" 200 470 "http://wisuda.unida.gontor.ac.id/css/main.css" "Mozilla/5.0 (Linux; Android 7.0; vivo 1612 Build/NRD90M) AppleWebKit/537.36 (KHTML, like Gecko) Chrome/38.0.2125.102 Mobile Safari/537.36 VivoBrowser/5.2.2"
114.125.108.191 - - [16/May/2018:11:31:08 +0700] "GET /images/register.png HTTP/1.1" 200 19485 "http://wisuda.unida.gontor.ac.id/index.php?r=peserta/index" "Mozilla/5.0 (Linux; Android 7.0; vivo 1612 Build/NRD90M) AppleWebKit/537.36 (KHTML, like Gecko) Chrome/38.0.2125.102 Mobile Safari/537.36 VivoBrowser/5.2.2"
114.125.109.26 - - [16/May/2018:11:31:08 +0700] "GET /images/logo_baak.png HTTP/1.1" 200 87427 "http://wisuda.unida.gontor.ac.id/index.php?r=peserta/index" "Mozilla/5.0 (Linux; Android 7.0; vivo 1612 Build/NRD90M) AppleWebKit/537.36 (KHTML, like Gecko) Chrome/38.0.2125.102 Mobile Safari/537.36 VivoBrowser/5.2.2"
114.125.108.14 - - [16/May/2018:11:31:08 +0700] "GET /ckeditor/ckeditor.js? HTTP/1.1" 200 204341 "http://wisuda.unida.gontor.ac.id/index.php?r=peserta/index" "Mozilla/5.0 (Linux; Android 7.0; vivo 1612 Build/NRD90M) AppleWebKit/537.36 (KHTML, like Gecko) Chrome/38.0.2125.102 Mobile Safari/537.36 VivoBrowser/5.2.2"
114.125.108.14 - - [16/May/2018:11:31:09 +0700] "GET /favicon.ico HTTP/1.1" 404 459 "-" "Mozilla/5.0 (Linux; Android 7.0; vivo 1612 Build/NRD90M) AppleWebKit/537.36 (KHTML, like Gecko) Chrome/38.0.2125.102 Mobile Safari/537.36"
167.99.65.246 - - [16/May/2018:11:30:47 +0700] "GET /ckeditor/ckeditor.js HTTP/1.1" 200 204397 "http://wisuda.unida.gontor.ac.id/index.php?r=peserta/index" "Mozilla/5.0 (Linux; Android 5.1.1; C5502 Build/10.7.A.0.222) AppleWebKit/537.36 (KHTML, like Gecko) Chrome/66.0.3359.158 Mobile Safari/537.36"
167.99.65.246 - - [16/May/2018:11:31:11 +0700] "GET /css/bg.gif HTTP/1.1" 200 525 "http://wisuda.unida.gontor.ac.id/css/main.css" "Mozilla/5.0 (Linux; Android 5.1.1; C5502 Build/10.7.A.0.222) AppleWebKit/537.36 (KHTML, like Gecko) Chrome/66.0.3359.158 Mobile Safari/537.36"
167.99.65.246 - - [16/May/2018:11:31:11 +0700] "GET /favicon.ico HTTP/1.1" 404 514 "http://wisuda.unida.gontor.ac.id/index.php?r=peserta/index" "Mozilla/5.0 (Linux; Android 5.1.1; C5502 Build/10.7.A.0.222) AppleWebKit/537.36 (KHTML, like Gecko) Chrome/66.0.3359.158 Mobile Safari/537.36"
120.188.84.223 - - [16/May/2018:11:31:25 +0700] "GET /index.php?r=peserta/index HTTP/1.1" 200 2161 "-" "Mozilla/5.0 (Linux; Android 4.4.2; HUAWEI Y336-U02 Build/HUAWEIY336-U02) AppleWebKit/537.36 (KHTML, like Gecko) Chrome/66.0.3359.126 Mobile Safari/537.36"
157.185.131.181 - - [16/May/2018:11:31:27 +0700] "GET /css/bg.gif HTTP/1.1" 200 526 "http://wisuda.unida.gontor.ac.id/css/main.css" "Mozilla/5.0 (Linux; U; Android 7.0; en-US; MI 5 Build/NRD90M) AppleWebKit/537.36 (KHTML, like Gecko) Version/4.0 Chrome/57.0.2987.108 UCBrowser/12.2.5.1102 Mobile Safari/537.36"
182.1.66.253 - - [16/May/2018:11:31:28 +0700] "GET /favicon.ico HTTP/1.1" 404 459 "http://wisuda.unida.gontor.ac.id/index.php?r=peserta/index" "Mozilla/5.0 (Linux; U; Android 7.0; en-US; MI 5 Build/NRD90M) AppleWebKit/537.36 (KHTML, like Gecko) Version/4.0 Chrome/57.0.2987.108 UCBrowser/12.2.5.1102 Mobile Safari/537.36"
120.188.84.223 - - [16/May/2018:11:31:32 +0700] "GET /css/main.css HTTP/1.1" 200 1222 "http://wisuda.unida.gontor.ac.id/index.php?r=peserta/index" "Mozilla/5.0 (Linux; Android 4.4.2; HUAWEI Y336-U02 Build/HUAWEIY336-U02) AppleWebKit/537.36 (KHTML, like Gecko) Chrome/66.0.3359.126 Mobile Safari/537.36"
120.188.84.223 - - [16/May/2018:11:31:32 +0700] "GET /css/form.css HTTP/1.1" 200 1235 "http://wisuda.unida.gontor.ac.id/index.php?r=peserta/index" "Mozilla/5.0 (Linux; Android 4.4.2; HUAWEI Y336-U02 Build/HUAWEIY336-U02) AppleWebKit/537.36 (KHTML, like Gecko) Chrome/66.0.3359.126 Mobile Safari/537.36"
120.188.84.223 - - [16/May/2018:11:31:32 +0700] "GET /css/screen.css HTTP/1.1" 200 3153 "http://wisuda.unida.gontor.ac.id/index.php?r=peserta/index" "Mozilla/5.0 (Linux; Android 4.4.2; HUAWEI Y336-U02 Build/HUAWEIY336-U02) AppleWebKit/537.36 (KHTML, like Gecko) Chrome/66.0.3359.126 Mobile Safari/537.36"
120.188.84.223 - - [16/May/2018:11:31:32 +0700] "GET /images/logo_baak.png HTTP/1.1" 200 87482 "http://wisuda.unida.gontor.ac.id/index.php?r=peserta/index" "Mozilla/5.0 (Linux; Android 4.4.2; HUAWEI Y336-U02 Build/HUAWEIY336-U02) AppleWebKit/537.36 (KHTML, like Gecko) Chrome/66.0.3359.126 Mobile Safari/537.36"
8.37.234.83 - - [16/May/2018:11:31:37 +0700] "GET /index.php?r=peserta/index HTTP/1.1" 200 2161 "-" "Mozilla/5.0 (Linux; U; Android 7.0; en-US; ASUS_X008DA Build/NRD90M) AppleWebKit/537.36 (KHTML, like Gecko) Version/4.0 Chrome/57.0.2987.108 UCBrowser/12.5.0.1109 Mobile Safari/537.36"
8.37.234.83 - - [16/May/2018:11:31:37 +0700] "GET /css/screen.css HTTP/1.1" 200 3152 "http://wisuda.unida.gontor.ac.id/index.php?r=peserta/index" "Mozilla/5.0 (Linux; U; Android 7.0; en-US; ASUS_X008DA Build/NRD90M) AppleWebKit/537.36 (KHTML, like Gecko) Version/4.0 Chrome/57.0.2987.108 UCBrowser/12.5.0.1109 Mobile Safari/537.36"
8.37.234.83 - - [16/May/2018:11:31:37 +0700] "GET /css/print.css HTTP/1.1" 200 998 "http://wisuda.unida.gontor.ac.id/index.php?r=peserta/index" "Mozilla/5.0 (Linux; U; Android 7.0; en-US; ASUS_X008DA Build/NRD90M) AppleWebKit/537.36 (KHTML, like Gecko) Version/4.0 Chrome/57.0.2987.108 UCBrowser/12.5.0.1109 Mobile Safari/537.36"
8.37.234.83 - - [16/May/2018:11:31:37 +0700] "GET /images/logo_baak.png HTTP/1.1" 200 87483 "http://wisuda.unida.gontor.ac.id/index.php?r=peserta/index" "Mozilla/5.0 (Linux; U; Android 7.0; en-US; ASUS_X008DA Build/NRD90M) AppleWebKit/537.36 (KHTML, like Gecko) Version/4.0 Chrome/57.0.2987.108 UCBrowser/12.5.0.1109 Mobile Safari/537.36"
8.37.234.83 - - [16/May/2018:11:31:38 +0700] "GET /images/register.png HTTP/1.1" 200 19541 "http://wisuda.unida.gontor.ac.id/index.php?r=peserta/index" "Mozilla/5.0 (Linux; U; Android 7.0; en-US; ASUS_X008DA Build/NRD90M) AppleWebKit/537.36 (KHTML, like Gecko) Version/4.0 Chrome/57.0.2987.108 UCBrowser/12.5.0.1109 Mobile Safari/537.36"
8.37.234.83 - - [16/May/2018:11:31:39 +0700] "GET /css/form.css HTTP/1.1" 200 1235 "http://wisuda.unida.gontor.ac.id/index.php?r=peserta/index" "Mozilla/5.0 (Linux; U; Android 7.0; en-US; ASUS_X008DA Build/NRD90M) AppleWebKit/537.36 (KHTML, like Gecko) Version/4.0 Chrome/57.0.2987.108 UCBrowser/12.5.0.1109 Mobile Safari/537.36"
8.37.234.83 - - [16/May/2018:11:31:39 +0700] "GET /css/main.css HTTP/1.1" 200 1222 "http://wisuda.unida.gontor.ac.id/index.php?r=peserta/index" "Mozilla/5.0 (Linux; U; Android 7.0; en-US; ASUS_X008DA Build/NRD90M) AppleWebKit/537.36 (KHTML, like Gecko) Version/4.0 Chrome/57.0.2987.108 UCBrowser/12.5.0.1109 Mobile Safari/537.36"
8.37.234.83 - - [16/May/2018:11:31:39 +0700] "GET /ckeditor/ckeditor.js HTTP/1.1" 200 204397 "http://wisuda.unida.gontor.ac.id/index.php?r=peserta/index" "Mozilla/5.0 (Linux; U; Android 7.0; en-US; ASUS_X008DA Build/NRD90M) AppleWebKit/537.36 (KHTML, like Gecko) Version/4.0 Chrome/57.0.2987.108 UCBrowser/12.5.0.1109 Mobile Safari/537.36"
36.74.100.252 - - [16/May/2018:11:31:41 +0700] "GET /index.php?r=peserta/index HTTP/1.1" 200 2161 "-" "Mozilla/5.0 (Linux; Android 4.4.2; HUAWEI Y336-U02 Build/HUAWEIY336-U02) AppleWebKit/537.36 (KHTML, like Gecko) Chrome/66.0.3359.158 Mobile Safari/537.36"
64.233.173.144 - - [16/May/2018:11:31:42 +0700] "GET /index.php?r=peserta/index HTTP/1.1" 200 2161 "-" "Mozilla/5.0 (Linux; Android 6.0.1; SM-G610F Build/MMB29K) AppleWebKit/537.36 (KHTML, like Gecko) Chrome/66.0.3359.126 Mobile Safari/537.36"
36.74.100.252 - - [16/May/2018:11:31:42 +0700] "GET /css/screen.css HTTP/1.1" 200 3152 "http://wisuda.unida.gontor.ac.id/index.php?r=peserta/index" "Mozilla/5.0 (Linux; Android 4.4.2; HUAWEI Y336-U02 Build/HUAWEIY336-U02) AppleWebKit/537.36 (KHTML, like Gecko) Chrome/66.0.3359.158 Mobile Safari/537.36"
36.74.100.252 - - [16/May/2018:11:31:42 +0700] "GET /css/main.css HTTP/1.1" 200 1222 "http://wisuda.unida.gontor.ac.id/index.php?r=peserta/index" "Mozilla/5.0 (Linux; Android 4.4.2; HUAWEI Y336-U02 Build/HUAWEIY336-U02) AppleWebKit/537.36 (KHTML, like Gecko) Chrome/66.0.3359.158 Mobile Safari/537.36"
64.233.173.144 - - [16/May/2018:11:31:42 +0700] "GET /css/form.css HTTP/1.1" 200 1234 "http://wisuda.unida.gontor.ac.id/index.php?r=peserta/index" "Mozilla/5.0 (Linux; Android 6.0.1; SM-G610F Build/MMB29K) AppleWebKit/537.36 (KHTML, like Gecko) Chrome/66.0.3359.126 Mobile Safari/537.36"
36.74.100.252 - - [16/May/2018:11:31:42 +0700] "GET /css/form.css HTTP/1.1" 200 1235 "http://wisuda.unida.gontor.ac.id/index.php?r=peserta/index" "Mozilla/5.0 (Linux; Android 4.4.2; HUAWEI Y336-U02 Build/HUAWEIY336-U02) AppleWebKit/537.36 (KHTML, like Gecko) Chrome/66.0.3359.158 Mobile Safari/537.36"
64.233.173.143 - - [16/May/2018:11:31:43 +0700] "GET /css/screen.css HTTP/1.1" 200 3153 "http://wisuda.unida.gontor.ac.id/index.php?r=peserta/index" "Mozilla/5.0 (Linux; Android 6.0.1; SM-G610F Build/MMB29K) AppleWebKit/537.36 (KHTML, like Gecko) Chrome/66.0.3359.126 Mobile Safari/537.36"
64.233.173.143 - - [16/May/2018:11:31:43 +0700] "GET /css/main.css HTTP/1.1" 200 1222 "http://wisuda.unida.gontor.ac.id/index.php?r=peserta/index" "Mozilla/5.0 (Linux; Android 6.0.1; SM-G610F Build/MMB29K) AppleWebKit/537.36 (KHTML, like Gecko) Chrome/66.0.3359.126 Mobile Safari/537.36"
64.233.173.143 - - [16/May/2018:11:31:43 +0700] "GET /ckeditor/ckeditor.js HTTP/1.1" 200 204397 "http://wisuda.unida.gontor.ac.id/index.php?r=peserta/index" "Mozilla/5.0 (Linux; Android 6.0.1; SM-G610F Build/MMB29K) AppleWebKit/537.36 (KHTML, like Gecko) Chrome/66.0.3359.126 Mobile Safari/537.36"
64.233.173.142 - - [16/May/2018:11:31:43 +0700] "GET /images/logo_baak.png HTTP/1.1" 200 87483 "http://wisuda.unida.gontor.ac.id/index.php?r=peserta/index" "Mozilla/5.0 (Linux; Android 6.0.1; SM-G610F Build/MMB29K) AppleWebKit/537.36 (KHTML, like Gecko) Chrome/66.0.3359.126 Mobile Safari/537.36"
64.233.173.143 - - [16/May/2018:11:31:44 +0700] "GET /css/print.css HTTP/1.1" 200 998 "http://wisuda.unida.gontor.ac.id/index.php?r=peserta/index" "Mozilla/5.0 (Linux; Android 6.0.1; SM-G610F Build/MMB29K) AppleWebKit/537.36 (KHTML, like Gecko) Chrome/66.0.3359.126 Mobile Safari/537.36"
64.233.173.143 - - [16/May/2018:11:31:44 +0700] "GET /images/register.png HTTP/1.1" 200 19541 "http://wisuda.unida.gontor.ac.id/index.php?r=peserta/index" "Mozilla/5.0 (Linux; Android 6.0.1; SM-G610F Build/MMB29K) AppleWebKit/537.36 (KHTML, like Gecko) Chrome/66.0.3359.126 Mobile Safari/537.36"
64.233.173.144 - - [16/May/2018:11:31:44 +0700] "GET /css/bg.gif HTTP/1.1" 200 525 "http://wisuda.unida.gontor.ac.id/css/main.css" "Mozilla/5.0 (Linux; Android 6.0.1; SM-G610F Build/MMB29K) AppleWebKit/537.36 (KHTML, like Gecko) Chrome/66.0.3359.126 Mobile Safari/537.36"
64.233.173.144 - - [16/May/2018:11:31:44 +0700] "GET /favicon.ico HTTP/1.1" 404 514 "http://wisuda.unida.gontor.ac.id/index.php?r=peserta/index" "Mozilla/5.0 (Linux; Android 6.0.1; SM-G610F Build/MMB29K) AppleWebKit/537.36 (KHTML, like Gecko) Chrome/66.0.3359.126 Mobile Safari/537.36"
36.74.100.252 - - [16/May/2018:11:31:46 +0700] "GET /images/logo_baak.png HTTP/1.1" 200 87482 "http://wisuda.unida.gontor.ac.id/index.php?r=peserta/index" "Mozilla/5.0 (Linux; Android 4.4.2; HUAWEI Y336-U02 Build/HUAWEIY336-U02) AppleWebKit/537.36 (KHTML, like Gecko) Chrome/66.0.3359.158 Mobile Safari/537.36"
36.74.100.252 - - [16/May/2018:11:31:47 +0700] "GET /images/register.png HTTP/1.1" 200 19540 "http://wisuda.unida.gontor.ac.id/index.php?r=peserta/index" "Mozilla/5.0 (Linux; Android 4.4.2; HUAWEI Y336-U02 Build/HUAWEIY336-U02) AppleWebKit/537.36 (KHTML, like Gecko) Chrome/66.0.3359.158 Mobile Safari/537.36"
36.74.100.252 - - [16/May/2018:11:31:48 +0700] "GET /css/print.css HTTP/1.1" 200 997 "http://wisuda.unida.gontor.ac.id/index.php?r=peserta/index" "Mozilla/5.0 (Linux; Android 4.4.2; HUAWEI Y336-U02 Build/HUAWEIY336-U02) AppleWebKit/537.36 (KHTML, like Gecko) Chrome/66.0.3359.158 Mobile Safari/537.36"
36.74.100.252 - - [16/May/2018:11:31:42 +0700] "GET /ckeditor/ckeditor.js HTTP/1.1" 200 204396 "http://wisuda.unida.gontor.ac.id/index.php?r=peserta/index" "Mozilla/5.0 (Linux; Android 4.4.2; HUAWEI Y336-U02 Build/HUAWEIY336-U02) AppleWebKit/537.36 (KHTML, like Gecko) Chrome/66.0.3359.158 Mobile Safari/537.36"
36.74.100.252 - - [16/May/2018:11:31:49 +0700] "GET /css/bg.gif HTTP/1.1" 200 525 "http://wisuda.unida.gontor.ac.id/css/main.css" "Mozilla/5.0 (Linux; Android 4.4.2; HUAWEI Y336-U02 Build/HUAWEIY336-U02) AppleWebKit/537.36 (KHTML, like Gecko) Chrome/66.0.3359.158 Mobile Safari/537.36"
36.74.100.252 - - [16/May/2018:11:31:49 +0700] "GET /favicon.ico HTTP/1.1" 404 514 "http://wisuda.unida.gontor.ac.id/index.php?r=peserta/index" "Mozilla/5.0 (Linux; Android 4.4.2; HUAWEI Y336-U02 Build/HUAWEIY336-U02) AppleWebKit/537.36 (KHTML, like Gecko) Chrome/66.0.3359.158 Mobile Safari/537.36"
120.188.84.223 - - [16/May/2018:11:31:32 +0700] "GET /ckeditor/ckeditor.js HTTP/1.1" 200 204396 "http://wisuda.unida.gontor.ac.id/index.php?r=peserta/index" "Mozilla/5.0 (Linux; Android 4.4.2; HUAWEI Y336-U02 Build/HUAWEIY336-U02) AppleWebKit/537.36 (KHTML, like Gecko) Chrome/66.0.3359.126 Mobile Safari/537.36"
120.188.84.223 - - [16/May/2018:11:31:52 +0700] "GET /images/register.png HTTP/1.1" 200 19541 "http://wisuda.unida.gontor.ac.id/index.php?r=peserta/index" "Mozilla/5.0 (Linux; Android 4.4.2; HUAWEI Y336-U02 Build/HUAWEIY336-U02) AppleWebKit/537.36 (KHTML, like Gecko) Chrome/66.0.3359.126 Mobile Safari/537.36"
120.188.84.223 - - [16/May/2018:11:31:53 +0700] "GET /css/print.css HTTP/1.1" 200 997 "http://wisuda.unida.gontor.ac.id/index.php?r=peserta/index" "Mozilla/5.0 (Linux; Android 4.4.2; HUAWEI Y336-U02 Build/HUAWEIY336-U02) AppleWebKit/537.36 (KHTML, like Gecko) Chrome/66.0.3359.126 Mobile Safari/537.36"
120.188.84.223 - - [16/May/2018:11:31:54 +0700] "GET /css/bg.gif HTTP/1.1" 200 525 "http://wisuda.unida.gontor.ac.id/css/main.css" "Mozilla/5.0 (Linux; Android 4.4.2; HUAWEI Y336-U02 Build/HUAWEIY336-U02) AppleWebKit/537.36 (KHTML, like Gecko) Chrome/66.0.3359.126 Mobile Safari/537.36"
64.233.173.144 - - [16/May/2018:11:31:55 +0700] "GET /index.php?r=peserta/index HTTP/1.1" 200 2161 "-" "Mozilla/5.0 (Linux; Android 6.0; CAM-L21 Build/HUAWEICAM-L21) AppleWebKit/537.36 (KHTML, like Gecko) Chrome/65.0.3325.109 Mobile Safari/537.36"
64.233.173.143 - - [16/May/2018:11:31:55 +0700] "GET /css/screen.css HTTP/1.1" 200 3153 "http://wisuda.unida.gontor.ac.id/index.php?r=peserta/index" "Mozilla/5.0 (Linux; Android 6.0; CAM-L21 Build/HUAWEICAM-L21) AppleWebKit/537.36 (KHTML, like Gecko) Chrome/65.0.3325.109 Mobile Safari/537.36"
64.233.173.143 - - [16/May/2018:11:31:55 +0700] "GET /css/main.css HTTP/1.1" 200 1222 "http://wisuda.unida.gontor.ac.id/index.php?r=peserta/index" "Mozilla/5.0 (Linux; Android 6.0; CAM-L21 Build/HUAWEICAM-L21) AppleWebKit/537.36 (KHTML, like Gecko) Chrome/65.0.3325.109 Mobile Safari/537.36"
64.233.173.142 - - [16/May/2018:11:31:55 +0700] "GET /css/form.css HTTP/1.1" 200 1235 "http://wisuda.unida.gontor.ac.id/index.php?r=peserta/index" "Mozilla/5.0 (Linux; Android 6.0; CAM-L21 Build/HUAWEICAM-L21) AppleWebKit/537.36 (KHTML, like Gecko) Chrome/65.0.3325.109 Mobile Safari/537.36"
64.233.173.142 - - [16/May/2018:11:31:55 +0700] "GET /ckeditor/ckeditor.js HTTP/1.1" 200 204397 "http://wisuda.unida.gontor.ac.id/index.php?r=peserta/index" "Mozilla/5.0 (Linux; Android 6.0; CAM-L21 Build/HUAWEICAM-L21) AppleWebKit/537.36 (KHTML, like Gecko) Chrome/65.0.3325.109 Mobile Safari/537.36"
120.188.84.223 - - [16/May/2018:11:31:56 +0700] "GET /favicon.ico HTTP/1.1" 404 514 "http://wisuda.unida.gontor.ac.id/index.php?r=peserta/index" "Mozilla/5.0 (Linux; Android 4.4.2; HUAWEI Y336-U02 Build/HUAWEIY336-U02) AppleWebKit/537.36 (KHTML, like Gecko) Chrome/66.0.3359.126 Mobile Safari/537.36"
36.74.100.252 - - [16/May/2018:11:31:57 +0700] "GET /index.php?r=peserta/create HTTP/1.1" 200 4986 "http://wisuda.unida.gontor.ac.id/index.php?r=peserta/index" "Mozilla/5.0 (Linux; Android 4.4.2; HUAWEI Y336-U02 Build/HUAWEIY336-U02) AppleWebKit/537.36 (KHTML, like Gecko) Chrome/66.0.3359.158 Mobile Safari/537.36"
64.233.173.142 - - [16/May/2018:11:31:57 +0700] "GET /index.php?r=peserta/index HTTP/1.1" 200 2160 "-" "Mozilla/5.0 (Linux; Android 6.0.1; SM-G532G Build/MMB29T) AppleWebKit/537.36 (KHTML, like Gecko) Chrome/55.0.2883.91 Mobile Safari/537.36"
36.74.100.252 - - [16/May/2018:11:31:58 +0700] "GET /assets/7db98611/fileuploader.css HTTP/1.1" 200 849 "http://wisuda.unida.gontor.ac.id/index.php?r=peserta/create" "Mozilla/5.0 (Linux; Android 4.4.2; HUAWEI Y336-U02 Build/HUAWEIY336-U02) AppleWebKit/537.36 (KHTML, like Gecko) Chrome/66.0.3359.158 Mobile Safari/537.36"
36.74.100.252 - - [16/May/2018:11:31:58 +0700] "GET /assets/f5f9305d/jui/css/base/jquery-ui.css HTTP/1.1" 200 7706 "http://wisuda.unida.gontor.ac.id/index.php?r=peserta/create" "Mozilla/5.0 (Linux; Android 4.4.2; HUAWEI Y336-U02 Build/HUAWEIY336-U02) AppleWebKit/537.36 (KHTML, like Gecko) Chrome/66.0.3359.158 Mobile Safari/537.36"
36.74.100.252 - - [16/May/2018:11:31:58 +0700] "GET /assets/7db98611/fileuploader.js HTTP/1.1" 200 9616 "http://wisuda.unida.gontor.ac.id/index.php?r=peserta/create" "Mozilla/5.0 (Linux; Android 4.4.2; HUAWEI Y336-U02 Build/HUAWEIY336-U02) AppleWebKit/537.36 (KHTML, like Gecko) Chrome/66.0.3359.158 Mobile Safari/537.36"
64.233.173.143 - - [16/May/2018:11:31:58 +0700] "GET /css/screen.css HTTP/1.1" 200 3152 "http://wisuda.unida.gontor.ac.id/index.php?r=peserta/index" "Mozilla/5.0 (Linux; Android 6.0.1; SM-G532G Build/MMB29T) AppleWebKit/537.36 (KHTML, like Gecko) Chrome/55.0.2883.91 Mobile Safari/537.36"
64.233.173.143 - - [16/May/2018:11:31:58 +0700] "GET /css/main.css HTTP/1.1" 200 1221 "http://wisuda.unida.gontor.ac.id/index.php?r=peserta/index" "Mozilla/5.0 (Linux; Android 6.0.1; SM-G532G Build/MMB29T) AppleWebKit/537.36 (KHTML, like Gecko) Chrome/55.0.2883.91 Mobile Safari/537.36"
64.233.173.144 - - [16/May/2018:11:31:58 +0700] "GET /images/register.png HTTP/1.1" 200 19540 "http://wisuda.unida.gontor.ac.id/index.php?r=peserta/index" "Mozilla/5.0 (Linux; Android 6.0.1; SM-G532G Build/MMB29T) AppleWebKit/537.36 (KHTML, like Gecko) Chrome/55.0.2883.91 Mobile Safari/537.36"
64.233.173.143 - - [16/May/2018:11:31:58 +0700] "GET /images/logo_baak.png HTTP/1.1" 200 87482 "http://wisuda.unida.gontor.ac.id/index.php?r=peserta/index" "Mozilla/5.0 (Linux; Android 6.0.1; SM-G532G Build/MMB29T) AppleWebKit/537.36 (KHTML, like Gecko) Chrome/55.0.2883.91 Mobile Safari/537.36"
64.233.173.143 - - [16/May/2018:11:31:58 +0700] "GET /css/print.css HTTP/1.1" 200 997 "http://wisuda.unida.gontor.ac.id/index.php?r=peserta/index" "Mozilla/5.0 (Linux; Android 6.0.1; SM-G532G Build/MMB29T) AppleWebKit/537.36 (KHTML, like Gecko) Chrome/55.0.2883.91 Mobile Safari/537.36"
64.233.173.142 - - [16/May/2018:11:31:58 +0700] "GET /ckeditor/ckeditor.js HTTP/1.1" 200 204396 "http://wisuda.unida.gontor.ac.id/index.php?r=peserta/index" "Mozilla/5.0 (Linux; Android 6.0.1; SM-G532G Build/MMB29T) AppleWebKit/537.36 (KHTML, like Gecko) Chrome/55.0.2883.91 Mobile Safari/537.36"
36.74.100.252 - - [16/May/2018:11:31:58 +0700] "GET /assets/f5f9305d/jquery.js HTTP/1.1" 200 84663 "http://wisuda.unida.gontor.ac.id/index.php?r=peserta/create" "Mozilla/5.0 (Linux; Android 4.4.2; HUAWEI Y336-U02 Build/HUAWEIY336-U02) AppleWebKit/537.36 (KHTML, like Gecko) Chrome/66.0.3359.158 Mobile Safari/537.36"
64.233.173.143 - - [16/May/2018:11:31:59 +0700] "GET /css/form.css HTTP/1.1" 200 1235 "http://wisuda.unida.gontor.ac.id/index.php?r=peserta/index" "Mozilla/5.0 (Linux; Android 6.0.1; SM-G532G Build/MMB29T) AppleWebKit/537.36 (KHTML, like Gecko) Chrome/55.0.2883.91 Mobile Safari/537.36"
64.233.173.142 - - [16/May/2018:11:31:59 +0700] "GET /index.php?r=peserta/index HTTP/1.1" 200 2102 "-" "Mozilla/5.0 (Linux; Android 6.0.1; SM-G610F Build/MMB29K) AppleWebKit/537.36 (KHTML, like Gecko) Chrome/66.0.3359.126 Mobile Safari/537.36"
64.233.173.142 - - [16/May/2018:11:31:59 +0700] "GET /css/bg.gif HTTP/1.1" 200 525 "http://wisuda.unida.gontor.ac.id/css/main.css" "Mozilla/5.0 (Linux; Android 6.0.1; SM-G532G Build/MMB29T) AppleWebKit/537.36 (KHTML, like Gecko) Chrome/55.0.2883.91 Mobile Safari/537.36"
64.233.173.143 - - [16/May/2018:11:31:59 +0700] "GET /favicon.ico HTTP/1.1" 404 514 "http://wisuda.unida.gontor.ac.id/index.php?r=peserta/index" "Mozilla/5.0 (Linux; Android 6.0.1; SM-G532G Build/MMB29T) AppleWebKit/537.36 (KHTML, like Gecko) Chrome/55.0.2883.91 Mobile Safari/537.36"
64.233.173.144 - - [16/May/2018:11:32:00 +0700] "GET /css/print.css HTTP/1.1" 200 997 "http://wisuda.unida.gontor.ac.id/index.php?r=peserta/index" "Mozilla/5.0 (Linux; Android 6.0; CAM-L21 Build/HUAWEICAM-L21) AppleWebKit/537.36 (KHTML, like Gecko) Chrome/65.0.3325.109 Mobile Safari/537.36"
64.233.173.143 - - [16/May/2018:11:32:00 +0700] "GET /images/register.png HTTP/1.1" 200 19540 "http://wisuda.unida.gontor.ac.id/index.php?r=peserta/index" "Mozilla/5.0 (Linux; Android 6.0; CAM-L21 Build/HUAWEICAM-L21) AppleWebKit/537.36 (KHTML, like Gecko) Chrome/65.0.3325.109 Mobile Safari/537.36"
64.233.173.143 - - [16/May/2018:11:32:00 +0700] "GET /images/logo_baak.png HTTP/1.1" 200 87482 "http://wisuda.unida.gontor.ac.id/index.php?r=peserta/index" "Mozilla/5.0 (Linux; Android 6.0; CAM-L21 Build/HUAWEICAM-L21) AppleWebKit/537.36 (KHTML, like Gecko) Chrome/65.0.3325.109 Mobile Safari/537.36"
64.233.173.144 - - [16/May/2018:11:32:00 +0700] "GET /css/bg.gif HTTP/1.1" 200 525 "http://wisuda.unida.gontor.ac.id/css/main.css" "Mozilla/5.0 (Linux; Android 6.0; CAM-L21 Build/HUAWEICAM-L21) AppleWebKit/537.36 (KHTML, like Gecko) Chrome/65.0.3325.109 Mobile Safari/537.36"
36.78.140.5 - - [16/May/2018:11:32:01 +0700] "GET /index.php?r=peserta/index HTTP/1.1" 200 2161 "-" "WhatsApp/2.18.142 A"
64.233.173.143 - - [16/May/2018:11:32:01 +0700] "GET /favicon.ico HTTP/1.1" 404 514 "http://wisuda.unida.gontor.ac.id/index.php?r=peserta/index" "Mozilla/5.0 (Linux; Android 6.0; CAM-L21 Build/HUAWEICAM-L21) AppleWebKit/537.36 (KHTML, like Gecko) Chrome/65.0.3325.109 Mobile Safari/537.36"
182.1.82.0 - - [16/May/2018:11:32:02 +0700] "GET /index.php?r=peserta/index HTTP/1.1" 200 2105 "-" "Mozilla/5.0 (Linux; Android 7.0; SM-A520F Build/NRD90M) AppleWebKit/537.36 (KHTML, like Gecko) Chrome/66.0.3359.126 Mobile Safari/537.36"
182.1.82.0 - - [16/May/2018:11:32:03 +0700] "GET /css/screen.css HTTP/1.1" 200 3097 "http://wisuda.unida.gontor.ac.id/index.php?r=peserta/index" "Mozilla/5.0 (Linux; Android 7.0; SM-A520F Build/NRD90M) AppleWebKit/537.36 (KHTML, like Gecko) Chrome/66.0.3359.126 Mobile Safari/537.36"
182.1.82.0 - - [16/May/2018:11:32:03 +0700] "GET /css/form.css HTTP/1.1" 200 1179 "http://wisuda.unida.gontor.ac.id/index.php?r=peserta/index" "Mozilla/5.0 (Linux; Android 7.0; SM-A520F Build/NRD90M) AppleWebKit/537.36 (KHTML, like Gecko) Chrome/66.0.3359.126 Mobile Safari/537.36"
182.1.83.1 - - [16/May/2018:11:32:03 +0700] "GET /css/main.css HTTP/1.1" 200 1166 "http://wisuda.unida.gontor.ac.id/index.php?r=peserta/index" "Mozilla/5.0 (Linux; Android 7.0; SM-A520F Build/NRD90M) AppleWebKit/537.36 (KHTML, like Gecko) Chrome/66.0.3359.126 Mobile Safari/537.36"
182.1.82.0 - - [16/May/2018:11:32:03 +0700] "GET /ckeditor/ckeditor.js HTTP/1.1" 200 204341 "http://wisuda.unida.gontor.ac.id/index.php?r=peserta/index" "Mozilla/5.0 (Linux; Android 7.0; SM-A520F Build/NRD90M) AppleWebKit/537.36 (KHTML, like Gecko) Chrome/66.0.3359.126 Mobile Safari/537.36"
182.1.83.1 - - [16/May/2018:11:32:03 +0700] "GET /images/logo_baak.png HTTP/1.1" 200 87427 "http://wisuda.unida.gontor.ac.id/index.php?r=peserta/index" "Mozilla/5.0 (Linux; Android 7.0; SM-A520F Build/NRD90M) AppleWebKit/537.36 (KHTML, like Gecko) Chrome/66.0.3359.126 Mobile Safari/537.36"
182.1.83.1 - - [16/May/2018:11:32:03 +0700] "GET /images/register.png HTTP/1.1" 200 19485 "http://wisuda.unida.gontor.ac.id/index.php?r=peserta/index" "Mozilla/5.0 (Linux; Android 7.0; SM-A520F Build/NRD90M) AppleWebKit/537.36 (KHTML, like Gecko) Chrome/66.0.3359.126 Mobile Safari/537.36"
182.1.83.1 - - [16/May/2018:11:32:03 +0700] "GET /css/print.css HTTP/1.1" 200 942 "http://wisuda.unida.gontor.ac.id/index.php?r=peserta/index" "Mozilla/5.0 (Linux; Android 7.0; SM-A520F Build/NRD90M) AppleWebKit/537.36 (KHTML, like Gecko) Chrome/66.0.3359.126 Mobile Safari/537.36"
182.1.83.1 - - [16/May/2018:11:32:03 +0700] "GET /css/bg.gif HTTP/1.1" 200 470 "http://wisuda.unida.gontor.ac.id/css/main.css" "Mozilla/5.0 (Linux; Android 7.0; SM-A520F Build/NRD90M) AppleWebKit/537.36 (KHTML, like Gecko) Chrome/66.0.3359.126 Mobile Safari/537.36"
182.1.83.1 - - [16/May/2018:11:32:04 +0700] "GET /favicon.ico HTTP/1.1" 404 459 "http://wisuda.unida.gontor.ac.id/index.php?r=peserta/index" "Mozilla/5.0 (Linux; Android 7.0; SM-A520F Build/NRD90M) AppleWebKit/537.36 (KHTML, like Gecko) Chrome/66.0.3359.126 Mobile Safari/537.36"
64.233.173.142 - - [16/May/2018:11:32:07 +0700] "GET /index.php?r=peserta/index HTTP/1.1" 200 2161 "-" "Mozilla/5.0 (Linux; Android 6.0.1; D6603 Build/23.5.A.1.291) AppleWebKit/537.36 (KHTML, like Gecko) Chrome/66.0.3359.158 Mobile Safari/537.36"
64.233.173.142 - - [16/May/2018:11:32:08 +0700] "GET /images/register.png HTTP/1.1" 200 19541 "http://wisuda.unida.gontor.ac.id/index.php?r=peserta/index" "Mozilla/5.0 (Linux; Android 6.0.1; D6603 Build/23.5.A.1.291) AppleWebKit/537.36 (KHTML, like Gecko) Chrome/66.0.3359.158 Mobile Safari/537.36"
64.233.173.142 - - [16/May/2018:11:32:08 +0700] "GET /ckeditor/ckeditor.js HTTP/1.1" 200 204396 "http://wisuda.unida.gontor.ac.id/index.php?r=peserta/index" "Mozilla/5.0 (Linux; Android 6.0.1; D6603 Build/23.5.A.1.291) AppleWebKit/537.36 (KHTML, like Gecko) Chrome/66.0.3359.158 Mobile Safari/537.36"
182.1.82.111 - - [16/May/2018:11:32:15 +0700] "GET /index.php?r=peserta/index HTTP/1.1" 200 2105 "-" "Mozilla/5.0 (Linux; Android 5.1.1; Redmi 3 Build/LMY47V) AppleWebKit/537.36 (KHTML, like Gecko) Chrome/66.0.3359.158 Mobile Safari/537.36"
64.233.173.144 - - [16/May/2018:11:32:15 +0700] "GET /favicon.ico HTTP/1.1" 404 515 "http://wisuda.unida.gontor.ac.id/index.php?r=peserta/index" "Mozilla/5.0 (Linux; Android 6.0.1; D6603 Build/23.5.A.1.291) AppleWebKit/537.36 (KHTML, like Gecko) Chrome/66.0.3359.158 Mobile Safari/537.36"
182.1.82.111 - - [16/May/2018:11:32:16 +0700] "GET /css/screen.css HTTP/1.1" 200 3097 "http://wisuda.unida.gontor.ac.id/index.php?r=peserta/index" "Mozilla/5.0 (Linux; Android 5.1.1; Redmi 3 Build/LMY47V) AppleWebKit/537.36 (KHTML, like Gecko) Chrome/66.0.3359.158 Mobile Safari/537.36"
182.1.83.155 - - [16/May/2018:11:32:16 +0700] "GET /css/main.css HTTP/1.1" 200 1166 "http://wisuda.unida.gontor.ac.id/index.php?r=peserta/index" "Mozilla/5.0 (Linux; Android 5.1.1; Redmi 3 Build/LMY47V) AppleWebKit/537.36 (KHTML, like Gecko) Chrome/66.0.3359.158 Mobile Safari/537.36"
182.1.81.146 - - [16/May/2018:11:32:16 +0700] "GET /css/form.css HTTP/1.1" 200 1179 "http://wisuda.unida.gontor.ac.id/index.php?r=peserta/index" "Mozilla/5.0 (Linux; Android 5.1.1; Redmi 3 Build/LMY47V) AppleWebKit/537.36 (KHTML, like Gecko) Chrome/66.0.3359.158 Mobile Safari/537.36"
182.1.65.168 - - [16/May/2018:11:32:16 +0700] "GET /ckeditor/ckeditor.js HTTP/1.1" 200 204341 "http://wisuda.unida.gontor.ac.id/index.php?r=peserta/index" "Mozilla/5.0 (Linux; Android 5.1.1; Redmi 3 Build/LMY47V) AppleWebKit/537.36 (KHTML, like Gecko) Chrome/66.0.3359.158 Mobile Safari/537.36"
182.1.81.146 - - [16/May/2018:11:32:18 +0700] "GET /images/logo_baak.png HTTP/1.1" 200 87427 "http://wisuda.unida.gontor.ac.id/index.php?r=peserta/index" "Mozilla/5.0 (Linux; Android 5.1.1; Redmi 3 Build/LMY47V) AppleWebKit/537.36 (KHTML, like Gecko) Chrome/66.0.3359.158 Mobile Safari/537.36"
182.1.81.146 - - [16/May/2018:11:32:21 +0700] "GET /images/register.png HTTP/1.1" 200 19485 "http://wisuda.unida.gontor.ac.id/index.php?r=peserta/index" "Mozilla/5.0 (Linux; Android 5.1.1; Redmi 3 Build/LMY47V) AppleWebKit/537.36 (KHTML, like Gecko) Chrome/66.0.3359.158 Mobile Safari/537.36"
182.1.81.146 - - [16/May/2018:11:32:22 +0700] "GET /css/print.css HTTP/1.1" 200 942 "http://wisuda.unida.gontor.ac.id/index.php?r=peserta/index" "Mozilla/5.0 (Linux; Android 5.1.1; Redmi 3 Build/LMY47V) AppleWebKit/537.36 (KHTML, like Gecko) Chrome/66.0.3359.158 Mobile Safari/537.36"
182.1.65.168 - - [16/May/2018:11:32:22 +0700] "GET /css/bg.gif HTTP/1.1" 200 470 "http://wisuda.unida.gontor.ac.id/css/main.css" "Mozilla/5.0 (Linux; Android 5.1.1; Redmi 3 Build/LMY47V) AppleWebKit/537.36 (KHTML, like Gecko) Chrome/66.0.3359.158 Mobile Safari/537.36"
114.125.86.48 - - [16/May/2018:11:32:23 +0700] "GET /index.php?r=peserta/index HTTP/1.1" 200 2105 "-" "Mozilla/5.0 (Linux; U; Android 7.1.2; en-us; Redmi 4X Build/N2G47H) AppleWebKit/537.36 (KHTML, like Gecko) Version/4.0 Chrome/53.0.2785.146 Mobile Safari/537.36 XiaoMi/MiuiBrowser/9.5.6"
182.1.65.168 - - [16/May/2018:11:32:23 +0700] "GET /favicon.ico HTTP/1.1" 404 459 "http://wisuda.unida.gontor.ac.id/index.php?r=peserta/index" "Mozilla/5.0 (Linux; Android 5.1.1; Redmi 3 Build/LMY47V) AppleWebKit/537.36 (KHTML, like Gecko) Chrome/66.0.3359.158 Mobile Safari/537.36"
114.125.86.48 - - [16/May/2018:11:32:23 +0700] "GET /css/screen.css HTTP/1.1" 200 3097 "http://wisuda.unida.gontor.ac.id/index.php?r=peserta/index" "Mozilla/5.0 (Linux; U; Android 7.1.2; en-us; Redmi 4X Build/N2G47H) AppleWebKit/537.36 (KHTML, like Gecko) Version/4.0 Chrome/53.0.2785.146 Mobile Safari/537.36 XiaoMi/MiuiBrowser/9.5.6"
64.233.173.142 - - [16/May/2018:11:32:23 +0700] "GET /index.php?r=peserta/create HTTP/1.1" 200 4984 "http://wisuda.unida.gontor.ac.id/index.php?r=peserta/index" "Mozilla/5.0 (Linux; Android 6.0.1; D6603 Build/23.5.A.1.291) AppleWebKit/537.36 (KHTML, like Gecko) Chrome/66.0.3359.158 Mobile Safari/537.36"
114.125.86.48 - - [16/May/2018:11:32:23 +0700] "GET /css/form.css HTTP/1.1" 200 1179 "http://wisuda.unida.gontor.ac.id/index.php?r=peserta/index" "Mozilla/5.0 (Linux; U; Android 7.1.2; en-us; Redmi 4X Build/N2G47H) AppleWebKit/537.36 (KHTML, like Gecko) Version/4.0 Chrome/53.0.2785.146 Mobile Safari/537.36 XiaoMi/MiuiBrowser/9.5.6"
114.125.86.48 - - [16/May/2018:11:32:23 +0700] "GET /ckeditor/ckeditor.js HTTP/1.1" 200 204341 "http://wisuda.unida.gontor.ac.id/index.php?r=peserta/index" "Mozilla/5.0 (Linux; U; Android 7.1.2; en-us; Redmi 4X Build/N2G47H) AppleWebKit/537.36 (KHTML, like Gecko) Version/4.0 Chrome/53.0.2785.146 Mobile Safari/537.36 XiaoMi/MiuiBrowser/9.5.6"
114.125.86.48 - - [16/May/2018:11:32:23 +0700] "GET /images/logo_baak.png HTTP/1.1" 200 87427 "http://wisuda.unida.gontor.ac.id/index.php?r=peserta/index" "Mozilla/5.0 (Linux; U; Android 7.1.2; en-us; Redmi 4X Build/N2G47H) AppleWebKit/537.36 (KHTML, like Gecko) Version/4.0 Chrome/53.0.2785.146 Mobile Safari/537.36 XiaoMi/MiuiBrowser/9.5.6"
114.125.86.48 - - [16/May/2018:11:32:23 +0700] "GET /css/main.css HTTP/1.1" 200 1166 "http://wisuda.unida.gontor.ac.id/index.php?r=peserta/index" "Mozilla/5.0 (Linux; U; Android 7.1.2; en-us; Redmi 4X Build/N2G47H) AppleWebKit/537.36 (KHTML, like Gecko) Version/4.0 Chrome/53.0.2785.146 Mobile Safari/537.36 XiaoMi/MiuiBrowser/9.5.6"
114.125.86.48 - - [16/May/2018:11:32:23 +0700] "GET /images/register.png HTTP/1.1" 200 19485 "http://wisuda.unida.gontor.ac.id/index.php?r=peserta/index" "Mozilla/5.0 (Linux; U; Android 7.1.2; en-us; Redmi 4X Build/N2G47H) AppleWebKit/537.36 (KHTML, like Gecko) Version/4.0 Chrome/53.0.2785.146 Mobile Safari/537.36 XiaoMi/MiuiBrowser/9.5.6"
64.233.173.142 - - [16/May/2018:11:32:24 +0700] "GET /assets/7db98611/fileuploader.js HTTP/1.1" 200 9615 "http://wisuda.unida.gontor.ac.id/index.php?r=peserta/create" "Mozilla/5.0 (Linux; Android 6.0.1; D6603 Build/23.5.A.1.291) AppleWebKit/537.36 (KHTML, like Gecko) Chrome/66.0.3359.158 Mobile Safari/537.36"
64.233.173.143 - - [16/May/2018:11:32:24 +0700] "GET /assets/7db98611/fileuploader.css HTTP/1.1" 200 849 "http://wisuda.unida.gontor.ac.id/index.php?r=peserta/create" "Mozilla/5.0 (Linux; Android 6.0.1; D6603 Build/23.5.A.1.291) AppleWebKit/537.36 (KHTML, like Gecko) Chrome/66.0.3359.158 Mobile Safari/537.36"
114.125.86.48 - - [16/May/2018:11:32:24 +0700] "GET /css/print.css HTTP/1.1" 200 942 "http://wisuda.unida.gontor.ac.id/index.php?r=peserta/index" "Mozilla/5.0 (Linux; U; Android 7.1.2; en-us; Redmi 4X Build/N2G47H) AppleWebKit/537.36 (KHTML, like Gecko) Version/4.0 Chrome/53.0.2785.146 Mobile Safari/537.36 XiaoMi/MiuiBrowser/9.5.6"
64.233.173.142 - - [16/May/2018:11:32:24 +0700] "GET /js/dobPicker.id.min.js HTTP/1.1" 200 1006 "http://wisuda.unida.gontor.ac.id/index.php?r=peserta/create" "Mozilla/5.0 (Linux; Android 6.0.1; D6603 Build/23.5.A.1.291) AppleWebKit/537.36 (KHTML, like Gecko) Chrome/66.0.3359.158 Mobile Safari/537.36"
114.125.86.48 - - [16/May/2018:11:32:24 +0700] "GET /css/bg.gif HTTP/1.1" 200 470 "http://wisuda.unida.gontor.ac.id/css/main.css" "Mozilla/5.0 (Linux; U; Android 7.1.2; en-us; Redmi 4X Build/N2G47H) AppleWebKit/537.36 (KHTML, like Gecko) Version/4.0 Chrome/53.0.2785.146 Mobile Safari/537.36 XiaoMi/MiuiBrowser/9.5.6"
64.233.173.143 - - [16/May/2018:11:32:24 +0700] "GET /images/loading.gif HTTP/1.1" 200 1130 "http://wisuda.unida.gontor.ac.id/index.php?r=peserta/create" "Mozilla/5.0 (Linux; Android 6.0.1; D6603 Build/23.5.A.1.291) AppleWebKit/537.36 (KHTML, like Gecko) Chrome/66.0.3359.158 Mobile Safari/537.36"
114.125.86.48 - - [16/May/2018:11:32:24 +0700] "GET /favicon.ico HTTP/1.1" 404 459 "http://wisuda.unida.gontor.ac.id/index.php?r=peserta/index" "Mozilla/5.0 (Linux; U; Android 7.1.2; en-us; Redmi 4X Build/N2G47H) AppleWebKit/537.36 (KHTML, like Gecko) Version/4.0 Chrome/53.0.2785.146 Mobile Safari/537.36 XiaoMi/MiuiBrowser/9.5.6"
64.233.173.144 - - [16/May/2018:11:32:25 +0700] "GET /assets/f5f9305d/jui/css/base/jquery-ui.css HTTP/1.1" 200 7706 "http://wisuda.unida.gontor.ac.id/index.php?r=peserta/create" "Mozilla/5.0 (Linux; Android 6.0.1; D6603 Build/23.5.A.1.291) AppleWebKit/537.36 (KHTML, like Gecko) Chrome/66.0.3359.158 Mobile Safari/537.36"
64.233.173.144 - - [16/May/2018:11:32:25 +0700] "GET /assets/f5f9305d/jquery.js HTTP/1.1" 200 84663 "http://wisuda.unida.gontor.ac.id/index.php?r=peserta/create" "Mozilla/5.0 (Linux; Android 6.0.1; D6603 Build/23.5.A.1.291) AppleWebKit/537.36 (KHTML, like Gecko) Chrome/66.0.3359.158 Mobile Safari/537.36"
64.233.173.143 - - [16/May/2018:11:32:26 +0700] "GET /js/jquery.min.js HTTP/1.1" 200 33656 "http://wisuda.unida.gontor.ac.id/index.php?r=peserta/create" "Mozilla/5.0 (Linux; Android 6.0.1; D6603 Build/23.5.A.1.291) AppleWebKit/537.36 (KHTML, like Gecko) Chrome/66.0.3359.158 Mobile Safari/537.36"
64.233.173.144 - - [16/May/2018:11:32:26 +0700] "GET /assets/f5f9305d/jui/js/jquery-ui.min.js HTTP/1.1" 200 64849 "http://wisuda.unida.gontor.ac.id/index.php?r=peserta/create" "Mozilla/5.0 (Linux; Android 6.0.1; D6603 Build/23.5.A.1.291) AppleWebKit/537.36 (KHTML, like Gecko) Chrome/66.0.3359.158 Mobile Safari/537.36"
64.233.173.142 - - [16/May/2018:11:32:32 +0700] "GET /index.php?r=peserta/index HTTP/1.1" 200 2103 "-" "Mozilla/5.0 (Linux; Android 6.0.1; D6603 Build/23.5.A.1.291) AppleWebKit/537.36 (KHTML, like Gecko) Chrome/66.0.3359.158 Mobile Safari/537.36"
64.233.173.143 - - [16/May/2018:11:32:33 +0700] "GET /index.php?r=peserta/index HTTP/1.1" 200 2103 "-" "Mozilla/5.0 (Linux; Android 6.0.1; SM-G610F Build/MMB29K) AppleWebKit/537.36 (KHTML, like Gecko) Chrome/66.0.3359.126 Mobile Safari/537.36"
