114.125.108.191 - - [16/May/2018:11:32:37 +0700] "GET /index.php?r=peserta/create HTTP/1.1" 200 4926 "http://wisuda.unida.gontor.ac.id/index.php?r=peserta/index" "Mozilla/5.0 (Linux; Android 7.0; vivo 1612 Build/NRD90M) AppleWebKit/537.36 (KHTML, like Gecko) Chrome/38.0.2125.102 Mobile Safari/537.36 VivoBrowser/5.2.2"
114.125.109.190 - - [16/May/2018:11:32:38 +0700] "GET /assets/7db98611/fileuploader.css HTTP/1.1" 200 793 "http://wisuda.unida.gontor.ac.id/index.php?r=peserta/create" "Mozilla/5.0 (Linux; Android 7.0; vivo 1612 Build/NRD90M) AppleWebKit/537.36 (KHTML, like Gecko) Chrome/38.0.2125.102 Mobile Safari/537.36 VivoBrowser/5.2.2"
114.125.108.191 - - [16/May/2018:11:32:38 +0700] "GET /assets/f5f9305d/jui/css/base/jquery-ui.css HTTP/1.1" 200 7650 "http://wisuda.unida.gontor.ac.id/index.php?r=peserta/create" "Mozilla/5.0 (Linux; Android 7.0; vivo 1612 Build/NRD90M) AppleWebKit/537.36 (KHTML, like Gecko) Chrome/38.0.2125.102 Mobile Safari/537.36 VivoBrowser/5.2.2"
114.125.109.144 - - [16/May/2018:11:32:38 +0700] "GET /assets/7db98611/fileuploader.js HTTP/1.1" 200 9560 "http://wisuda.unida.gontor.ac.id/index.php?r=peserta/create" "Mozilla/5.0 (Linux; Android 7.0; vivo 1612 Build/NRD90M) AppleWebKit/537.36 (KHTML, like Gecko) Chrome/38.0.2125.102 Mobile Safari/537.36 VivoBrowser/5.2.2"
114.125.108.14 - - [16/May/2018:11:32:38 +0700] "GET /js/jquery.min.js HTTP/1.1" 200 33600 "http://wisuda.unida.gontor.ac.id/index.php?r=peserta/create" "Mozilla/5.0 (Linux; Android 7.0; vivo 1612 Build/NRD90M) AppleWebKit/537.36 (KHTML, like Gecko) Chrome/38.0.2125.102 Mobile Safari/537.36 VivoBrowser/5.2.2"
114.125.108.1 - - [16/May/2018:11:32:38 +0700] "GET /js/dobPicker.id.min.js HTTP/1.1" 200 951 "http://wisuda.unida.gontor.ac.id/index.php?r=peserta/create" "Mozilla/5.0 (Linux; Android 7.0; vivo 1612 Build/NRD90M) AppleWebKit/537.36 (KHTML, like Gecko) Chrome/38.0.2125.102 Mobile Safari/537.36 VivoBrowser/5.2.2"
114.125.108.1 - - [16/May/2018:11:32:38 +0700] "GET /assets/f5f9305d/jquery.js HTTP/1.1" 200 84607 "http://wisuda.unida.gontor.ac.id/index.php?r=peserta/create" "Mozilla/5.0 (Linux; Android 7.0; vivo 1612 Build/NRD90M) AppleWebKit/537.36 (KHTML, like Gecko) Chrome/38.0.2125.102 Mobile Safari/537.36 VivoBrowser/5.2.2"
114.125.108.191 - - [16/May/2018:11:32:38 +0700] "GET /images/loading.gif HTTP/1.1" 200 1075 "http://wisuda.unida.gontor.ac.id/index.php?r=peserta/create" "Mozilla/5.0 (Linux; Android 7.0; vivo 1612 Build/NRD90M) AppleWebKit/537.36 (KHTML, like Gecko) Chrome/38.0.2125.102 Mobile Safari/537.36 VivoBrowser/5.2.2"
114.125.109.190 - - [16/May/2018:11:32:38 +0700] "GET /assets/f5f9305d/jui/js/jquery-ui.min.js HTTP/1.1" 200 64793 "http://wisuda.unida.gontor.ac.id/index.php?r=peserta/create" "Mozilla/5.0 (Linux; Android 7.0; vivo 1612 Build/NRD90M) AppleWebKit/537.36 (KHTML, like Gecko) Chrome/38.0.2125.102 Mobile Safari/537.36 VivoBrowser/5.2.2"
114.125.109.190 - - [16/May/2018:11:32:39 +0700] "GET /assets/f5f9305d/jui/css/base/images/ui-bg_flat_75_ffffff_40x100.png HTTP/1.1" 200 435 "http://wisuda.unida.gontor.ac.id/assets/f5f9305d/jui/css/base/jquery-ui.css" "Mozilla/5.0 (Linux; Android 7.0; vivo 1612 Build/NRD90M) AppleWebKit/537.36 (KHTML, like Gecko) Chrome/38.0.2125.102 Mobile Safari/537.36 VivoBrowser/5.2.2"
114.125.108.1 - - [16/May/2018:11:32:39 +0700] "GET /assets/f5f9305d/jui/css/base/images/ui-icons_222222_256x240.png HTTP/1.1" 200 7152 "http://wisuda.unida.gontor.ac.id/assets/f5f9305d/jui/css/base/jquery-ui.css" "Mozilla/5.0 (Linux; Android 7.0; vivo 1612 Build/NRD90M) AppleWebKit/537.36 (KHTML, like Gecko) Chrome/38.0.2125.102 Mobile Safari/537.36 VivoBrowser/5.2.2"
114.125.108.1 - - [16/May/2018:11:32:39 +0700] "GET /favicon.ico HTTP/1.1" 404 459 "-" "Mozilla/5.0 (Linux; Android 7.0; vivo 1612 Build/NRD90M) AppleWebKit/537.36 (KHTML, like Gecko) Chrome/38.0.2125.102 Mobile Safari/537.36"
64.233.173.144 - - [16/May/2018:11:32:40 +0700] "GET /index.php?r=peserta/index HTTP/1.1" 200 2161 "-" "Mozilla/5.0 (Linux; Android 6.0; Infinix HOT 4 Pro Build/MRA58K) AppleWebKit/537.36 (KHTML, like Gecko) Chrome/66.0.3359.158 Mobile Safari/537.36"
64.233.173.144 - - [16/May/2018:11:32:41 +0700] "GET /css/screen.css HTTP/1.1" 200 3152 "http://wisuda.unida.gontor.ac.id/index.php?r=peserta/index" "Mozilla/5.0 (Linux; Android 6.0; Infinix HOT 4 Pro Build/MRA58K) AppleWebKit/537.36 (KHTML, like Gecko) Chrome/66.0.3359.158 Mobile Safari/537.36"
64.233.173.142 - - [16/May/2018:11:32:41 +0700] "GET /css/main.css HTTP/1.1" 200 1222 "http://wisuda.unida.gontor.ac.id/index.php?r=peserta/index" "Mozilla/5.0 (Linux; Android 6.0; Infinix HOT 4 Pro Build/MRA58K) AppleWebKit/537.36 (KHTML, like Gecko) Chrome/66.0.3359.158 Mobile Safari/537.36"
64.233.173.144 - - [16/May/2018:11:32:41 +0700] "GET /css/form.css HTTP/1.1" 200 1235 "http://wisuda.unida.gontor.ac.id/index.php?r=peserta/index" "Mozilla/5.0 (Linux; Android 6.0; Infinix HOT 4 Pro Build/MRA58K) AppleWebKit/537.36 (KHTML, like Gecko) Chrome/66.0.3359.158 Mobile Safari/537.36"
64.233.173.143 - - [16/May/2018:11:32:41 +0700] "GET /ckeditor/ckeditor.js HTTP/1.1" 200 204397 "http://wisuda.unida.gontor.ac.id/index.php?r=peserta/index" "Mozilla/5.0 (Linux; Android 6.0; Infinix HOT 4 Pro Build/MRA58K) AppleWebKit/537.36 (KHTML, like Gecko) Chrome/66.0.3359.158 Mobile Safari/537.36"
64.233.173.142 - - [16/May/2018:11:32:41 +0700] "GET /css/bg.gif HTTP/1.1" 200 525 "http://wisuda.unida.gontor.ac.id/css/main.css" "Mozilla/5.0 (Linux; Android 6.0; Infinix HOT 4 Pro Build/MRA58K) AppleWebKit/537.36 (KHTML, like Gecko) Chrome/66.0.3359.158 Mobile Safari/537.36"
64.233.173.143 - - [16/May/2018:11:32:42 +0700] "GET /images/logo_baak.png HTTP/1.1" 200 87483 "http://wisuda.unida.gontor.ac.id/index.php?r=peserta/index" "Mozilla/5.0 (Linux; Android 6.0; Infinix HOT 4 Pro Build/MRA58K) AppleWebKit/537.36 (KHTML, like Gecko) Chrome/66.0.3359.158 Mobile Safari/537.36"
64.233.173.143 - - [16/May/2018:11:32:43 +0700] "GET /css/print.css HTTP/1.1" 200 998 "http://wisuda.unida.gontor.ac.id/index.php?r=peserta/index" "Mozilla/5.0 (Linux; Android 6.0; Infinix HOT 4 Pro Build/MRA58K) AppleWebKit/537.36 (KHTML, like Gecko) Chrome/66.0.3359.158 Mobile Safari/537.36"
64.233.173.143 - - [16/May/2018:11:32:43 +0700] "GET /images/register.png HTTP/1.1" 200 19541 "http://wisuda.unida.gontor.ac.id/index.php?r=peserta/index" "Mozilla/5.0 (Linux; Android 6.0; Infinix HOT 4 Pro Build/MRA58K) AppleWebKit/537.36 (KHTML, like Gecko) Chrome/66.0.3359.158 Mobile Safari/537.36"
64.233.173.143 - - [16/May/2018:11:32:43 +0700] "GET /favicon.ico HTTP/1.1" 404 514 "http://wisuda.unida.gontor.ac.id/index.php?r=peserta/index" "Mozilla/5.0 (Linux; Android 6.0; Infinix HOT 4 Pro Build/MRA58K) AppleWebKit/537.36 (KHTML, like Gecko) Chrome/66.0.3359.158 Mobile Safari/537.36"
36.74.100.252 - - [16/May/2018:11:32:52 +0700] "GET /index.php?r=peserta/index HTTP/1.1" 200 2161 "-" "Mozilla/5.0 (Linux; Android 5.1; 1201 Build/LMY47I) AppleWebKit/537.36 (KHTML, like Gecko) Chrome/66.0.3359.126 Mobile Safari/537.36"
36.74.100.252 - - [16/May/2018:11:32:53 +0700] "GET /css/screen.css HTTP/1.1" 200 3152 "http://wisuda.unida.gontor.ac.id/index.php?r=peserta/index" "Mozilla/5.0 (Linux; Android 5.1; 1201 Build/LMY47I) AppleWebKit/537.36 (KHTML, like Gecko) Chrome/66.0.3359.126 Mobile Safari/537.36"
36.74.100.252 - - [16/May/2018:11:32:54 +0700] "GET /css/main.css HTTP/1.1" 200 1222 "http://wisuda.unida.gontor.ac.id/index.php?r=peserta/index" "Mozilla/5.0 (Linux; Android 5.1; 1201 Build/LMY47I) AppleWebKit/537.36 (KHTML, like Gecko) Chrome/66.0.3359.126 Mobile Safari/537.36"
36.74.100.252 - - [16/May/2018:11:32:54 +0700] "GET /css/form.css HTTP/1.1" 200 1234 "http://wisuda.unida.gontor.ac.id/index.php?r=peserta/index" "Mozilla/5.0 (Linux; Android 5.1; 1201 Build/LMY47I) AppleWebKit/537.36 (KHTML, like Gecko) Chrome/66.0.3359.126 Mobile Safari/537.36"
36.74.100.252 - - [16/May/2018:11:32:54 +0700] "GET /css/print.css HTTP/1.1" 200 998 "http://wisuda.unida.gontor.ac.id/index.php?r=peserta/index" "Mozilla/5.0 (Linux; Android 5.1; 1201 Build/LMY47I) AppleWebKit/537.36 (KHTML, like Gecko) Chrome/66.0.3359.126 Mobile Safari/537.36"
36.74.100.252 - - [16/May/2018:11:32:55 +0700] "GET /images/register.png HTTP/1.1" 200 19541 "http://wisuda.unida.gontor.ac.id/index.php?r=peserta/index" "Mozilla/5.0 (Linux; Android 5.1; 1201 Build/LMY47I) AppleWebKit/537.36 (KHTML, like Gecko) Chrome/66.0.3359.126 Mobile Safari/537.36"
112.215.154.208 - - [16/May/2018:11:32:56 +0700] "GET /index.php?r=peserta/index HTTP/1.1" 200 2161 "-" "Mozilla/5.0 (Linux; Android 5.1.1; A37f Build/LMY47V) AppleWebKit/537.36 (KHTML, like Gecko) Chrome/66.0.3359.158 Mobile Safari/537.36"
112.215.154.208 - - [16/May/2018:11:32:56 +0700] "GET /index.php?r=peserta/index HTTP/1.1" 200 2161 "-" "Mozilla/5.0 (Linux; Android 5.1.1; A37f Build/LMY47V) AppleWebKit/537.36 (KHTML, like Gecko) Chrome/66.0.3359.158 Mobile Safari/537.36"
114.125.108.1 - - [16/May/2018:11:32:56 +0700] "POST /index.php?r=peserta/getProdi HTTP/1.1" 200 402 "http://wisuda.unida.gontor.ac.id/index.php?r=peserta/create" "Mozilla/5.0 (Linux; Android 7.0; vivo 1612 Build/NRD90M) AppleWebKit/537.36 (KHTML, like Gecko) Chrome/38.0.2125.102 Mobile Safari/537.36 VivoBrowser/5.2.2"
112.215.154.208 - - [16/May/2018:11:32:56 +0700] "GET /css/screen.css HTTP/1.1" 200 3152 "http://wisuda.unida.gontor.ac.id/index.php?r=peserta/index" "Mozilla/5.0 (Linux; Android 5.1.1; A37f Build/LMY47V) AppleWebKit/537.36 (KHTML, like Gecko) Chrome/66.0.3359.158 Mobile Safari/537.36"
112.215.154.208 - - [16/May/2018:11:32:57 +0700] "GET /css/main.css HTTP/1.1" 200 1222 "http://wisuda.unida.gontor.ac.id/index.php?r=peserta/index" "Mozilla/5.0 (Linux; Android 5.1.1; A37f Build/LMY47V) AppleWebKit/537.36 (KHTML, like Gecko) Chrome/66.0.3359.158 Mobile Safari/537.36"
112.215.154.208 - - [16/May/2018:11:32:57 +0700] "GET /css/form.css HTTP/1.1" 200 1235 "http://wisuda.unida.gontor.ac.id/index.php?r=peserta/index" "Mozilla/5.0 (Linux; Android 5.1.1; A37f Build/LMY47V) AppleWebKit/537.36 (KHTML, like Gecko) Chrome/66.0.3359.158 Mobile Safari/537.36"
112.215.154.208 - - [16/May/2018:11:32:57 +0700] "GET /images/logo_baak.png HTTP/1.1" 200 87482 "http://wisuda.unida.gontor.ac.id/index.php?r=peserta/index" "Mozilla/5.0 (Linux; Android 5.1.1; A37f Build/LMY47V) AppleWebKit/537.36 (KHTML, like Gecko) Chrome/66.0.3359.158 Mobile Safari/537.36"
112.215.154.208 - - [16/May/2018:11:32:57 +0700] "GET /images/register.png HTTP/1.1" 200 19540 "http://wisuda.unida.gontor.ac.id/index.php?r=peserta/index" "Mozilla/5.0 (Linux; Android 5.1.1; A37f Build/LMY47V) AppleWebKit/537.36 (KHTML, like Gecko) Chrome/66.0.3359.158 Mobile Safari/537.36"
112.215.154.208 - - [16/May/2018:11:32:57 +0700] "GET /ckeditor/ckeditor.js HTTP/1.1" 200 204397 "http://wisuda.unida.gontor.ac.id/index.php?r=peserta/index" "Mozilla/5.0 (Linux; Android 5.1.1; A37f Build/LMY47V) AppleWebKit/537.36 (KHTML, like Gecko) Chrome/66.0.3359.158 Mobile Safari/537.36"
112.215.154.208 - - [16/May/2018:11:32:57 +0700] "GET /css/print.css HTTP/1.1" 200 997 "http://wisuda.unida.gontor.ac.id/index.php?r=peserta/index" "Mozilla/5.0 (Linux; Android 5.1.1; A37f Build/LMY47V) AppleWebKit/537.36 (KHTML, like Gecko) Chrome/66.0.3359.158 Mobile Safari/537.36"
112.215.154.208 - - [16/May/2018:11:32:57 +0700] "GET /css/bg.gif HTTP/1.1" 200 525 "http://wisuda.unida.gontor.ac.id/css/main.css" "Mozilla/5.0 (Linux; Android 5.1.1; A37f Build/LMY47V) AppleWebKit/537.36 (KHTML, like Gecko) Chrome/66.0.3359.158 Mobile Safari/537.36"
112.215.154.208 - - [16/May/2018:11:32:58 +0700] "GET /favicon.ico HTTP/1.1" 404 514 "http://wisuda.unida.gontor.ac.id/index.php?r=peserta/index" "Mozilla/5.0 (Linux; Android 5.1.1; A37f Build/LMY47V) AppleWebKit/537.36 (KHTML, like Gecko) Chrome/66.0.3359.158 Mobile Safari/537.36"
64.233.173.143 - - [16/May/2018:11:33:03 +0700] "GET /index.php?r=peserta/create HTTP/1.1" 200 4984 "http://wisuda.unida.gontor.ac.id/index.php?r=peserta/index" "Mozilla/5.0 (Linux; Android 6.0; CAM-L21 Build/HUAWEICAM-L21) AppleWebKit/537.36 (KHTML, like Gecko) Chrome/65.0.3325.109 Mobile Safari/537.36"
64.233.173.143 - - [16/May/2018:11:33:04 +0700] "GET /assets/7db98611/fileuploader.css HTTP/1.1" 200 848 "http://wisuda.unida.gontor.ac.id/index.php?r=peserta/create" "Mozilla/5.0 (Linux; Android 6.0; CAM-L21 Build/HUAWEICAM-L21) AppleWebKit/537.36 (KHTML, like Gecko) Chrome/65.0.3325.109 Mobile Safari/537.36"
64.233.173.143 - - [16/May/2018:11:33:04 +0700] "GET /assets/f5f9305d/jui/css/base/jquery-ui.css HTTP/1.1" 200 7706 "http://wisuda.unida.gontor.ac.id/index.php?r=peserta/create" "Mozilla/5.0 (Linux; Android 6.0; CAM-L21 Build/HUAWEICAM-L21) AppleWebKit/537.36 (KHTML, like Gecko) Chrome/65.0.3325.109 Mobile Safari/537.36"
64.233.173.143 - - [16/May/2018:11:33:04 +0700] "GET /assets/7db98611/fileuploader.js HTTP/1.1" 200 9616 "http://wisuda.unida.gontor.ac.id/index.php?r=peserta/create" "Mozilla/5.0 (Linux; Android 6.0; CAM-L21 Build/HUAWEICAM-L21) AppleWebKit/537.36 (KHTML, like Gecko) Chrome/65.0.3325.109 Mobile Safari/537.36"
64.233.173.142 - - [16/May/2018:11:33:04 +0700] "GET /js/dobPicker.id.min.js HTTP/1.1" 200 1007 "http://wisuda.unida.gontor.ac.id/index.php?r=peserta/create" "Mozilla/5.0 (Linux; Android 6.0; CAM-L21 Build/HUAWEICAM-L21) AppleWebKit/537.36 (KHTML, like Gecko) Chrome/65.0.3325.109 Mobile Safari/537.36"
64.233.173.143 - - [16/May/2018:11:33:04 +0700] "GET /images/loading.gif HTTP/1.1" 200 1131 "http://wisuda.unida.gontor.ac.id/index.php?r=peserta/create" "Mozilla/5.0 (Linux; Android 6.0; CAM-L21 Build/HUAWEICAM-L21) AppleWebKit/537.36 (KHTML, like Gecko) Chrome/65.0.3325.109 Mobile Safari/537.36"
64.233.173.142 - - [16/May/2018:11:33:04 +0700] "GET /js/jquery.min.js HTTP/1.1" 200 33656 "http://wisuda.unida.gontor.ac.id/index.php?r=peserta/create" "Mozilla/5.0 (Linux; Android 6.0; CAM-L21 Build/HUAWEICAM-L21) AppleWebKit/537.36 (KHTML, like Gecko) Chrome/65.0.3325.109 Mobile Safari/537.36"
64.233.173.144 - - [16/May/2018:11:33:04 +0700] "GET /assets/f5f9305d/jquery.js HTTP/1.1" 200 84663 "http://wisuda.unida.gontor.ac.id/index.php?r=peserta/create" "Mozilla/5.0 (Linux; Android 6.0; CAM-L21 Build/HUAWEICAM-L21) AppleWebKit/537.36 (KHTML, like Gecko) Chrome/65.0.3325.109 Mobile Safari/537.36"
64.233.173.143 - - [16/May/2018:11:33:04 +0700] "GET /assets/f5f9305d/jui/js/jquery-ui.min.js HTTP/1.1" 200 64849 "http://wisuda.unida.gontor.ac.id/index.php?r=peserta/create" "Mozilla/5.0 (Linux; Android 6.0; CAM-L21 Build/HUAWEICAM-L21) AppleWebKit/537.36 (KHTML, like Gecko) Chrome/65.0.3325.109 Mobile Safari/537.36"
64.233.173.143 - - [16/May/2018:11:33:06 +0700] "GET /assets/f5f9305d/jui/css/base/images/ui-bg_flat_75_ffffff_40x100.png HTTP/1.1" 200 490 "http://wisuda.unida.gontor.ac.id/assets/f5f9305d/jui/css/base/jquery-ui.css" "Mozilla/5.0 (Linux; Android 6.0; CAM-L21 Build/HUAWEICAM-L21) AppleWebKit/537.36 (KHTML, like Gecko) Chrome/65.0.3325.109 Mobile Safari/537.36"
64.233.173.144 - - [16/May/2018:11:33:06 +0700] "GET /assets/f5f9305d/jui/css/base/images/ui-bg_glass_75_e6e6e6_1x400.png HTTP/1.1" 200 545 "http://wisuda.unida.gontor.ac.id/assets/f5f9305d/jui/css/base/jquery-ui.css" "Mozilla/5.0 (Linux; Android 6.0; CAM-L21 Build/HUAWEICAM-L21) AppleWebKit/537.36 (KHTML, like Gecko) Chrome/65.0.3325.109 Mobile Safari/537.36"
64.233.173.142 - - [16/May/2018:11:33:06 +0700] "GET /assets/f5f9305d/jui/css/base/images/ui-bg_highlight-soft_75_cccccc_1x100.png HTTP/1.1" 200 563 "http://wisuda.unida.gontor.ac.id/assets/f5f9305d/jui/css/base/jquery-ui.css" "Mozilla/5.0 (Linux; Android 6.0; CAM-L21 Build/HUAWEICAM-L21) AppleWebKit/537.36 (KHTML, like Gecko) Chrome/65.0.3325.109 Mobile Safari/537.36"
64.233.173.143 - - [16/May/2018:11:33:06 +0700] "GET /assets/f5f9305d/jui/css/base/images/ui-icons_222222_256x240.png HTTP/1.1" 200 7207 "http://wisuda.unida.gontor.ac.id/assets/f5f9305d/jui/css/base/jquery-ui.css" "Mozilla/5.0 (Linux; Android 6.0; CAM-L21 Build/HUAWEICAM-L21) AppleWebKit/537.36 (KHTML, like Gecko) Chrome/65.0.3325.109 Mobile Safari/537.36"
36.74.100.252 - - [16/May/2018:11:33:17 +0700] "GET / HTTP/1.1" 302 275 "-" "Mozilla/5.0 (Windows NT 6.1; Win64; x64) AppleWebKit/537.36 (KHTML, like Gecko) Chrome/66.0.3359.139 Safari/537.36"
36.74.100.252 - - [16/May/2018:11:33:17 +0700] "GET /index.php?r=peserta/index HTTP/1.1" 200 2160 "-" "Mozilla/5.0 (Windows NT 6.1; Win64; x64) AppleWebKit/537.36 (KHTML, like Gecko) Chrome/66.0.3359.139 Safari/537.36"
36.74.100.252 - - [16/May/2018:11:33:18 +0700] "GET /images/register.png HTTP/1.1" 200 19540 "http://wisuda.unida.gontor.ac.id/index.php?r=peserta/index" "Mozilla/5.0 (Windows NT 6.1; Win64; x64) AppleWebKit/537.36 (KHTML, like Gecko) Chrome/66.0.3359.139 Safari/537.36"
36.74.100.252 - - [16/May/2018:11:33:20 +0700] "GET /favicon.ico HTTP/1.1" 404 514 "http://wisuda.unida.gontor.ac.id/index.php?r=peserta/index" "Mozilla/5.0 (Windows NT 6.1; Win64; x64) AppleWebKit/537.36 (KHTML, like Gecko) Chrome/66.0.3359.139 Safari/537.36"
114.125.86.48 - - [16/May/2018:11:33:20 +0700] "GET /index.php?r=peserta/create HTTP/1.1" 200 4926 "http://wisuda.unida.gontor.ac.id/index.php?r=peserta/index" "Mozilla/5.0 (Linux; U; Android 7.1.2; en-us; Redmi 4X Build/N2G47H) AppleWebKit/537.36 (KHTML, like Gecko) Version/4.0 Chrome/53.0.2785.146 Mobile Safari/537.36 XiaoMi/MiuiBrowser/9.5.6"
182.1.82.0 - - [16/May/2018:11:33:20 +0700] "GET /index.php?r=peserta/index HTTP/1.1" 200 2105 "-" "WhatsApp/2.18.122 A"
114.125.86.48 - - [16/May/2018:11:33:21 +0700] "GET /assets/7db98611/fileuploader.css HTTP/1.1" 200 793 "http://wisuda.unida.gontor.ac.id/index.php?r=peserta/create" "Mozilla/5.0 (Linux; U; Android 7.1.2; en-us; Redmi 4X Build/N2G47H) AppleWebKit/537.36 (KHTML, like Gecko) Version/4.0 Chrome/53.0.2785.146 Mobile Safari/537.36 XiaoMi/MiuiBrowser/9.5.6"
114.125.86.48 - - [16/May/2018:11:33:21 +0700] "GET /assets/f5f9305d/jui/css/base/jquery-ui.css HTTP/1.1" 200 7650 "http://wisuda.unida.gontor.ac.id/index.php?r=peserta/create" "Mozilla/5.0 (Linux; U; Android 7.1.2; en-us; Redmi 4X Build/N2G47H) AppleWebKit/537.36 (KHTML, like Gecko) Version/4.0 Chrome/53.0.2785.146 Mobile Safari/537.36 XiaoMi/MiuiBrowser/9.5.6"
114.125.86.48 - - [16/May/2018:11:33:22 +0700] "GET /assets/7db98611/fileuploader.js HTTP/1.1" 200 9560 "http://wisuda.unida.gontor.ac.id/index.php?r=peserta/create" "Mozilla/5.0 (Linux; U; Android 7.1.2; en-us; Redmi 4X Build/N2G47H) AppleWebKit/537.36 (KHTML, like Gecko) Version/4.0 Chrome/53.0.2785.146 Mobile Safari/537.36 XiaoMi/MiuiBrowser/9.5.6"
114.125.86.48 - - [16/May/2018:11:33:22 +0700] "GET /assets/f5f9305d/jquery.js HTTP/1.1" 200 84607 "http://wisuda.unida.gontor.ac.id/index.php?r=peserta/create" "Mozilla/5.0 (Linux; U; Android 7.1.2; en-us; Redmi 4X Build/N2G47H) AppleWebKit/537.36 (KHTML, like Gecko) Version/4.0 Chrome/53.0.2785.146 Mobile Safari/537.36 XiaoMi/MiuiBrowser/9.5.6"
114.125.86.48 - - [16/May/2018:11:33:22 +0700] "GET /js/jquery.min.js HTTP/1.1" 200 33600 "http://wisuda.unida.gontor.ac.id/index.php?r=peserta/create" "Mozilla/5.0 (Linux; U; Android 7.1.2; en-us; Redmi 4X Build/N2G47H) AppleWebKit/537.36 (KHTML, like Gecko) Version/4.0 Chrome/53.0.2785.146 Mobile Safari/537.36 XiaoMi/MiuiBrowser/9.5.6"
36.74.100.252 - - [16/May/2018:11:33:22 +0700] "GET /index.php?r=peserta/create HTTP/1.1" 200 4980 "http://wisuda.unida.gontor.ac.id/index.php?r=peserta/index" "Mozilla/5.0 (Windows NT 6.1; Win64; x64) AppleWebKit/537.36 (KHTML, like Gecko) Chrome/66.0.3359.139 Safari/537.36"
114.125.86.48 - - [16/May/2018:11:33:22 +0700] "GET /js/dobPicker.id.min.js HTTP/1.1" 200 951 "http://wisuda.unida.gontor.ac.id/index.php?r=peserta/create" "Mozilla/5.0 (Linux; U; Android 7.1.2; en-us; Redmi 4X Build/N2G47H) AppleWebKit/537.36 (KHTML, like Gecko) Version/4.0 Chrome/53.0.2785.146 Mobile Safari/537.36 XiaoMi/MiuiBrowser/9.5.6"
36.74.100.252 - - [16/May/2018:11:33:22 +0700] "GET /assets/f5f9305d/jui/css/base/jquery-ui.css HTTP/1.1" 200 7706 "http://wisuda.unida.gontor.ac.id/index.php?r=peserta/create" "Mozilla/5.0 (Windows NT 6.1; Win64; x64) AppleWebKit/537.36 (KHTML, like Gecko) Chrome/66.0.3359.139 Safari/537.36"
36.74.100.252 - - [16/May/2018:11:33:23 +0700] "GET /assets/7db98611/fileuploader.css HTTP/1.1" 200 848 "http://wisuda.unida.gontor.ac.id/index.php?r=peserta/create" "Mozilla/5.0 (Windows NT 6.1; Win64; x64) AppleWebKit/537.36 (KHTML, like Gecko) Chrome/66.0.3359.139 Safari/537.36"
114.125.86.48 - - [16/May/2018:11:33:23 +0700] "GET /images/loading.gif HTTP/1.1" 200 1075 "http://wisuda.unida.gontor.ac.id/index.php?r=peserta/create" "Mozilla/5.0 (Linux; U; Android 7.1.2; en-us; Redmi 4X Build/N2G47H) AppleWebKit/537.36 (KHTML, like Gecko) Version/4.0 Chrome/53.0.2785.146 Mobile Safari/537.36 XiaoMi/MiuiBrowser/9.5.6"
36.74.100.252 - - [16/May/2018:11:33:23 +0700] "GET /assets/7db98611/fileuploader.js HTTP/1.1" 200 9616 "http://wisuda.unida.gontor.ac.id/index.php?r=peserta/create" "Mozilla/5.0 (Windows NT 6.1; Win64; x64) AppleWebKit/537.36 (KHTML, like Gecko) Chrome/66.0.3359.139 Safari/537.36"
114.125.86.48 - - [16/May/2018:11:33:23 +0700] "GET /assets/f5f9305d/jui/js/jquery-ui.min.js HTTP/1.1" 200 64793 "http://wisuda.unida.gontor.ac.id/index.php?r=peserta/create" "Mozilla/5.0 (Linux; U; Android 7.1.2; en-us; Redmi 4X Build/N2G47H) AppleWebKit/537.36 (KHTML, like Gecko) Version/4.0 Chrome/53.0.2785.146 Mobile Safari/537.36 XiaoMi/MiuiBrowser/9.5.6"
36.74.100.252 - - [16/May/2018:11:33:22 +0700] "GET /assets/f5f9305d/jquery.js HTTP/1.1" 200 84663 "http://wisuda.unida.gontor.ac.id/index.php?r=peserta/create" "Mozilla/5.0 (Windows NT 6.1; Win64; x64) AppleWebKit/537.36 (KHTML, like Gecko) Chrome/66.0.3359.139 Safari/537.36"
36.74.100.252 - - [16/May/2018:11:33:23 +0700] "GET /js/jquery.min.js HTTP/1.1" 200 33655 "http://wisuda.unida.gontor.ac.id/index.php?r=peserta/create" "Mozilla/5.0 (Windows NT 6.1; Win64; x64) AppleWebKit/537.36 (KHTML, like Gecko) Chrome/66.0.3359.139 Safari/537.36"
36.74.100.252 - - [16/May/2018:11:33:23 +0700] "GET /js/dobPicker.id.min.js HTTP/1.1" 200 1006 "http://wisuda.unida.gontor.ac.id/index.php?r=peserta/create" "Mozilla/5.0 (Windows NT 6.1; Win64; x64) AppleWebKit/537.36 (KHTML, like Gecko) Chrome/66.0.3359.139 Safari/537.36"
36.74.100.252 - - [16/May/2018:11:33:23 +0700] "GET /images/loading.gif HTTP/1.1" 200 1130 "http://wisuda.unida.gontor.ac.id/index.php?r=peserta/create" "Mozilla/5.0 (Windows NT 6.1; Win64; x64) AppleWebKit/537.36 (KHTML, like Gecko) Chrome/66.0.3359.139 Safari/537.36"
36.74.100.252 - - [16/May/2018:11:33:23 +0700] "GET /assets/f5f9305d/jui/js/jquery-ui.min.js HTTP/1.1" 200 64848 "http://wisuda.unida.gontor.ac.id/index.php?r=peserta/create" "Mozilla/5.0 (Windows NT 6.1; Win64; x64) AppleWebKit/537.36 (KHTML, like Gecko) Chrome/66.0.3359.139 Safari/537.36"
36.74.100.252 - - [16/May/2018:11:33:24 +0700] "GET /assets/f5f9305d/jui/css/base/images/ui-bg_flat_75_ffffff_40x100.png HTTP/1.1" 200 490 "http://wisuda.unida.gontor.ac.id/assets/f5f9305d/jui/css/base/jquery-ui.css" "Mozilla/5.0 (Windows NT 6.1; Win64; x64) AppleWebKit/537.36 (KHTML, like Gecko) Chrome/66.0.3359.139 Safari/537.36"
114.125.86.48 - - [16/May/2018:11:33:24 +0700] "GET /assets/f5f9305d/jui/css/base/images/ui-bg_flat_75_ffffff_40x100.png HTTP/1.1" 200 435 "http://wisuda.unida.gontor.ac.id/assets/f5f9305d/jui/css/base/jquery-ui.css" "Mozilla/5.0 (Linux; U; Android 7.1.2; en-us; Redmi 4X Build/N2G47H) AppleWebKit/537.36 (KHTML, like Gecko) Version/4.0 Chrome/53.0.2785.146 Mobile Safari/537.36 XiaoMi/MiuiBrowser/9.5.6"
36.74.100.252 - - [16/May/2018:11:33:24 +0700] "GET /assets/f5f9305d/jui/css/base/images/ui-bg_highlight-soft_75_cccccc_1x100.png HTTP/1.1" 200 563 "http://wisuda.unida.gontor.ac.id/assets/f5f9305d/jui/css/base/jquery-ui.css" "Mozilla/5.0 (Windows NT 6.1; Win64; x64) AppleWebKit/537.36 (KHTML, like Gecko) Chrome/66.0.3359.139 Safari/537.36"
36.74.100.252 - - [16/May/2018:11:33:24 +0700] "GET /assets/f5f9305d/jui/css/base/images/ui-bg_glass_75_e6e6e6_1x400.png HTTP/1.1" 200 545 "http://wisuda.unida.gontor.ac.id/assets/f5f9305d/jui/css/base/jquery-ui.css" "Mozilla/5.0 (Windows NT 6.1; Win64; x64) AppleWebKit/537.36 (KHTML, like Gecko) Chrome/66.0.3359.139 Safari/537.36"
36.74.100.252 - - [16/May/2018:11:33:24 +0700] "GET /assets/f5f9305d/jui/css/base/images/ui-icons_222222_256x240.png HTTP/1.1" 200 7207 "http://wisuda.unida.gontor.ac.id/assets/f5f9305d/jui/css/base/jquery-ui.css" "Mozilla/5.0 (Windows NT 6.1; Win64; x64) AppleWebKit/537.36 (KHTML, like Gecko) Chrome/66.0.3359.139 Safari/537.36"
114.125.86.48 - - [16/May/2018:11:33:24 +0700] "GET /assets/f5f9305d/jui/css/base/images/ui-icons_222222_256x240.png HTTP/1.1" 200 7152 "http://wisuda.unida.gontor.ac.id/assets/f5f9305d/jui/css/base/jquery-ui.css" "Mozilla/5.0 (Linux; U; Android 7.1.2; en-us; Redmi 4X Build/N2G47H) AppleWebKit/537.36 (KHTML, like Gecko) Version/4.0 Chrome/53.0.2785.146 Mobile Safari/537.36 XiaoMi/MiuiBrowser/9.5.6"
114.125.86.48 - - [16/May/2018:11:33:24 +0700] "GET /favicon.ico HTTP/1.1" 404 459 "http://wisuda.unida.gontor.ac.id/index.php?r=peserta/create" "Mozilla/5.0 (Linux; U; Android 7.1.2; en-us; Redmi 4X Build/N2G47H) AppleWebKit/537.36 (KHTML, like Gecko) Version/4.0 Chrome/53.0.2785.146 Mobile Safari/537.36 XiaoMi/MiuiBrowser/9.5.6"
36.74.100.252 - - [16/May/2018:11:33:34 +0700] "GET /index.php?r=peserta/index HTTP/1.1" 200 2103 "-" "Mozilla/5.0 (Linux; Android 5.1; 1201 Build/LMY47I) AppleWebKit/537.36 (KHTML, like Gecko) Chrome/66.0.3359.126 Mobile Safari/537.36"
8.37.234.83 - - [16/May/2018:11:33:38 +0700] "GET /css/bg.gif HTTP/1.1" 200 526 "http://wisuda.unida.gontor.ac.id/css/main.css" "Mozilla/5.0 (Linux; U; Android 7.0; en-US; ASUS_X008DA Build/NRD90M) AppleWebKit/537.36 (KHTML, like Gecko) Version/4.0 Chrome/57.0.2987.108 UCBrowser/12.5.0.1109 Mobile Safari/537.36"
36.74.100.252 - - [16/May/2018:11:33:39 +0700] "GET /css/main.css HTTP/1.1" 200 1222 "http://wisuda.unida.gontor.ac.id/index.php?r=peserta/index" "Mozilla/5.0 (Linux; Android 5.1; 1201 Build/LMY47I) AppleWebKit/537.36 (KHTML, like Gecko) Chrome/66.0.3359.126 Mobile Safari/537.36"
36.74.100.252 - - [16/May/2018:11:33:39 +0700] "GET /css/screen.css HTTP/1.1" 200 3153 "http://wisuda.unida.gontor.ac.id/index.php?r=peserta/index" "Mozilla/5.0 (Linux; Android 5.1; 1201 Build/LMY47I) AppleWebKit/537.36 (KHTML, like Gecko) Chrome/66.0.3359.126 Mobile Safari/537.36"
36.74.100.252 - - [16/May/2018:11:33:39 +0700] "GET /css/form.css HTTP/1.1" 200 1235 "http://wisuda.unida.gontor.ac.id/index.php?r=peserta/index" "Mozilla/5.0 (Linux; Android 5.1; 1201 Build/LMY47I) AppleWebKit/537.36 (KHTML, like Gecko) Chrome/66.0.3359.126 Mobile Safari/537.36"
36.74.100.252 - - [16/May/2018:11:33:41 +0700] "GET /favicon.ico HTTP/1.1" 404 515 "http://wisuda.unida.gontor.ac.id/index.php?r=peserta/index" "Mozilla/5.0 (Linux; U; Android 7.0; en-US; ASUS_X008DA Build/NRD90M) AppleWebKit/537.36 (KHTML, like Gecko) Version/4.0 Chrome/57.0.2987.108 UCBrowser/12.5.0.1109 Mobile Safari/537.36"
64.233.173.144 - - [16/May/2018:11:33:42 +0700] "GET /index.php?r=peserta/index HTTP/1.1" 200 2161 "-" "Mozilla/5.0 (Linux; Android 7.0; SM-J530Y Build/NRD90M) AppleWebKit/537.36 (KHTML, like Gecko) Chrome/66.0.3359.158 Mobile Safari/537.36"
64.233.173.144 - - [16/May/2018:11:33:43 +0700] "GET /css/screen.css HTTP/1.1" 200 3152 "http://wisuda.unida.gontor.ac.id/index.php?r=peserta/index" "Mozilla/5.0 (Linux; Android 7.0; SM-J530Y Build/NRD90M) AppleWebKit/537.36 (KHTML, like Gecko) Chrome/66.0.3359.158 Mobile Safari/537.36"
64.233.173.144 - - [16/May/2018:11:33:43 +0700] "GET /css/main.css HTTP/1.1" 200 1222 "http://wisuda.unida.gontor.ac.id/index.php?r=peserta/index" "Mozilla/5.0 (Linux; Android 7.0; SM-J530Y Build/NRD90M) AppleWebKit/537.36 (KHTML, like Gecko) Chrome/66.0.3359.158 Mobile Safari/537.36"
64.233.173.144 - - [16/May/2018:11:33:43 +0700] "GET /ckeditor/ckeditor.js HTTP/1.1" 200 204397 "http://wisuda.unida.gontor.ac.id/index.php?r=peserta/index" "Mozilla/5.0 (Linux; Android 7.0; SM-J530Y Build/NRD90M) AppleWebKit/537.36 (KHTML, like Gecko) Chrome/66.0.3359.158 Mobile Safari/537.36"
64.233.173.142 - - [16/May/2018:11:33:43 +0700] "GET /css/form.css HTTP/1.1" 200 1235 "http://wisuda.unida.gontor.ac.id/index.php?r=peserta/index" "Mozilla/5.0 (Linux; Android 7.0; SM-J530Y Build/NRD90M) AppleWebKit/537.36 (KHTML, like Gecko) Chrome/66.0.3359.158 Mobile Safari/537.36"
64.233.173.143 - - [16/May/2018:11:33:43 +0700] "GET /images/register.png HTTP/1.1" 200 19541 "http://wisuda.unida.gontor.ac.id/index.php?r=peserta/index" "Mozilla/5.0 (Linux; Android 7.0; SM-J530Y Build/NRD90M) AppleWebKit/537.36 (KHTML, like Gecko) Chrome/66.0.3359.158 Mobile Safari/537.36"
64.233.173.143 - - [16/May/2018:11:33:44 +0700] "GET /css/print.css HTTP/1.1" 200 998 "http://wisuda.unida.gontor.ac.id/index.php?r=peserta/index" "Mozilla/5.0 (Linux; Android 7.0; SM-J530Y Build/NRD90M) AppleWebKit/537.36 (KHTML, like Gecko) Chrome/66.0.3359.158 Mobile Safari/537.36"
64.233.173.143 - - [16/May/2018:11:33:44 +0700] "GET /images/logo_baak.png HTTP/1.1" 200 87483 "http://wisuda.unida.gontor.ac.id/index.php?r=peserta/index" "Mozilla/5.0 (Linux; Android 7.0; SM-J530Y Build/NRD90M) AppleWebKit/537.36 (KHTML, like Gecko) Chrome/66.0.3359.158 Mobile Safari/537.36"
64.233.173.143 - - [16/May/2018:11:33:45 +0700] "GET /css/bg.gif HTTP/1.1" 200 526 "http://wisuda.unida.gontor.ac.id/css/main.css" "Mozilla/5.0 (Linux; Android 7.0; SM-J530Y Build/NRD90M) AppleWebKit/537.36 (KHTML, like Gecko) Chrome/66.0.3359.158 Mobile Safari/537.36"
36.74.100.252 - - [16/May/2018:11:33:40 +0700] "GET /images/logo_baak.png HTTP/1.1" 200 87482 "http://wisuda.unida.gontor.ac.id/index.php?r=peserta/index" "Mozilla/5.0 (Linux; Android 5.1; 1201 Build/LMY47I) AppleWebKit/537.36 (KHTML, like Gecko) Chrome/66.0.3359.126 Mobile Safari/537.36"
64.233.173.143 - - [16/May/2018:11:33:46 +0700] "GET /index.php?r=peserta/index HTTP/1.1" 200 2102 "-" "Mozilla/5.0 (Linux; Android 7.0; SM-J530Y Build/NRD90M) AppleWebKit/537.36 (KHTML, like Gecko) Chrome/66.0.3359.158 Mobile Safari/537.36"
36.74.100.252 - - [16/May/2018:11:32:54 +0700] "GET /ckeditor/ckeditor.js HTTP/1.1" 200 17160 "http://wisuda.unida.gontor.ac.id/index.php?r=peserta/index" "Mozilla/5.0 (Linux; Android 5.1; 1201 Build/LMY47I) AppleWebKit/537.36 (KHTML, like Gecko) Chrome/66.0.3359.126 Mobile Safari/537.36"
36.74.100.252 - - [16/May/2018:11:32:54 +0700] "GET /images/logo_baak.png HTTP/1.1" 200 37648 "http://wisuda.unida.gontor.ac.id/index.php?r=peserta/index" "Mozilla/5.0 (Linux; Android 5.1; 1201 Build/LMY47I) AppleWebKit/537.36 (KHTML, like Gecko) Chrome/66.0.3359.126 Mobile Safari/537.36"
64.233.173.142 - - [16/May/2018:11:33:46 +0700] "GET /images/logo_baak.png HTTP/1.1" 200 87482 "http://wisuda.unida.gontor.ac.id/index.php?r=peserta/index" "Mozilla/5.0 (Linux; Android 7.0; SM-J530Y Build/NRD90M) AppleWebKit/537.36 (KHTML, like Gecko) Chrome/66.0.3359.158 Mobile Safari/537.36"
64.233.173.142 - - [16/May/2018:11:33:46 +0700] "GET /css/bg.gif HTTP/1.1" 200 525 "http://wisuda.unida.gontor.ac.id/css/main.css" "Mozilla/5.0 (Linux; Android 7.0; SM-J530Y Build/NRD90M) AppleWebKit/537.36 (KHTML, like Gecko) Chrome/66.0.3359.158 Mobile Safari/537.36"
64.233.173.144 - - [16/May/2018:11:33:46 +0700] "GET /favicon.ico HTTP/1.1" 404 514 "http://wisuda.unida.gontor.ac.id/index.php?r=peserta/index" "Mozilla/5.0 (Linux; Android 7.0; SM-J530Y Build/NRD90M) AppleWebKit/537.36 (KHTML, like Gecko) Chrome/66.0.3359.158 Mobile Safari/537.36"
36.74.100.252 - - [16/May/2018:11:33:47 +0700] "POST /index.php?r=peserta/setSessionNIM HTTP/1.1" 200 312 "http://wisuda.unida.gontor.ac.id/index.php?r=peserta/create" "Mozilla/5.0 (Windows NT 6.1; Win64; x64) AppleWebKit/537.36 (KHTML, like Gecko) Chrome/66.0.3359.139 Safari/537.36"
36.74.100.252 - - [16/May/2018:11:33:48 +0700] "GET /images/register.png HTTP/1.1" 200 19540 "http://wisuda.unida.gontor.ac.id/index.php?r=peserta/index" "Mozilla/5.0 (Linux; Android 5.1; 1201 Build/LMY47I) AppleWebKit/537.36 (KHTML, like Gecko) Chrome/66.0.3359.126 Mobile Safari/537.36"
36.74.100.252 - - [16/May/2018:11:33:49 +0700] "POST /index.php?r=peserta/getProdi HTTP/1.1" 200 474 "http://wisuda.unida.gontor.ac.id/index.php?r=peserta/create" "Mozilla/5.0 (Windows NT 6.1; Win64; x64) AppleWebKit/537.36 (KHTML, like Gecko) Chrome/66.0.3359.139 Safari/537.36"
64.233.173.142 - - [16/May/2018:11:33:52 +0700] "GET /index.php?r=peserta/index HTTP/1.1" 200 2161 "-" "Mozilla/5.0 (Linux; Android 7.0; SM-G610F Build/NRD90M) AppleWebKit/537.36 (KHTML, like Gecko) Chrome/65.0.3325.109 Mobile Safari/537.36"
114.125.70.45 - - [16/May/2018:11:33:52 +0700] "GET /index.php?r=peserta/index HTTP/1.1" 200 2105 "-" "Mozilla/5.0 (Linux; Android 7.0; SM-G610F Build/NRD90M) AppleWebKit/537.36 (KHTML, like Gecko) Chrome/65.0.3325.109 Mobile Safari/537.36"
114.125.70.45 - - [16/May/2018:11:33:52 +0700] "GET /css/screen.css HTTP/1.1" 200 3097 "http://wisuda.unida.gontor.ac.id/index.php?r=peserta/index" "Mozilla/5.0 (Linux; Android 7.0; SM-G610F Build/NRD90M) AppleWebKit/537.36 (KHTML, like Gecko) Chrome/65.0.3325.109 Mobile Safari/537.36"
114.125.86.67 - - [16/May/2018:11:33:52 +0700] "GET /css/main.css HTTP/1.1" 200 1166 "http://wisuda.unida.gontor.ac.id/index.php?r=peserta/index" "Mozilla/5.0 (Linux; Android 7.0; SM-G610F Build/NRD90M) AppleWebKit/537.36 (KHTML, like Gecko) Chrome/65.0.3325.109 Mobile Safari/537.36"
114.125.86.173 - - [16/May/2018:11:33:52 +0700] "GET /css/form.css HTTP/1.1" 200 1179 "http://wisuda.unida.gontor.ac.id/index.php?r=peserta/index" "Mozilla/5.0 (Linux; Android 7.0; SM-G610F Build/NRD90M) AppleWebKit/537.36 (KHTML, like Gecko) Chrome/65.0.3325.109 Mobile Safari/537.36"
114.125.86.173 - - [16/May/2018:11:33:52 +0700] "GET /images/logo_baak.png HTTP/1.1" 200 87427 "http://wisuda.unida.gontor.ac.id/index.php?r=peserta/index" "Mozilla/5.0 (Linux; Android 7.0; SM-G610F Build/NRD90M) AppleWebKit/537.36 (KHTML, like Gecko) Chrome/65.0.3325.109 Mobile Safari/537.36"
114.125.70.165 - - [16/May/2018:11:33:52 +0700] "GET /ckeditor/ckeditor.js HTTP/1.1" 200 204341 "http://wisuda.unida.gontor.ac.id/index.php?r=peserta/index" "Mozilla/5.0 (Linux; Android 7.0; SM-G610F Build/NRD90M) AppleWebKit/537.36 (KHTML, like Gecko) Chrome/65.0.3325.109 Mobile Safari/537.36"
114.125.86.173 - - [16/May/2018:11:33:54 +0700] "GET /images/register.png HTTP/1.1" 200 19485 "http://wisuda.unida.gontor.ac.id/index.php?r=peserta/index" "Mozilla/5.0 (Linux; Android 7.0; SM-G610F Build/NRD90M) AppleWebKit/537.36 (KHTML, like Gecko) Chrome/65.0.3325.109 Mobile Safari/537.36"
114.125.86.67 - - [16/May/2018:11:33:54 +0700] "GET /css/bg.gif HTTP/1.1" 200 470 "http://wisuda.unida.gontor.ac.id/css/main.css" "Mozilla/5.0 (Linux; Android 7.0; SM-G610F Build/NRD90M) AppleWebKit/537.36 (KHTML, like Gecko) Chrome/65.0.3325.109 Mobile Safari/537.36"
114.125.70.165 - - [16/May/2018:11:33:54 +0700] "GET /css/print.css HTTP/1.1" 200 942 "http://wisuda.unida.gontor.ac.id/index.php?r=peserta/index" "Mozilla/5.0 (Linux; Android 7.0; SM-G610F Build/NRD90M) AppleWebKit/537.36 (KHTML, like Gecko) Chrome/65.0.3325.109 Mobile Safari/537.36"
114.125.86.67 - - [16/May/2018:11:33:55 +0700] "GET /favicon.ico HTTP/1.1" 404 459 "http://wisuda.unida.gontor.ac.id/index.php?r=peserta/index" "Mozilla/5.0 (Linux; Android 7.0; SM-G610F Build/NRD90M) AppleWebKit/537.36 (KHTML, like Gecko) Chrome/65.0.3325.109 Mobile Safari/537.36"
66.102.6.169 - - [16/May/2018:11:33:55 +0700] "GET / HTTP/1.1" 302 275 "-" "Mozilla/5.0 (X11; Linux x86_64) AppleWebKit/537.36 (KHTML, like Gecko) Chrome/49.0.2623.75 Safari/537.36 Google Favicon"
66.102.6.169 - - [16/May/2018:11:33:55 +0700] "GET /index.php?r=peserta/index HTTP/1.1" 200 2160 "-" "Mozilla/5.0 (X11; Linux x86_64) AppleWebKit/537.36 (KHTML, like Gecko) Chrome/49.0.2623.75 Safari/537.36 Google Favicon"
66.102.6.173 - - [16/May/2018:11:33:56 +0700] "GET /favicon.ico HTTP/1.1" 404 515 "-" "Mozilla/5.0 (X11; Linux x86_64) AppleWebKit/537.36 (KHTML, like Gecko) Chrome/49.0.2623.75 Safari/537.36 Google Favicon"
36.74.100.252 - - [16/May/2018:11:34:01 +0700] "GET /css/print.css HTTP/1.1" 200 998 "http://wisuda.unida.gontor.ac.id/index.php?r=peserta/index" "Mozilla/5.0 (Linux; Android 5.1; 1201 Build/LMY47I) AppleWebKit/537.36 (KHTML, like Gecko) Chrome/66.0.3359.126 Mobile Safari/537.36"
112.215.154.208 - - [16/May/2018:11:34:07 +0700] "GET /index.php?r=peserta/create HTTP/1.1" 200 4980 "http://wisuda.unida.gontor.ac.id/index.php?r=peserta/index" "Mozilla/5.0 (Linux; Android 5.1.1; A37f Build/LMY47V) AppleWebKit/537.36 (KHTML, like Gecko) Chrome/66.0.3359.158 Mobile Safari/537.36"
112.215.154.208 - - [16/May/2018:11:34:07 +0700] "GET /assets/7db98611/fileuploader.css HTTP/1.1" 200 848 "http://wisuda.unida.gontor.ac.id/index.php?r=peserta/create" "Mozilla/5.0 (Linux; Android 5.1.1; A37f Build/LMY47V) AppleWebKit/537.36 (KHTML, like Gecko) Chrome/66.0.3359.158 Mobile Safari/537.36"
112.215.154.208 - - [16/May/2018:11:34:07 +0700] "GET /assets/f5f9305d/jui/css/base/jquery-ui.css HTTP/1.1" 200 7706 "http://wisuda.unida.gontor.ac.id/index.php?r=peserta/create" "Mozilla/5.0 (Linux; Android 5.1.1; A37f Build/LMY47V) AppleWebKit/537.36 (KHTML, like Gecko) Chrome/66.0.3359.158 Mobile Safari/537.36"
112.215.154.208 - - [16/May/2018:11:34:07 +0700] "GET /assets/7db98611/fileuploader.js HTTP/1.1" 200 9616 "http://wisuda.unida.gontor.ac.id/index.php?r=peserta/create" "Mozilla/5.0 (Linux; Android 5.1.1; A37f Build/LMY47V) AppleWebKit/537.36 (KHTML, like Gecko) Chrome/66.0.3359.158 Mobile Safari/537.36"
112.215.154.208 - - [16/May/2018:11:34:07 +0700] "GET /assets/f5f9305d/jquery.js HTTP/1.1" 200 84663 "http://wisuda.unida.gontor.ac.id/index.php?r=peserta/create" "Mozilla/5.0 (Linux; Android 5.1.1; A37f Build/LMY47V) AppleWebKit/537.36 (KHTML, like Gecko) Chrome/66.0.3359.158 Mobile Safari/537.36"
112.215.154.208 - - [16/May/2018:11:34:07 +0700] "GET /js/jquery.min.js HTTP/1.1" 200 33655 "http://wisuda.unida.gontor.ac.id/index.php?r=peserta/create" "Mozilla/5.0 (Linux; Android 5.1.1; A37f Build/LMY47V) AppleWebKit/537.36 (KHTML, like Gecko) Chrome/66.0.3359.158 Mobile Safari/537.36"
112.215.154.208 - - [16/May/2018:11:34:07 +0700] "GET /js/dobPicker.id.min.js HTTP/1.1" 200 1006 "http://wisuda.unida.gontor.ac.id/index.php?r=peserta/create" "Mozilla/5.0 (Linux; Android 5.1.1; A37f Build/LMY47V) AppleWebKit/537.36 (KHTML, like Gecko) Chrome/66.0.3359.158 Mobile Safari/537.36"
112.215.154.208 - - [16/May/2018:11:34:07 +0700] "GET /images/loading.gif HTTP/1.1" 200 1130 "http://wisuda.unida.gontor.ac.id/index.php?r=peserta/create" "Mozilla/5.0 (Linux; Android 5.1.1; A37f Build/LMY47V) AppleWebKit/537.36 (KHTML, like Gecko) Chrome/66.0.3359.158 Mobile Safari/537.36"
112.215.154.208 - - [16/May/2018:11:34:07 +0700] "GET /assets/f5f9305d/jui/js/jquery-ui.min.js HTTP/1.1" 200 64848 "http://wisuda.unida.gontor.ac.id/index.php?r=peserta/create" "Mozilla/5.0 (Linux; Android 5.1.1; A37f Build/LMY47V) AppleWebKit/537.36 (KHTML, like Gecko) Chrome/66.0.3359.158 Mobile Safari/537.36"
112.215.154.208 - - [16/May/2018:11:34:08 +0700] "GET /assets/f5f9305d/jui/css/base/images/ui-bg_flat_75_ffffff_40x100.png HTTP/1.1" 200 490 "http://wisuda.unida.gontor.ac.id/assets/f5f9305d/jui/css/base/jquery-ui.css" "Mozilla/5.0 (Linux; Android 5.1.1; A37f Build/LMY47V) AppleWebKit/537.36 (KHTML, like Gecko) Chrome/66.0.3359.158 Mobile Safari/537.36"
112.215.154.208 - - [16/May/2018:11:34:08 +0700] "GET /assets/f5f9305d/jui/css/base/images/ui-bg_highlight-soft_75_cccccc_1x100.png HTTP/1.1" 200 563 "http://wisuda.unida.gontor.ac.id/assets/f5f9305d/jui/css/base/jquery-ui.css" "Mozilla/5.0 (Linux; Android 5.1.1; A37f Build/LMY47V) AppleWebKit/537.36 (KHTML, like Gecko) Chrome/66.0.3359.158 Mobile Safari/537.36"
112.215.154.208 - - [16/May/2018:11:34:08 +0700] "GET /assets/f5f9305d/jui/css/base/images/ui-bg_glass_75_e6e6e6_1x400.png HTTP/1.1" 200 545 "http://wisuda.unida.gontor.ac.id/assets/f5f9305d/jui/css/base/jquery-ui.css" "Mozilla/5.0 (Linux; Android 5.1.1; A37f Build/LMY47V) AppleWebKit/537.36 (KHTML, like Gecko) Chrome/66.0.3359.158 Mobile Safari/537.36"
112.215.154.208 - - [16/May/2018:11:34:08 +0700] "GET /assets/f5f9305d/jui/css/base/images/ui-icons_222222_256x240.png HTTP/1.1" 200 7207 "http://wisuda.unida.gontor.ac.id/assets/f5f9305d/jui/css/base/jquery-ui.css" "Mozilla/5.0 (Linux; Android 5.1.1; A37f Build/LMY47V) AppleWebKit/537.36 (KHTML, like Gecko) Chrome/66.0.3359.158 Mobile Safari/537.36"
114.125.101.234 - - [16/May/2018:11:29:15 +0700] "GET /ckeditor/ckeditor.js HTTP/1.1" 200 64108 "http://wisuda.unida.gontor.ac.id/index.php?r=peserta/index" "Mozilla/5.0 (Linux; Android 7.0; vivo 1612 Build/NRD90M) AppleWebKit/537.36 (KHTML, like Gecko) Chrome/38.0.2125.102 Mobile Safari/537.36 VivoBrowser/5.2.2"
36.74.100.252 - - [16/May/2018:11:33:39 +0700] "GET /ckeditor/ckeditor.js HTTP/1.1" 200 185127 "http://wisuda.unida.gontor.ac.id/index.php?r=peserta/index" "Mozilla/5.0 (Linux; Android 5.1; 1201 Build/LMY47I) AppleWebKit/537.36 (KHTML, like Gecko) Chrome/66.0.3359.126 Mobile Safari/537.36"
114.125.127.247 - - [16/May/2018:11:34:30 +0700] "GET /index.php?r=peserta/index HTTP/1.1" 200 2105 "-" "Mozilla/5.0 (Linux; Android 5.0; ASUS_Z00AD Build/LRX21V) AppleWebKit/537.36 (KHTML, like Gecko) Chrome/66.0.3359.126 Mobile Safari/537.36"
114.125.127.247 - - [16/May/2018:11:34:31 +0700] "GET /css/screen.css HTTP/1.1" 200 3097 "http://wisuda.unida.gontor.ac.id/index.php?r=peserta/index" "Mozilla/5.0 (Linux; Android 5.0; ASUS_Z00AD Build/LRX21V) AppleWebKit/537.36 (KHTML, like Gecko) Chrome/66.0.3359.126 Mobile Safari/537.36"
114.125.110.108 - - [16/May/2018:11:34:31 +0700] "GET /css/main.css HTTP/1.1" 200 1166 "http://wisuda.unida.gontor.ac.id/index.php?r=peserta/index" "Mozilla/5.0 (Linux; Android 5.0; ASUS_Z00AD Build/LRX21V) AppleWebKit/537.36 (KHTML, like Gecko) Chrome/66.0.3359.126 Mobile Safari/537.36"
114.125.110.230 - - [16/May/2018:11:34:31 +0700] "GET /css/form.css HTTP/1.1" 200 1179 "http://wisuda.unida.gontor.ac.id/index.php?r=peserta/index" "Mozilla/5.0 (Linux; Android 5.0; ASUS_Z00AD Build/LRX21V) AppleWebKit/537.36 (KHTML, like Gecko) Chrome/66.0.3359.126 Mobile Safari/537.36"
114.125.110.108 - - [16/May/2018:11:34:31 +0700] "GET /ckeditor/ckeditor.js HTTP/1.1" 200 204341 "http://wisuda.unida.gontor.ac.id/index.php?r=peserta/index" "Mozilla/5.0 (Linux; Android 5.0; ASUS_Z00AD Build/LRX21V) AppleWebKit/537.36 (KHTML, like Gecko) Chrome/66.0.3359.126 Mobile Safari/537.36"
114.125.110.230 - - [16/May/2018:11:34:31 +0700] "GET /images/logo_baak.png HTTP/1.1" 200 87427 "http://wisuda.unida.gontor.ac.id/index.php?r=peserta/index" "Mozilla/5.0 (Linux; Android 5.0; ASUS_Z00AD Build/LRX21V) AppleWebKit/537.36 (KHTML, like Gecko) Chrome/66.0.3359.126 Mobile Safari/537.36"
114.125.110.108 - - [16/May/2018:11:34:32 +0700] "GET /images/register.png HTTP/1.1" 200 19485 "http://wisuda.unida.gontor.ac.id/index.php?r=peserta/index" "Mozilla/5.0 (Linux; Android 5.0; ASUS_Z00AD Build/LRX21V) AppleWebKit/537.36 (KHTML, like Gecko) Chrome/66.0.3359.126 Mobile Safari/537.36"
114.125.127.247 - - [16/May/2018:11:34:32 +0700] "GET /ckeditor/ckeditor.js? HTTP/1.1" 200 204341 "http://wisuda.unida.gontor.ac.id/index.php?r=peserta/index" "Mozilla/5.0 (Linux; Android 5.0; ASUS_Z00AD Build/LRX21V) AppleWebKit/537.36 (KHTML, like Gecko) Chrome/66.0.3359.126 Mobile Safari/537.36"
36.74.100.252 - - [16/May/2018:11:32:05 +0700] "GET /js/jquery.min.js HTTP/1.1" 200 33656 "http://wisuda.unida.gontor.ac.id/index.php?r=peserta/create" "Mozilla/5.0 (Linux; Android 4.4.2; HUAWEI Y336-U02 Build/HUAWEIY336-U02) AppleWebKit/537.36 (KHTML, like Gecko) Chrome/66.0.3359.158 Mobile Safari/537.36"
114.125.127.237 - - [16/May/2018:11:34:33 +0700] "GET /css/bg.gif HTTP/1.1" 200 470 "http://wisuda.unida.gontor.ac.id/css/main.css" "Mozilla/5.0 (Linux; Android 5.0; ASUS_Z00AD Build/LRX21V) AppleWebKit/537.36 (KHTML, like Gecko) Chrome/66.0.3359.126 Mobile Safari/537.36"
36.74.100.252 - - [16/May/2018:11:34:33 +0700] "GET /js/dobPicker.id.min.js HTTP/1.1" 200 1006 "http://wisuda.unida.gontor.ac.id/index.php?r=peserta/create" "Mozilla/5.0 (Linux; Android 4.4.2; HUAWEI Y336-U02 Build/HUAWEIY336-U02) AppleWebKit/537.36 (KHTML, like Gecko) Chrome/66.0.3359.158 Mobile Safari/537.36"
36.74.100.252 - - [16/May/2018:11:34:33 +0700] "GET /images/loading.gif HTTP/1.1" 200 1130 "http://wisuda.unida.gontor.ac.id/index.php?r=peserta/create" "Mozilla/5.0 (Linux; Android 4.4.2; HUAWEI Y336-U02 Build/HUAWEIY336-U02) AppleWebKit/537.36 (KHTML, like Gecko) Chrome/66.0.3359.158 Mobile Safari/537.36"
114.125.125.127 - - [16/May/2018:11:34:35 +0700] "GET /css/print.css HTTP/1.1" 200 942 "http://wisuda.unida.gontor.ac.id/index.php?r=peserta/index" "Mozilla/5.0 (Linux; Android 5.0; ASUS_Z00AD Build/LRX21V) AppleWebKit/537.36 (KHTML, like Gecko) Chrome/66.0.3359.126 Mobile Safari/537.36"
114.125.101.234 - - [16/May/2018:11:29:35 +0700] "GET /ckeditor/ckeditor.js HTTP/1.1" 200 64108 "http://wisuda.unida.gontor.ac.id/index.php?r=peserta/create" "Mozilla/5.0 (Linux; Android 7.0; vivo 1612 Build/NRD90M) AppleWebKit/537.36 (KHTML, like Gecko) Chrome/38.0.2125.102 Mobile Safari/537.36 VivoBrowser/5.2.2"
64.233.173.144 - - [16/May/2018:11:34:42 +0700] "GET /index.php?r=peserta/index HTTP/1.1" 200 2161 "-" "Mozilla/5.0 (Linux; Android 5.0.2; ASUS_Z010DA Build/LRX22G) AppleWebKit/537.36 (KHTML, like Gecko) Chrome/65.0.3325.109 Mobile Safari/537.36"
64.233.173.143 - - [16/May/2018:11:34:43 +0700] "GET /css/screen.css HTTP/1.1" 200 3153 "http://wisuda.unida.gontor.ac.id/index.php?r=peserta/index" "Mozilla/5.0 (Linux; Android 5.0.2; ASUS_Z010DA Build/LRX22G) AppleWebKit/537.36 (KHTML, like Gecko) Chrome/65.0.3325.109 Mobile Safari/537.36"
64.233.173.144 - - [16/May/2018:11:34:43 +0700] "GET /css/main.css HTTP/1.1" 200 1221 "http://wisuda.unida.gontor.ac.id/index.php?r=peserta/index" "Mozilla/5.0 (Linux; Android 5.0.2; ASUS_Z010DA Build/LRX22G) AppleWebKit/537.36 (KHTML, like Gecko) Chrome/65.0.3325.109 Mobile Safari/537.36"
64.233.173.143 - - [16/May/2018:11:34:43 +0700] "GET /css/form.css HTTP/1.1" 200 1235 "http://wisuda.unida.gontor.ac.id/index.php?r=peserta/index" "Mozilla/5.0 (Linux; Android 5.0.2; ASUS_Z010DA Build/LRX22G) AppleWebKit/537.36 (KHTML, like Gecko) Chrome/65.0.3325.109 Mobile Safari/537.36"
64.233.173.142 - - [16/May/2018:11:34:43 +0700] "GET /ckeditor/ckeditor.js HTTP/1.1" 200 204397 "http://wisuda.unida.gontor.ac.id/index.php?r=peserta/index" "Mozilla/5.0 (Linux; Android 5.0.2; ASUS_Z010DA Build/LRX22G) AppleWebKit/537.36 (KHTML, like Gecko) Chrome/65.0.3325.109 Mobile Safari/537.36"
64.233.173.143 - - [16/May/2018:11:34:43 +0700] "GET /images/logo_baak.png HTTP/1.1" 200 87482 "http://wisuda.unida.gontor.ac.id/index.php?r=peserta/index" "Mozilla/5.0 (Linux; Android 5.0.2; ASUS_Z010DA Build/LRX22G) AppleWebKit/537.36 (KHTML, like Gecko) Chrome/65.0.3325.109 Mobile Safari/537.36"
64.233.173.144 - - [16/May/2018:11:34:43 +0700] "GET /images/register.png HTTP/1.1" 200 19540 "http://wisuda.unida.gontor.ac.id/index.php?r=peserta/index" "Mozilla/5.0 (Linux; Android 5.0.2; ASUS_Z010DA Build/LRX22G) AppleWebKit/537.36 (KHTML, like Gecko) Chrome/65.0.3325.109 Mobile Safari/537.36"
64.233.173.144 - - [16/May/2018:11:34:43 +0700] "GET /css/print.css HTTP/1.1" 200 997 "http://wisuda.unida.gontor.ac.id/index.php?r=peserta/index" "Mozilla/5.0 (Linux; Android 5.0.2; ASUS_Z010DA Build/LRX22G) AppleWebKit/537.36 (KHTML, like Gecko) Chrome/65.0.3325.109 Mobile Safari/537.36"
64.233.173.144 - - [16/May/2018:11:34:43 +0700] "GET /css/bg.gif HTTP/1.1" 200 525 "http://wisuda.unida.gontor.ac.id/css/main.css" "Mozilla/5.0 (Linux; Android 5.0.2; ASUS_Z010DA Build/LRX22G) AppleWebKit/537.36 (KHTML, like Gecko) Chrome/65.0.3325.109 Mobile Safari/537.36"
64.233.173.143 - - [16/May/2018:11:34:44 +0700] "GET /favicon.ico HTTP/1.1" 404 514 "http://wisuda.unida.gontor.ac.id/index.php?r=peserta/index" "Mozilla/5.0 (Linux; Android 5.0.2; ASUS_Z010DA Build/LRX22G) AppleWebKit/537.36 (KHTML, like Gecko) Chrome/65.0.3325.109 Mobile Safari/537.36"
114.125.127.247 - - [16/May/2018:11:34:47 +0700] "GET /favicon.ico HTTP/1.1" 404 459 "http://wisuda.unida.gontor.ac.id/index.php?r=peserta/index" "Mozilla/5.0 (Linux; Android 5.0; ASUS_Z00AD Build/LRX21V) AppleWebKit/537.36 (KHTML, like Gecko) Chrome/66.0.3359.126 Mobile Safari/537.36"
182.1.83.110 - - [16/May/2018:11:34:51 +0700] "GET /index.php?r=peserta/index HTTP/1.1" 200 2047 "-" "Mozilla/5.0 (Linux; Android 5.1.1; Redmi 3 Build/LMY47V) AppleWebKit/537.36 (KHTML, like Gecko) Chrome/66.0.3359.158 Mobile Safari/537.36"
112.215.154.208 - - [16/May/2018:11:34:52 +0700] "GET /index.php?r=peserta/index HTTP/1.1" 200 2103 "-" "Mozilla/5.0 (Linux; Android 5.1.1; A37f Build/LMY47V) AppleWebKit/537.36 (KHTML, like Gecko) Chrome/66.0.3359.158 Mobile Safari/537.36"
64.233.173.144 - - [16/May/2018:11:35:47 +0700] "GET /index.php?r=peserta/create HTTP/1.1" 200 4982 "http://wisuda.unida.gontor.ac.id/index.php?r=peserta/index" "Mozilla/5.0 (Linux; Android 5.0.2; ASUS_Z010DA Build/LRX22G) AppleWebKit/537.36 (KHTML, like Gecko) Chrome/65.0.3325.109 Mobile Safari/537.36"
64.233.173.143 - - [16/May/2018:11:35:48 +0700] "GET /assets/7db98611/fileuploader.css HTTP/1.1" 200 849 "http://wisuda.unida.gontor.ac.id/index.php?r=peserta/create" "Mozilla/5.0 (Linux; Android 5.0.2; ASUS_Z010DA Build/LRX22G) AppleWebKit/537.36 (KHTML, like Gecko) Chrome/65.0.3325.109 Mobile Safari/537.36"
64.233.173.142 - - [16/May/2018:11:35:48 +0700] "GET /assets/f5f9305d/jui/css/base/jquery-ui.css HTTP/1.1" 200 7706 "http://wisuda.unida.gontor.ac.id/index.php?r=peserta/create" "Mozilla/5.0 (Linux; Android 5.0.2; ASUS_Z010DA Build/LRX22G) AppleWebKit/537.36 (KHTML, like Gecko) Chrome/65.0.3325.109 Mobile Safari/537.36"
