64.233.173.142 - - [16/May/2018:11:35:48 +0700] "GET /assets/7db98611/fileuploader.js HTTP/1.1" 200 9616 "http://wisuda.unida.gontor.ac.id/index.php?r=peserta/create" "Mozilla/5.0 (Linux; Android 5.0.2; ASUS_Z010DA Build/LRX22G) AppleWebKit/537.36 (KHTML, like Gecko) Chrome/65.0.3325.109 Mobile Safari/537.36"
64.233.173.142 - - [16/May/2018:11:35:48 +0700] "GET /assets/f5f9305d/jquery.js HTTP/1.1" 200 84663 "http://wisuda.unida.gontor.ac.id/index.php?r=peserta/create" "Mozilla/5.0 (Linux; Android 5.0.2; ASUS_Z010DA Build/LRX22G) AppleWebKit/537.36 (KHTML, like Gecko) Chrome/65.0.3325.109 Mobile Safari/537.36"
64.233.173.144 - - [16/May/2018:11:35:48 +0700] "GET /js/jquery.min.js HTTP/1.1" 200 33655 "http://wisuda.unida.gontor.ac.id/index.php?r=peserta/create" "Mozilla/5.0 (Linux; Android 5.0.2; ASUS_Z010DA Build/LRX22G) AppleWebKit/537.36 (KHTML, like Gecko) Chrome/65.0.3325.109 Mobile Safari/537.36"
64.233.173.143 - - [16/May/2018:11:35:48 +0700] "GET /js/dobPicker.id.min.js HTTP/1.1" 200 1006 "http://wisuda.unida.gontor.ac.id/index.php?r=peserta/create" "Mozilla/5.0 (Linux; Android 5.0.2; ASUS_Z010DA Build/LRX22G) AppleWebKit/537.36 (KHTML, like Gecko) Chrome/65.0.3325.109 Mobile Safari/537.36"
64.233.173.143 - - [16/May/2018:11:35:48 +0700] "GET /assets/f5f9305d/jui/js/jquery-ui.min.js HTTP/1.1" 200 64848 "http://wisuda.unida.gontor.ac.id/index.php?r=peserta/create" "Mozilla/5.0 (Linux; Android 5.0.2; ASUS_Z010DA Build/LRX22G) AppleWebKit/537.36 (KHTML, like Gecko) Chrome/65.0.3325.109 Mobile Safari/537.36"
64.233.173.143 - - [16/May/2018:11:35:48 +0700] "GET /images/loading.gif HTTP/1.1" 200 1130 "http://wisuda.unida.gontor.ac.id/index.php?r=peserta/create" "Mozilla/5.0 (Linux; Android 5.0.2; ASUS_Z010DA Build/LRX22G) AppleWebKit/537.36 (KHTML, like Gecko) Chrome/65.0.3325.109 Mobile Safari/537.36"
64.233.173.143 - - [16/May/2018:11:35:49 +0700] "GET /assets/f5f9305d/jui/css/base/images/ui-bg_flat_75_ffffff_40x100.png HTTP/1.1" 200 490 "http://wisuda.unida.gontor.ac.id/assets/f5f9305d/jui/css/base/jquery-ui.css" "Mozilla/5.0 (Linux; Android 5.0.2; ASUS_Z010DA Build/LRX22G) AppleWebKit/537.36 (KHTML, like Gecko) Chrome/65.0.3325.109 Mobile Safari/537.36"
64.233.173.144 - - [16/May/2018:11:35:49 +0700] "GET /assets/f5f9305d/jui/css/base/images/ui-bg_highlight-soft_75_cccccc_1x100.png HTTP/1.1" 200 563 "http://wisuda.unida.gontor.ac.id/assets/f5f9305d/jui/css/base/jquery-ui.css" "Mozilla/5.0 (Linux; Android 5.0.2; ASUS_Z010DA Build/LRX22G) AppleWebKit/537.36 (KHTML, like Gecko) Chrome/65.0.3325.109 Mobile Safari/537.36"
64.233.173.143 - - [16/May/2018:11:35:49 +0700] "GET /assets/f5f9305d/jui/css/base/images/ui-icons_222222_256x240.png HTTP/1.1" 200 7207 "http://wisuda.unida.gontor.ac.id/assets/f5f9305d/jui/css/base/jquery-ui.css" "Mozilla/5.0 (Linux; Android 5.0.2; ASUS_Z010DA Build/LRX22G) AppleWebKit/537.36 (KHTML, like Gecko) Chrome/65.0.3325.109 Mobile Safari/537.36"
64.233.173.144 - - [16/May/2018:11:35:49 +0700] "GET /assets/f5f9305d/jui/css/base/images/ui-bg_glass_75_e6e6e6_1x400.png HTTP/1.1" 200 546 "http://wisuda.unida.gontor.ac.id/assets/f5f9305d/jui/css/base/jquery-ui.css" "Mozilla/5.0 (Linux; Android 5.0.2; ASUS_Z010DA Build/LRX22G) AppleWebKit/537.36 (KHTML, like Gecko) Chrome/65.0.3325.109 Mobile Safari/537.36"
114.125.110.25 - - [16/May/2018:11:31:08 +0700] "GET /ckeditor/ckeditor.js HTTP/1.1" 200 68392 "http://wisuda.unida.gontor.ac.id/index.php?r=peserta/index" "Mozilla/5.0 (Linux; Android 7.0; vivo 1612 Build/NRD90M) AppleWebKit/537.36 (KHTML, like Gecko) Chrome/38.0.2125.102 Mobile Safari/537.36 VivoBrowser/5.2.2"
36.74.100.252 - - [16/May/2018:11:36:22 +0700] "GET /assets/f5f9305d/jui/css/base/images/ui-bg_glass_75_dadada_1x400.png HTTP/1.1" 200 546 "http://wisuda.unida.gontor.ac.id/assets/f5f9305d/jui/css/base/jquery-ui.css" "Mozilla/5.0 (Windows NT 6.1; Win64; x64) AppleWebKit/537.36 (KHTML, like Gecko) Chrome/66.0.3359.139 Safari/537.36"
36.74.100.252 - - [16/May/2018:11:36:22 +0700] "GET /assets/f5f9305d/jui/css/base/images/ui-icons_888888_256x240.png HTTP/1.1" 200 7285 "http://wisuda.unida.gontor.ac.id/assets/f5f9305d/jui/css/base/jquery-ui.css" "Mozilla/5.0 (Windows NT 6.1; Win64; x64) AppleWebKit/537.36 (KHTML, like Gecko) Chrome/66.0.3359.139 Safari/537.36"
36.74.100.252 - - [16/May/2018:11:36:22 +0700] "GET /assets/f5f9305d/jui/css/base/images/ui-icons_454545_256x240.png HTTP/1.1" 200 7278 "http://wisuda.unida.gontor.ac.id/assets/f5f9305d/jui/css/base/jquery-ui.css" "Mozilla/5.0 (Windows NT 6.1; Win64; x64) AppleWebKit/537.36 (KHTML, like Gecko) Chrome/66.0.3359.139 Safari/537.36"
64.233.173.142 - - [16/May/2018:11:36:23 +0700] "GET /index.php?r=peserta/index HTTP/1.1" 200 2103 "-" "Mozilla/5.0 (Linux; Android 5.0.2; ASUS_Z010DA Build/LRX22G) AppleWebKit/537.36 (KHTML, like Gecko) Chrome/65.0.3325.109 Mobile Safari/537.36"
36.74.100.252 - - [16/May/2018:11:36:24 +0700] "GET /assets/f5f9305d/jui/css/base/images/ui-bg_glass_65_ffffff_1x400.png HTTP/1.1" 200 489 "http://wisuda.unida.gontor.ac.id/assets/f5f9305d/jui/css/base/jquery-ui.css" "Mozilla/5.0 (Windows NT 6.1; Win64; x64) AppleWebKit/537.36 (KHTML, like Gecko) Chrome/66.0.3359.139 Safari/537.36"
36.74.100.252 - - [16/May/2018:11:36:34 +0700] "GET / HTTP/1.1" 302 275 "-" "Mozilla/5.0 (Windows NT 6.1; Win64; x64) AppleWebKit/537.36 (KHTML, like Gecko) Chrome/66.0.3359.139 Safari/537.36"
36.74.100.252 - - [16/May/2018:11:36:34 +0700] "GET /index.php?r=peserta/index HTTP/1.1" 200 2102 "-" "Mozilla/5.0 (Windows NT 6.1; Win64; x64) AppleWebKit/537.36 (KHTML, like Gecko) Chrome/66.0.3359.139 Safari/537.36"
36.74.100.252 - - [16/May/2018:11:36:38 +0700] "GET /index.php?r=peserta/create HTTP/1.1" 200 4903 "http://wisuda.unida.gontor.ac.id/index.php?r=peserta/index" "Mozilla/5.0 (Windows NT 6.1; Win64; x64) AppleWebKit/537.36 (KHTML, like Gecko) Chrome/66.0.3359.139 Safari/537.36"
114.7.12.49 - - [16/May/2018:11:36:50 +0700] "GET /index.php?r=peserta/index HTTP/1.1" 200 2161 "-" "Mozilla/5.0 (Linux; Android 7.0; SAMSUNG SM-J730G Build/NRD90M) AppleWebKit/537.36 (KHTML, like Gecko) SamsungBrowser/6.4 Chrome/56.0.2924.87 Mobile Safari/537.36"
36.74.100.252 - - [16/May/2018:11:36:50 +0700] "GET / HTTP/1.1" 302 275 "-" "Mozilla/5.0 (Windows NT 6.1; Win64; x64) AppleWebKit/537.36 (KHTML, like Gecko) Chrome/66.0.3359.139 Safari/537.36"
36.74.100.252 - - [16/May/2018:11:36:50 +0700] "GET /index.php?r=peserta/index HTTP/1.1" 200 2102 "-" "Mozilla/5.0 (Windows NT 6.1; Win64; x64) AppleWebKit/537.36 (KHTML, like Gecko) Chrome/66.0.3359.139 Safari/537.36"
114.7.12.49 - - [16/May/2018:11:36:51 +0700] "GET /css/screen.css HTTP/1.1" 200 3152 "http://wisuda.unida.gontor.ac.id/index.php?r=peserta/index" "Mozilla/5.0 (Linux; Android 7.0; SAMSUNG SM-J730G Build/NRD90M) AppleWebKit/537.36 (KHTML, like Gecko) SamsungBrowser/6.4 Chrome/56.0.2924.87 Mobile Safari/537.36"
114.7.12.49 - - [16/May/2018:11:36:51 +0700] "GET /css/main.css HTTP/1.1" 200 1222 "http://wisuda.unida.gontor.ac.id/index.php?r=peserta/index" "Mozilla/5.0 (Linux; Android 7.0; SAMSUNG SM-J730G Build/NRD90M) AppleWebKit/537.36 (KHTML, like Gecko) SamsungBrowser/6.4 Chrome/56.0.2924.87 Mobile Safari/537.36"
114.7.12.49 - - [16/May/2018:11:36:51 +0700] "GET /css/form.css HTTP/1.1" 200 1235 "http://wisuda.unida.gontor.ac.id/index.php?r=peserta/index" "Mozilla/5.0 (Linux; Android 7.0; SAMSUNG SM-J730G Build/NRD90M) AppleWebKit/537.36 (KHTML, like Gecko) SamsungBrowser/6.4 Chrome/56.0.2924.87 Mobile Safari/537.36"
114.7.12.49 - - [16/May/2018:11:36:51 +0700] "GET /images/logo_baak.png HTTP/1.1" 200 87482 "http://wisuda.unida.gontor.ac.id/index.php?r=peserta/index" "Mozilla/5.0 (Linux; Android 7.0; SAMSUNG SM-J730G Build/NRD90M) AppleWebKit/537.36 (KHTML, like Gecko) SamsungBrowser/6.4 Chrome/56.0.2924.87 Mobile Safari/537.36"
114.7.12.49 - - [16/May/2018:11:36:51 +0700] "GET /ckeditor/ckeditor.js HTTP/1.1" 200 204397 "http://wisuda.unida.gontor.ac.id/index.php?r=peserta/index" "Mozilla/5.0 (Linux; Android 7.0; SAMSUNG SM-J730G Build/NRD90M) AppleWebKit/537.36 (KHTML, like Gecko) SamsungBrowser/6.4 Chrome/56.0.2924.87 Mobile Safari/537.36"
114.7.12.49 - - [16/May/2018:11:36:51 +0700] "GET /images/register.png HTTP/1.1" 200 19540 "http://wisuda.unida.gontor.ac.id/index.php?r=peserta/index" "Mozilla/5.0 (Linux; Android 7.0; SAMSUNG SM-J730G Build/NRD90M) AppleWebKit/537.36 (KHTML, like Gecko) SamsungBrowser/6.4 Chrome/56.0.2924.87 Mobile Safari/537.36"
114.7.12.49 - - [16/May/2018:11:36:51 +0700] "GET /css/print.css HTTP/1.1" 200 997 "http://wisuda.unida.gontor.ac.id/index.php?r=peserta/index" "Mozilla/5.0 (Linux; Android 7.0; SAMSUNG SM-J730G Build/NRD90M) AppleWebKit/537.36 (KHTML, like Gecko) SamsungBrowser/6.4 Chrome/56.0.2924.87 Mobile Safari/537.36"
114.7.12.49 - - [16/May/2018:11:36:52 +0700] "GET /css/bg.gif HTTP/1.1" 200 525 "http://wisuda.unida.gontor.ac.id/css/main.css" "Mozilla/5.0 (Linux; Android 7.0; SAMSUNG SM-J730G Build/NRD90M) AppleWebKit/537.36 (KHTML, like Gecko) SamsungBrowser/6.4 Chrome/56.0.2924.87 Mobile Safari/537.36"
114.7.12.49 - - [16/May/2018:11:36:52 +0700] "GET /favicon.ico HTTP/1.1" 404 514 "http://wisuda.unida.gontor.ac.id/index.php?r=peserta/index" "Mozilla/5.0 (Linux; Android 7.0; SAMSUNG SM-J730G Build/NRD90M) AppleWebKit/537.36 (KHTML, like Gecko) SamsungBrowser/6.4 Chrome/56.0.2924.87 Mobile Safari/537.36"
36.74.100.252 - - [16/May/2018:11:36:52 +0700] "GET /index.php?r=peserta/index HTTP/1.1" 200 2102 "-" "Mozilla/5.0 (Windows NT 6.1; Win64; x64) AppleWebKit/537.36 (KHTML, like Gecko) Chrome/66.0.3359.139 Safari/537.36"
114.125.108.191 - - [16/May/2018:11:32:38 +0700] "GET /ckeditor/ckeditor.js HTTP/1.1" 200 55540 "http://wisuda.unida.gontor.ac.id/index.php?r=peserta/create" "Mozilla/5.0 (Linux; Android 7.0; vivo 1612 Build/NRD90M) AppleWebKit/537.36 (KHTML, like Gecko) Chrome/38.0.2125.102 Mobile Safari/537.36 VivoBrowser/5.2.2"
115.178.235.208 - - [16/May/2018:11:39:07 +0700] "GET /index.php?r=peserta/index HTTP/1.1" 200 0 "-" "Mozilla/5.0 (Linux; Android 5.1.1; A37f Build/LMY47V) AppleWebKit/537.36 (KHTML, like Gecko) Chrome/66.0.3359.158 Mobile Safari/537.36"
115.178.235.208 - - [16/May/2018:11:39:08 +0700] "GET /index.php?r=peserta/index HTTP/1.1" 200 2161 "http://wisuda.unida.gontor.ac.id/index.php?r=peserta/index" "Mozilla/5.0 (Linux; Android 5.1.1; A37f Build/LMY47V) AppleWebKit/537.36 (KHTML, like Gecko) Chrome/66.0.3359.158 Mobile Safari/537.36"
115.178.235.208 - - [16/May/2018:11:39:08 +0700] "GET /css/screen.css HTTP/1.1" 200 3152 "http://wisuda.unida.gontor.ac.id/index.php?r=peserta/index" "Mozilla/5.0 (Linux; Android 5.1.1; A37f Build/LMY47V) AppleWebKit/537.36 (KHTML, like Gecko) Chrome/66.0.3359.158 Mobile Safari/537.36"
115.178.235.208 - - [16/May/2018:11:39:08 +0700] "GET /css/main.css HTTP/1.1" 200 1222 "http://wisuda.unida.gontor.ac.id/index.php?r=peserta/index" "Mozilla/5.0 (Linux; Android 5.1.1; A37f Build/LMY47V) AppleWebKit/537.36 (KHTML, like Gecko) Chrome/66.0.3359.158 Mobile Safari/537.36"
115.178.235.208 - - [16/May/2018:11:39:08 +0700] "GET /css/form.css HTTP/1.1" 200 1235 "http://wisuda.unida.gontor.ac.id/index.php?r=peserta/index" "Mozilla/5.0 (Linux; Android 5.1.1; A37f Build/LMY47V) AppleWebKit/537.36 (KHTML, like Gecko) Chrome/66.0.3359.158 Mobile Safari/537.36"
115.178.235.208 - - [16/May/2018:11:39:08 +0700] "GET /images/register.png HTTP/1.1" 200 19540 "http://wisuda.unida.gontor.ac.id/index.php?r=peserta/index" "Mozilla/5.0 (Linux; Android 5.1.1; A37f Build/LMY47V) AppleWebKit/537.36 (KHTML, like Gecko) Chrome/66.0.3359.158 Mobile Safari/537.36"
115.178.235.208 - - [16/May/2018:11:39:08 +0700] "GET /ckeditor/ckeditor.js HTTP/1.1" 200 204397 "http://wisuda.unida.gontor.ac.id/index.php?r=peserta/index" "Mozilla/5.0 (Linux; Android 5.1.1; A37f Build/LMY47V) AppleWebKit/537.36 (KHTML, like Gecko) Chrome/66.0.3359.158 Mobile Safari/537.36"
115.178.235.208 - - [16/May/2018:11:39:09 +0700] "GET /css/bg.gif HTTP/1.1" 200 525 "http://wisuda.unida.gontor.ac.id/css/main.css" "Mozilla/5.0 (Linux; Android 5.1.1; A37f Build/LMY47V) AppleWebKit/537.36 (KHTML, like Gecko) Chrome/66.0.3359.158 Mobile Safari/537.36"
115.178.235.208 - - [16/May/2018:11:39:09 +0700] "GET /images/logo_baak.png HTTP/1.1" 200 87483 "http://wisuda.unida.gontor.ac.id/index.php?r=peserta/index" "Mozilla/5.0 (Linux; Android 5.1.1; A37f Build/LMY47V) AppleWebKit/537.36 (KHTML, like Gecko) Chrome/66.0.3359.158 Mobile Safari/537.36"
115.178.235.208 - - [16/May/2018:11:39:10 +0700] "GET /css/print.css HTTP/1.1" 200 998 "http://wisuda.unida.gontor.ac.id/index.php?r=peserta/index" "Mozilla/5.0 (Linux; Android 5.1.1; A37f Build/LMY47V) AppleWebKit/537.36 (KHTML, like Gecko) Chrome/66.0.3359.158 Mobile Safari/537.36"
115.178.235.208 - - [16/May/2018:11:39:10 +0700] "GET /favicon.ico HTTP/1.1" 404 514 "http://wisuda.unida.gontor.ac.id/index.php?r=peserta/index" "Mozilla/5.0 (Linux; Android 5.1.1; A37f Build/LMY47V) AppleWebKit/537.36 (KHTML, like Gecko) Chrome/66.0.3359.158 Mobile Safari/537.36"
115.178.235.208 - - [16/May/2018:11:40:09 +0700] "GET /index.php?r=peserta/index HTTP/1.1" 200 2103 "-" "Mozilla/5.0 (Linux; Android 5.1.1; A37f Build/LMY47V) AppleWebKit/537.36 (KHTML, like Gecko) Chrome/66.0.3359.158 Mobile Safari/537.36"
203.78.118.106 - - [16/May/2018:11:40:13 +0700] "GET /index.php?r=peserta/index HTTP/1.1" 200 2161 "-" "Mozilla/5.0 (Linux; Android 6.0; CPH1609 Build/MRA58K) AppleWebKit/537.36 (KHTML, like Gecko) Chrome/65.0.3325.109 Mobile Safari/537.36"
203.78.118.106 - - [16/May/2018:11:40:21 +0700] "GET /index.php?r=peserta/index HTTP/1.1" 200 2161 "http://ibn.adreach.co/interstitial;jsessionid=CDDBCAF33589539B9A6E6B56822D26E5?orgUrl=http%3A%2F%2Fwisuda.unida.gontor.ac.id%2Findex.php%3Fr%3Dpeserta%2Findex&adsTransactionId=D0426445613622593&interstitialTimeout=7&width=320&height=480&i=169661759&clickUrl=http%3A%2F%2Fibn.adreach.co%3A80%2Fads-click%3F%26adsTransactionId%3DD0426445613622593%26targetUrl%3Dhttp%253A%252F%252Fxl.co.id%252Fmyxl%26orgUrl%3Dhttp%253A%252F%252Fwisuda.unida.gontor.ac.id%252Findex.php%253Fr%253Dpeserta%252Findex%26i%3D169661759&beaconUrl=" "Mozilla/5.0 (Linux; Android 6.0; CPH1609 Build/MRA58K) AppleWebKit/537.36 (KHTML, like Gecko) Chrome/65.0.3325.109 Mobile Safari/537.36"
203.78.118.106 - - [16/May/2018:11:40:22 +0700] "GET /css/main.css HTTP/1.1" 200 1222 "http://wisuda.unida.gontor.ac.id/index.php?r=peserta/index" "Mozilla/5.0 (Linux; Android 6.0; CPH1609 Build/MRA58K) AppleWebKit/537.36 (KHTML, like Gecko) Chrome/65.0.3325.109 Mobile Safari/537.36"
203.78.118.106 - - [16/May/2018:11:40:22 +0700] "GET /css/screen.css HTTP/1.1" 200 3153 "http://wisuda.unida.gontor.ac.id/index.php?r=peserta/index" "Mozilla/5.0 (Linux; Android 6.0; CPH1609 Build/MRA58K) AppleWebKit/537.36 (KHTML, like Gecko) Chrome/65.0.3325.109 Mobile Safari/537.36"
203.78.118.106 - - [16/May/2018:11:40:22 +0700] "GET /css/form.css HTTP/1.1" 200 1235 "http://wisuda.unida.gontor.ac.id/index.php?r=peserta/index" "Mozilla/5.0 (Linux; Android 6.0; CPH1609 Build/MRA58K) AppleWebKit/537.36 (KHTML, like Gecko) Chrome/65.0.3325.109 Mobile Safari/537.36"
203.78.118.106 - - [16/May/2018:11:40:22 +0700] "GET /images/logo_baak.png HTTP/1.1" 200 87482 "http://wisuda.unida.gontor.ac.id/index.php?r=peserta/index" "Mozilla/5.0 (Linux; Android 6.0; CPH1609 Build/MRA58K) AppleWebKit/537.36 (KHTML, like Gecko) Chrome/65.0.3325.109 Mobile Safari/537.36"
203.78.118.106 - - [16/May/2018:11:40:22 +0700] "GET /images/register.png HTTP/1.1" 200 19540 "http://wisuda.unida.gontor.ac.id/index.php?r=peserta/index" "Mozilla/5.0 (Linux; Android 6.0; CPH1609 Build/MRA58K) AppleWebKit/537.36 (KHTML, like Gecko) Chrome/65.0.3325.109 Mobile Safari/537.36"
203.78.118.106 - - [16/May/2018:11:40:22 +0700] "GET /css/print.css HTTP/1.1" 200 997 "http://wisuda.unida.gontor.ac.id/index.php?r=peserta/index" "Mozilla/5.0 (Linux; Android 6.0; CPH1609 Build/MRA58K) AppleWebKit/537.36 (KHTML, like Gecko) Chrome/65.0.3325.109 Mobile Safari/537.36"
203.78.118.106 - - [16/May/2018:11:40:22 +0700] "GET /ckeditor/ckeditor.js HTTP/1.1" 200 204397 "http://wisuda.unida.gontor.ac.id/index.php?r=peserta/index" "Mozilla/5.0 (Linux; Android 6.0; CPH1609 Build/MRA58K) AppleWebKit/537.36 (KHTML, like Gecko) Chrome/65.0.3325.109 Mobile Safari/537.36"
203.78.118.106 - - [16/May/2018:11:40:26 +0700] "GET /css/bg.gif HTTP/1.1" 200 525 "http://wisuda.unida.gontor.ac.id/css/main.css" "Mozilla/5.0 (Linux; Android 6.0; CPH1609 Build/MRA58K) AppleWebKit/537.36 (KHTML, like Gecko) Chrome/65.0.3325.109 Mobile Safari/537.36"
203.78.118.106 - - [16/May/2018:11:40:26 +0700] "GET /favicon.ico HTTP/1.1" 404 514 "http://wisuda.unida.gontor.ac.id/index.php?r=peserta/index" "Mozilla/5.0 (Linux; Android 6.0; CPH1609 Build/MRA58K) AppleWebKit/537.36 (KHTML, like Gecko) Chrome/65.0.3325.109 Mobile Safari/537.36"
64.233.173.144 - - [16/May/2018:11:40:37 +0700] "GET /index.php?r=peserta/index HTTP/1.1" 200 2103 "-" "Mozilla/5.0 (Linux; Android 6.0.1; SM-G610F Build/MMB29K) AppleWebKit/537.36 (KHTML, like Gecko) Chrome/66.0.3359.126 Mobile Safari/537.36"
203.78.118.106 - - [16/May/2018:11:40:47 +0700] "GET /index.php?r=peserta/index HTTP/1.1" 200 2103 "-" "Mozilla/5.0 (Linux; Android 6.0; CPH1609 Build/MRA58K) AppleWebKit/537.36 (KHTML, like Gecko) Chrome/65.0.3325.109 Mobile Safari/537.36"
36.74.100.252 - - [16/May/2018:11:40:56 +0700] "GET /index.php?r=peserta/create HTTP/1.1" 200 4905 "http://wisuda.unida.gontor.ac.id/index.php?r=peserta/index" "Mozilla/5.0 (Windows NT 6.1; Win64; x64) AppleWebKit/537.36 (KHTML, like Gecko) Chrome/66.0.3359.139 Safari/537.36"
36.74.100.252 - - [16/May/2018:11:43:18 +0700] "GET /index.php?r=peserta/index HTTP/1.1" 200 2161 "-" "Mozilla/5.0 (iPhone; CPU iPhone OS 9_3_2 like Mac OS X) AppleWebKit/601.1.46 (KHTML, like Gecko) Version/9.0 Mobile/13F69 Safari/601.1"
36.74.100.252 - - [16/May/2018:11:43:18 +0700] "GET /css/screen.css HTTP/1.1" 200 3152 "http://wisuda.unida.gontor.ac.id/index.php?r=peserta/index" "Mozilla/5.0 (iPhone; CPU iPhone OS 9_3_2 like Mac OS X) AppleWebKit/601.1.46 (KHTML, like Gecko) Version/9.0 Mobile/13F69 Safari/601.1"
36.74.100.252 - - [16/May/2018:11:43:18 +0700] "GET /css/print.css HTTP/1.1" 200 998 "http://wisuda.unida.gontor.ac.id/index.php?r=peserta/index" "Mozilla/5.0 (iPhone; CPU iPhone OS 9_3_2 like Mac OS X) AppleWebKit/601.1.46 (KHTML, like Gecko) Version/9.0 Mobile/13F69 Safari/601.1"
36.74.100.252 - - [16/May/2018:11:43:18 +0700] "GET /css/main.css HTTP/1.1" 200 1222 "http://wisuda.unida.gontor.ac.id/index.php?r=peserta/index" "Mozilla/5.0 (iPhone; CPU iPhone OS 9_3_2 like Mac OS X) AppleWebKit/601.1.46 (KHTML, like Gecko) Version/9.0 Mobile/13F69 Safari/601.1"
36.74.100.252 - - [16/May/2018:11:43:18 +0700] "GET /images/register.png HTTP/1.1" 200 19540 "http://wisuda.unida.gontor.ac.id/index.php?r=peserta/index" "Mozilla/5.0 (iPhone; CPU iPhone OS 9_3_2 like Mac OS X) AppleWebKit/601.1.46 (KHTML, like Gecko) Version/9.0 Mobile/13F69 Safari/601.1"
36.74.100.252 - - [16/May/2018:11:43:18 +0700] "GET /ckeditor/ckeditor.js HTTP/1.1" 200 204397 "http://wisuda.unida.gontor.ac.id/index.php?r=peserta/index" "Mozilla/5.0 (iPhone; CPU iPhone OS 9_3_2 like Mac OS X) AppleWebKit/601.1.46 (KHTML, like Gecko) Version/9.0 Mobile/13F69 Safari/601.1"
36.74.100.252 - - [16/May/2018:11:43:19 +0700] "GET /css/form.css HTTP/1.1" 200 1235 "http://wisuda.unida.gontor.ac.id/index.php?r=peserta/index" "Mozilla/5.0 (iPhone; CPU iPhone OS 9_3_2 like Mac OS X) AppleWebKit/601.1.46 (KHTML, like Gecko) Version/9.0 Mobile/13F69 Safari/601.1"
36.74.100.252 - - [16/May/2018:11:43:18 +0700] "GET /images/logo_baak.png HTTP/1.1" 200 87483 "http://wisuda.unida.gontor.ac.id/index.php?r=peserta/index" "Mozilla/5.0 (iPhone; CPU iPhone OS 9_3_2 like Mac OS X) AppleWebKit/601.1.46 (KHTML, like Gecko) Version/9.0 Mobile/13F69 Safari/601.1"
36.74.100.252 - - [16/May/2018:11:43:21 +0700] "GET /css/bg.gif HTTP/1.1" 200 525 "http://wisuda.unida.gontor.ac.id/index.php?r=peserta/index" "Mozilla/5.0 (iPhone; CPU iPhone OS 9_3_2 like Mac OS X) AppleWebKit/601.1.46 (KHTML, like Gecko) Version/9.0 Mobile/13F69 Safari/601.1"
36.74.100.252 - - [16/May/2018:11:44:04 +0700] "GET /index.php?r=peserta/create HTTP/1.1" 200 4982 "http://wisuda.unida.gontor.ac.id/index.php?r=peserta/index" "Mozilla/5.0 (iPhone; CPU iPhone OS 9_3_2 like Mac OS X) AppleWebKit/601.1.46 (KHTML, like Gecko) Version/9.0 Mobile/13F69 Safari/601.1"
36.74.100.252 - - [16/May/2018:11:44:04 +0700] "GET /assets/7db98611/fileuploader.css HTTP/1.1" 200 848 "http://wisuda.unida.gontor.ac.id/index.php?r=peserta/create" "Mozilla/5.0 (iPhone; CPU iPhone OS 9_3_2 like Mac OS X) AppleWebKit/601.1.46 (KHTML, like Gecko) Version/9.0 Mobile/13F69 Safari/601.1"
36.74.100.252 - - [16/May/2018:11:44:04 +0700] "GET /assets/7db98611/fileuploader.js HTTP/1.1" 200 9616 "http://wisuda.unida.gontor.ac.id/index.php?r=peserta/create" "Mozilla/5.0 (iPhone; CPU iPhone OS 9_3_2 like Mac OS X) AppleWebKit/601.1.46 (KHTML, like Gecko) Version/9.0 Mobile/13F69 Safari/601.1"
36.74.100.252 - - [16/May/2018:11:44:04 +0700] "GET /js/dobPicker.id.min.js HTTP/1.1" 200 1007 "http://wisuda.unida.gontor.ac.id/index.php?r=peserta/create" "Mozilla/5.0 (iPhone; CPU iPhone OS 9_3_2 like Mac OS X) AppleWebKit/601.1.46 (KHTML, like Gecko) Version/9.0 Mobile/13F69 Safari/601.1"
36.74.100.252 - - [16/May/2018:11:44:04 +0700] "GET /js/jquery.min.js HTTP/1.1" 200 33656 "http://wisuda.unida.gontor.ac.id/index.php?r=peserta/create" "Mozilla/5.0 (iPhone; CPU iPhone OS 9_3_2 like Mac OS X) AppleWebKit/601.1.46 (KHTML, like Gecko) Version/9.0 Mobile/13F69 Safari/601.1"
36.74.100.252 - - [16/May/2018:11:44:04 +0700] "GET /assets/f5f9305d/jui/js/jquery-ui.min.js HTTP/1.1" 200 54807 "http://wisuda.unida.gontor.ac.id/index.php?r=peserta/create" "Mozilla/5.0 (iPhone; CPU iPhone OS 9_3_2 like Mac OS X) AppleWebKit/601.1.46 (KHTML, like Gecko) Version/9.0 Mobile/13F69 Safari/601.1"
36.74.100.252 - - [16/May/2018:11:44:04 +0700] "GET /images/loading.gif HTTP/1.1" 200 11171 "http://wisuda.unida.gontor.ac.id/index.php?r=peserta/create" "Mozilla/5.0 (iPhone; CPU iPhone OS 9_3_2 like Mac OS X) AppleWebKit/601.1.46 (KHTML, like Gecko) Version/9.0 Mobile/13F69 Safari/601.1"
36.74.100.252 - - [16/May/2018:11:44:05 +0700] "GET /assets/f5f9305d/jui/css/base/jquery-ui.css HTTP/1.1" 200 7706 "http://wisuda.unida.gontor.ac.id/index.php?r=peserta/create" "Mozilla/5.0 (iPhone; CPU iPhone OS 9_3_2 like Mac OS X) AppleWebKit/601.1.46 (KHTML, like Gecko) Version/9.0 Mobile/13F69 Safari/601.1"
36.74.100.252 - - [16/May/2018:11:44:04 +0700] "GET /assets/f5f9305d/jquery.js HTTP/1.1" 200 84663 "http://wisuda.unida.gontor.ac.id/index.php?r=peserta/create" "Mozilla/5.0 (iPhone; CPU iPhone OS 9_3_2 like Mac OS X) AppleWebKit/601.1.46 (KHTML, like Gecko) Version/9.0 Mobile/13F69 Safari/601.1"
36.74.100.252 - - [16/May/2018:11:44:07 +0700] "GET /assets/f5f9305d/jui/css/base/images/ui-bg_flat_75_ffffff_40x100.png HTTP/1.1" 200 490 "http://wisuda.unida.gontor.ac.id/index.php?r=peserta/create" "Mozilla/5.0 (iPhone; CPU iPhone OS 9_3_2 like Mac OS X) AppleWebKit/601.1.46 (KHTML, like Gecko) Version/9.0 Mobile/13F69 Safari/601.1"
36.74.100.252 - - [16/May/2018:11:44:07 +0700] "GET /assets/f5f9305d/jui/css/base/images/ui-icons_222222_256x240.png HTTP/1.1" 200 7207 "http://wisuda.unida.gontor.ac.id/index.php?r=peserta/create" "Mozilla/5.0 (iPhone; CPU iPhone OS 9_3_2 like Mac OS X) AppleWebKit/601.1.46 (KHTML, like Gecko) Version/9.0 Mobile/13F69 Safari/601.1"
182.1.80.29 - - [16/May/2018:11:47:33 +0700] "GET /index.php?r=peserta/index HTTP/1.1" 200 2105 "-" "Mozilla/5.0 (iPhone; CPU iPhone OS 11_3 like Mac OS X) AppleWebKit/605.1.15 (KHTML, like Gecko) Version/11.0 Mobile/15E148 Safari/604.1"
182.1.80.29 - - [16/May/2018:11:47:33 +0700] "GET /css/screen.css HTTP/1.1" 200 3097 "http://wisuda.unida.gontor.ac.id/index.php?r=peserta/index" "Mozilla/5.0 (iPhone; CPU iPhone OS 11_3 like Mac OS X) AppleWebKit/605.1.15 (KHTML, like Gecko) Version/11.0 Mobile/15E148 Safari/604.1"
182.1.83.30 - - [16/May/2018:11:47:33 +0700] "GET /css/print.css HTTP/1.1" 200 942 "http://wisuda.unida.gontor.ac.id/index.php?r=peserta/index" "Mozilla/5.0 (iPhone; CPU iPhone OS 11_3 like Mac OS X) AppleWebKit/605.1.15 (KHTML, like Gecko) Version/11.0 Mobile/15E148 Safari/604.1"
182.1.83.30 - - [16/May/2018:11:47:33 +0700] "GET /css/main.css HTTP/1.1" 200 1166 "http://wisuda.unida.gontor.ac.id/index.php?r=peserta/index" "Mozilla/5.0 (iPhone; CPU iPhone OS 11_3 like Mac OS X) AppleWebKit/605.1.15 (KHTML, like Gecko) Version/11.0 Mobile/15E148 Safari/604.1"
182.1.83.30 - - [16/May/2018:11:47:33 +0700] "GET /css/form.css HTTP/1.1" 200 1179 "http://wisuda.unida.gontor.ac.id/index.php?r=peserta/index" "Mozilla/5.0 (iPhone; CPU iPhone OS 11_3 like Mac OS X) AppleWebKit/605.1.15 (KHTML, like Gecko) Version/11.0 Mobile/15E148 Safari/604.1"
182.1.83.30 - - [16/May/2018:11:47:33 +0700] "GET /images/register.png HTTP/1.1" 200 19485 "http://wisuda.unida.gontor.ac.id/index.php?r=peserta/index" "Mozilla/5.0 (iPhone; CPU iPhone OS 11_3 like Mac OS X) AppleWebKit/605.1.15 (KHTML, like Gecko) Version/11.0 Mobile/15E148 Safari/604.1"
182.1.80.29 - - [16/May/2018:11:47:33 +0700] "GET /ckeditor/ckeditor.js HTTP/1.1" 200 204341 "http://wisuda.unida.gontor.ac.id/index.php?r=peserta/index" "Mozilla/5.0 (iPhone; CPU iPhone OS 11_3 like Mac OS X) AppleWebKit/605.1.15 (KHTML, like Gecko) Version/11.0 Mobile/15E148 Safari/604.1"
182.1.80.29 - - [16/May/2018:11:47:34 +0700] "GET /images/logo_baak.png HTTP/1.1" 200 87427 "http://wisuda.unida.gontor.ac.id/index.php?r=peserta/index" "Mozilla/5.0 (iPhone; CPU iPhone OS 11_3 like Mac OS X) AppleWebKit/605.1.15 (KHTML, like Gecko) Version/11.0 Mobile/15E148 Safari/604.1"
182.1.80.29 - - [16/May/2018:11:47:34 +0700] "GET /css/bg.gif HTTP/1.1" 200 470 "http://wisuda.unida.gontor.ac.id/index.php?r=peserta/index" "Mozilla/5.0 (iPhone; CPU iPhone OS 11_3 like Mac OS X) AppleWebKit/605.1.15 (KHTML, like Gecko) Version/11.0 Mobile/15E148 Safari/604.1"
115.178.235.208 - - [16/May/2018:11:49:24 +0700] "GET /index.php?r=peserta/index HTTP/1.1" 200 0 "-" "Mozilla/5.0 (Linux; Android 5.1.1; A37f Build/LMY47V) AppleWebKit/537.36 (KHTML, like Gecko) Chrome/66.0.3359.158 Mobile Safari/537.36"
115.178.235.208 - - [16/May/2018:11:49:25 +0700] "GET /index.php?r=peserta/index HTTP/1.1" 200 2103 "http://wisuda.unida.gontor.ac.id/index.php?r=peserta/index" "Mozilla/5.0 (Linux; Android 5.1.1; A37f Build/LMY47V) AppleWebKit/537.36 (KHTML, like Gecko) Chrome/66.0.3359.158 Mobile Safari/537.36"
115.178.235.208 - - [16/May/2018:11:49:55 +0700] "GET /index.php?r=peserta/index HTTP/1.1" 200 2103 "-" "Mozilla/5.0 (Linux; Android 5.1.1; A37f Build/LMY47V) AppleWebKit/537.36 (KHTML, like Gecko) Chrome/66.0.3359.158 Mobile Safari/537.36"
36.74.100.252 - - [16/May/2018:11:52:01 +0700] "GET /index.php?r=peserta/index HTTP/1.1" 200 2161 "-" "Mozilla/5.0 (Windows NT 10.0; WOW64) AppleWebKit/537.36 (KHTML, like Gecko) Chrome/46.0.2472.0 Safari/537.36"
36.74.100.252 - - [16/May/2018:11:52:01 +0700] "GET /css/screen.css HTTP/1.1" 200 3152 "http://wisuda.unida.gontor.ac.id/index.php?r=peserta/index" "Mozilla/5.0 (Windows NT 10.0; WOW64) AppleWebKit/537.36 (KHTML, like Gecko) Chrome/46.0.2472.0 Safari/537.36"
36.74.100.252 - - [16/May/2018:11:52:01 +0700] "GET /css/main.css HTTP/1.1" 200 1222 "http://wisuda.unida.gontor.ac.id/index.php?r=peserta/index" "Mozilla/5.0 (Windows NT 10.0; WOW64) AppleWebKit/537.36 (KHTML, like Gecko) Chrome/46.0.2472.0 Safari/537.36"
36.74.100.252 - - [16/May/2018:11:52:01 +0700] "GET /css/form.css HTTP/1.1" 200 1235 "http://wisuda.unida.gontor.ac.id/index.php?r=peserta/index" "Mozilla/5.0 (Windows NT 10.0; WOW64) AppleWebKit/537.36 (KHTML, like Gecko) Chrome/46.0.2472.0 Safari/537.36"
36.74.100.252 - - [16/May/2018:11:52:01 +0700] "GET /css/print.css HTTP/1.1" 200 998 "http://wisuda.unida.gontor.ac.id/index.php?r=peserta/index" "Mozilla/5.0 (Windows NT 10.0; WOW64) AppleWebKit/537.36 (KHTML, like Gecko) Chrome/46.0.2472.0 Safari/537.36"
36.74.100.252 - - [16/May/2018:11:52:01 +0700] "GET /images/logo_baak.png HTTP/1.1" 200 87482 "http://wisuda.unida.gontor.ac.id/index.php?r=peserta/index" "Mozilla/5.0 (Windows NT 10.0; WOW64) AppleWebKit/537.36 (KHTML, like Gecko) Chrome/46.0.2472.0 Safari/537.36"
36.74.100.252 - - [16/May/2018:11:52:03 +0700] "GET /images/register.png HTTP/1.1" 200 19540 "http://wisuda.unida.gontor.ac.id/index.php?r=peserta/index" "Mozilla/5.0 (Windows NT 10.0; WOW64) AppleWebKit/537.36 (KHTML, like Gecko) Chrome/46.0.2472.0 Safari/537.36"
36.74.100.252 - - [16/May/2018:11:52:01 +0700] "GET /ckeditor/ckeditor.js HTTP/1.1" 200 204397 "http://wisuda.unida.gontor.ac.id/index.php?r=peserta/index" "Mozilla/5.0 (Windows NT 10.0; WOW64) AppleWebKit/537.36 (KHTML, like Gecko) Chrome/46.0.2472.0 Safari/537.36"
36.74.100.252 - - [16/May/2018:11:52:16 +0700] "GET /css/bg.gif HTTP/1.1" 200 525 "http://wisuda.unida.gontor.ac.id/css/main.css" "Mozilla/5.0 (Windows NT 10.0; WOW64) AppleWebKit/537.36 (KHTML, like Gecko) Chrome/46.0.2472.0 Safari/537.36"
36.74.100.252 - - [16/May/2018:11:52:16 +0700] "GET /favicon.ico HTTP/1.1" 404 514 "http://wisuda.unida.gontor.ac.id/index.php?r=peserta/index" "Mozilla/5.0 (Windows NT 10.0; WOW64) AppleWebKit/537.36 (KHTML, like Gecko) Chrome/46.0.2472.0 Safari/537.36"
36.74.100.252 - - [16/May/2018:11:55:58 +0700] "GET /index.php?r=peserta/index HTTP/1.1" 200 2161 "-" "Mozilla/5.0 (Windows NT 10.0; WOW64) AppleWebKit/537.36 (KHTML, like Gecko) Chrome/46.0.2472.0 Safari/537.36"
36.74.100.252 - - [16/May/2018:11:55:59 +0700] "GET /css/screen.css HTTP/1.1" 200 3152 "http://wisuda.unida.gontor.ac.id/index.php?r=peserta/index" "Mozilla/5.0 (Windows NT 10.0; WOW64) AppleWebKit/537.36 (KHTML, like Gecko) Chrome/46.0.2472.0 Safari/537.36"
36.74.100.252 - - [16/May/2018:11:55:59 +0700] "GET /css/main.css HTTP/1.1" 200 1222 "http://wisuda.unida.gontor.ac.id/index.php?r=peserta/index" "Mozilla/5.0 (Windows NT 10.0; WOW64) AppleWebKit/537.36 (KHTML, like Gecko) Chrome/46.0.2472.0 Safari/537.36"
36.74.100.252 - - [16/May/2018:11:56:00 +0700] "GET /css/form.css HTTP/1.1" 200 1235 "http://wisuda.unida.gontor.ac.id/index.php?r=peserta/index" "Mozilla/5.0 (Windows NT 10.0; WOW64) AppleWebKit/537.36 (KHTML, like Gecko) Chrome/46.0.2472.0 Safari/537.36"
36.74.100.252 - - [16/May/2018:11:56:00 +0700] "GET /css/print.css HTTP/1.1" 200 998 "http://wisuda.unida.gontor.ac.id/index.php?r=peserta/index" "Mozilla/5.0 (Windows NT 10.0; WOW64) AppleWebKit/537.36 (KHTML, like Gecko) Chrome/46.0.2472.0 Safari/537.36"
36.74.100.252 - - [16/May/2018:11:56:00 +0700] "GET /images/logo_baak.png HTTP/1.1" 200 87482 "http://wisuda.unida.gontor.ac.id/index.php?r=peserta/index" "Mozilla/5.0 (Windows NT 10.0; WOW64) AppleWebKit/537.36 (KHTML, like Gecko) Chrome/46.0.2472.0 Safari/537.36"
36.74.100.252 - - [16/May/2018:11:56:04 +0700] "GET /images/register.png HTTP/1.1" 200 19540 "http://wisuda.unida.gontor.ac.id/index.php?r=peserta/index" "Mozilla/5.0 (Windows NT 10.0; WOW64) AppleWebKit/537.36 (KHTML, like Gecko) Chrome/46.0.2472.0 Safari/537.36"
36.74.100.252 - - [16/May/2018:11:56:00 +0700] "GET /ckeditor/ckeditor.js HTTP/1.1" 200 204397 "http://wisuda.unida.gontor.ac.id/index.php?r=peserta/index" "Mozilla/5.0 (Windows NT 10.0; WOW64) AppleWebKit/537.36 (KHTML, like Gecko) Chrome/46.0.2472.0 Safari/537.36"
36.74.100.252 - - [16/May/2018:11:56:24 +0700] "GET /css/bg.gif HTTP/1.1" 200 525 "http://wisuda.unida.gontor.ac.id/css/main.css" "Mozilla/5.0 (Windows NT 10.0; WOW64) AppleWebKit/537.36 (KHTML, like Gecko) Chrome/46.0.2472.0 Safari/537.36"
36.74.100.252 - - [16/May/2018:11:56:25 +0700] "GET /favicon.ico HTTP/1.1" 404 514 "http://wisuda.unida.gontor.ac.id/index.php?r=peserta/index" "Mozilla/5.0 (Windows NT 10.0; WOW64) AppleWebKit/537.36 (KHTML, like Gecko) Chrome/46.0.2472.0 Safari/537.36"
36.74.100.252 - - [16/May/2018:11:56:35 +0700] "GET /index.php?r=peserta/create HTTP/1.1" 200 4981 "http://wisuda.unida.gontor.ac.id/index.php?r=peserta/index" "Mozilla/5.0 (Windows NT 10.0; WOW64) AppleWebKit/537.36 (KHTML, like Gecko) Chrome/46.0.2472.0 Safari/537.36"
36.74.100.252 - - [16/May/2018:11:56:36 +0700] "GET /assets/7db98611/fileuploader.css HTTP/1.1" 200 848 "http://wisuda.unida.gontor.ac.id/index.php?r=peserta/create" "Mozilla/5.0 (Windows NT 10.0; WOW64) AppleWebKit/537.36 (KHTML, like Gecko) Chrome/46.0.2472.0 Safari/537.36"
36.74.100.252 - - [16/May/2018:11:56:36 +0700] "GET /assets/f5f9305d/jui/css/base/jquery-ui.css HTTP/1.1" 200 7706 "http://wisuda.unida.gontor.ac.id/index.php?r=peserta/create" "Mozilla/5.0 (Windows NT 10.0; WOW64) AppleWebKit/537.36 (KHTML, like Gecko) Chrome/46.0.2472.0 Safari/537.36"
36.74.100.252 - - [16/May/2018:11:56:36 +0700] "GET /js/dobPicker.id.min.js HTTP/1.1" 200 1007 "http://wisuda.unida.gontor.ac.id/index.php?r=peserta/create" "Mozilla/5.0 (Windows NT 10.0; WOW64) AppleWebKit/537.36 (KHTML, like Gecko) Chrome/46.0.2472.0 Safari/537.36"
36.74.100.252 - - [16/May/2018:11:56:36 +0700] "GET /assets/7db98611/fileuploader.js HTTP/1.1" 200 9616 "http://wisuda.unida.gontor.ac.id/index.php?r=peserta/create" "Mozilla/5.0 (Windows NT 10.0; WOW64) AppleWebKit/537.36 (KHTML, like Gecko) Chrome/46.0.2472.0 Safari/537.36"
36.74.100.252 - - [16/May/2018:11:56:36 +0700] "GET /images/loading.gif HTTP/1.1" 200 1130 "http://wisuda.unida.gontor.ac.id/index.php?r=peserta/create" "Mozilla/5.0 (Windows NT 10.0; WOW64) AppleWebKit/537.36 (KHTML, like Gecko) Chrome/46.0.2472.0 Safari/537.36"
36.74.100.252 - - [16/May/2018:11:56:36 +0700] "GET /js/jquery.min.js HTTP/1.1" 200 33656 "http://wisuda.unida.gontor.ac.id/index.php?r=peserta/create" "Mozilla/5.0 (Windows NT 10.0; WOW64) AppleWebKit/537.36 (KHTML, like Gecko) Chrome/46.0.2472.0 Safari/537.36"
36.74.100.252 - - [16/May/2018:11:56:36 +0700] "GET /assets/f5f9305d/jui/js/jquery-ui.min.js HTTP/1.1" 200 64849 "http://wisuda.unida.gontor.ac.id/index.php?r=peserta/create" "Mozilla/5.0 (Windows NT 10.0; WOW64) AppleWebKit/537.36 (KHTML, like Gecko) Chrome/46.0.2472.0 Safari/537.36"
36.74.100.252 - - [16/May/2018:11:56:36 +0700] "GET /assets/f5f9305d/jquery.js HTTP/1.1" 200 84662 "http://wisuda.unida.gontor.ac.id/index.php?r=peserta/create" "Mozilla/5.0 (Windows NT 10.0; WOW64) AppleWebKit/537.36 (KHTML, like Gecko) Chrome/46.0.2472.0 Safari/537.36"
36.74.100.252 - - [16/May/2018:11:56:38 +0700] "GET /assets/f5f9305d/jui/css/base/images/ui-bg_flat_75_ffffff_40x100.png HTTP/1.1" 200 490 "http://wisuda.unida.gontor.ac.id/assets/f5f9305d/jui/css/base/jquery-ui.css" "Mozilla/5.0 (Windows NT 10.0; WOW64) AppleWebKit/537.36 (KHTML, like Gecko) Chrome/46.0.2472.0 Safari/537.36"
36.74.100.252 - - [16/May/2018:11:56:38 +0700] "GET /assets/f5f9305d/jui/css/base/images/ui-icons_222222_256x240.png HTTP/1.1" 200 7207 "http://wisuda.unida.gontor.ac.id/assets/f5f9305d/jui/css/base/jquery-ui.css" "Mozilla/5.0 (Windows NT 10.0; WOW64) AppleWebKit/537.36 (KHTML, like Gecko) Chrome/46.0.2472.0 Safari/537.36"
64.233.173.144 - - [16/May/2018:11:57:01 +0700] "GET /index.php?r=peserta/index HTTP/1.1" 200 2161 "-" "Mozilla/5.0 (Linux; Android 5.1; CPH1605 Build/LMY47I) AppleWebKit/537.36 (KHTML, like Gecko) Chrome/66.0.3359.158 Mobile Safari/537.36"
115.178.237.174 - - [16/May/2018:11:57:01 +0700] "GET /index.php?r=peserta/index HTTP/1.1" 200 2161 "-" "Mozilla/5.0 (Linux; Android 4.2.2; R1001 Build/JDQ39) AppleWebKit/537.36 (KHTML, like Gecko) Chrome/28.0.1500.94 Mobile Safari/537.36"
64.233.173.143 - - [16/May/2018:11:57:02 +0700] "GET /css/main.css HTTP/1.1" 200 1222 "http://wisuda.unida.gontor.ac.id/index.php?r=peserta/index" "Mozilla/5.0 (Linux; Android 5.1; CPH1605 Build/LMY47I) AppleWebKit/537.36 (KHTML, like Gecko) Chrome/66.0.3359.158 Mobile Safari/537.36"
115.178.237.174 - - [16/May/2018:11:57:02 +0700] "GET /css/screen.css HTTP/1.1" 200 3152 "http://wisuda.unida.gontor.ac.id/index.php?r=peserta/index" "Mozilla/5.0 (Linux; Android 4.2.2; R1001 Build/JDQ39) AppleWebKit/537.36 (KHTML, like Gecko) Chrome/28.0.1500.94 Mobile Safari/537.36"
64.233.173.142 - - [16/May/2018:11:57:02 +0700] "GET /css/form.css HTTP/1.1" 200 1235 "http://wisuda.unida.gontor.ac.id/index.php?r=peserta/index" "Mozilla/5.0 (Linux; Android 5.1; CPH1605 Build/LMY47I) AppleWebKit/537.36 (KHTML, like Gecko) Chrome/66.0.3359.158 Mobile Safari/537.36"
64.233.173.143 - - [16/May/2018:11:57:02 +0700] "GET /css/screen.css HTTP/1.1" 200 3153 "http://wisuda.unida.gontor.ac.id/index.php?r=peserta/index" "Mozilla/5.0 (Linux; Android 5.1; CPH1605 Build/LMY47I) AppleWebKit/537.36 (KHTML, like Gecko) Chrome/66.0.3359.158 Mobile Safari/537.36"
64.233.173.142 - - [16/May/2018:11:57:02 +0700] "GET /ckeditor/ckeditor.js HTTP/1.1" 200 204396 "http://wisuda.unida.gontor.ac.id/index.php?r=peserta/index" "Mozilla/5.0 (Linux; Android 5.1; CPH1605 Build/LMY47I) AppleWebKit/537.36 (KHTML, like Gecko) Chrome/66.0.3359.158 Mobile Safari/537.36"
64.233.173.142 - - [16/May/2018:11:57:03 +0700] "GET /images/logo_baak.png HTTP/1.1" 200 87482 "http://wisuda.unida.gontor.ac.id/index.php?r=peserta/index" "Mozilla/5.0 (Linux; Android 5.1; CPH1605 Build/LMY47I) AppleWebKit/537.36 (KHTML, like Gecko) Chrome/66.0.3359.158 Mobile Safari/537.36"
115.178.237.174 - - [16/May/2018:11:57:03 +0700] "GET /css/main.css HTTP/1.1" 200 1222 "http://wisuda.unida.gontor.ac.id/index.php?r=peserta/index" "Mozilla/5.0 (Linux; Android 4.2.2; R1001 Build/JDQ39) AppleWebKit/537.36 (KHTML, like Gecko) Chrome/28.0.1500.94 Mobile Safari/537.36"
115.178.237.174 - - [16/May/2018:11:57:03 +0700] "GET /css/form.css HTTP/1.1" 200 1235 "http://wisuda.unida.gontor.ac.id/index.php?r=peserta/index" "Mozilla/5.0 (Linux; Android 4.2.2; R1001 Build/JDQ39) AppleWebKit/537.36 (KHTML, like Gecko) Chrome/28.0.1500.94 Mobile Safari/537.36"
64.233.173.144 - - [16/May/2018:11:57:03 +0700] "GET /images/register.png HTTP/1.1" 200 19540 "http://wisuda.unida.gontor.ac.id/index.php?r=peserta/index" "Mozilla/5.0 (Linux; Android 5.1; CPH1605 Build/LMY47I) AppleWebKit/537.36 (KHTML, like Gecko) Chrome/66.0.3359.158 Mobile Safari/537.36"
64.233.173.144 - - [16/May/2018:11:57:04 +0700] "GET /css/print.css HTTP/1.1" 200 997 "http://wisuda.unida.gontor.ac.id/index.php?r=peserta/index" "Mozilla/5.0 (Linux; Android 5.1; CPH1605 Build/LMY47I) AppleWebKit/537.36 (KHTML, like Gecko) Chrome/66.0.3359.158 Mobile Safari/537.36"
36.74.100.252 - - [16/May/2018:11:57:05 +0700] "POST /index.php?r=peserta/setSessionNIM HTTP/1.1" 200 312 "http://wisuda.unida.gontor.ac.id/index.php?r=peserta/create" "Mozilla/5.0 (Windows NT 10.0; WOW64) AppleWebKit/537.36 (KHTML, like Gecko) Chrome/46.0.2472.0 Safari/537.36"
36.74.100.252 - - [16/May/2018:11:57:05 +0700] "POST /index.php?r=peserta/getProdi HTTP/1.1" 200 443 "http://wisuda.unida.gontor.ac.id/index.php?r=peserta/create" "Mozilla/5.0 (Windows NT 10.0; WOW64) AppleWebKit/537.36 (KHTML, like Gecko) Chrome/46.0.2472.0 Safari/537.36"
64.233.173.142 - - [16/May/2018:11:57:06 +0700] "GET /css/bg.gif HTTP/1.1" 200 525 "http://wisuda.unida.gontor.ac.id/css/main.css" "Mozilla/5.0 (Linux; Android 5.1; CPH1605 Build/LMY47I) AppleWebKit/537.36 (KHTML, like Gecko) Chrome/66.0.3359.158 Mobile Safari/537.36"
115.178.237.174 - - [16/May/2018:11:57:04 +0700] "GET /ckeditor/ckeditor.js HTTP/1.1" 200 204397 "http://wisuda.unida.gontor.ac.id/index.php?r=peserta/index" "Mozilla/5.0 (Linux; Android 4.2.2; R1001 Build/JDQ39) AppleWebKit/537.36 (KHTML, like Gecko) Chrome/28.0.1500.94 Mobile Safari/537.36"
64.233.173.142 - - [16/May/2018:11:57:06 +0700] "GET /favicon.ico HTTP/1.1" 404 514 "http://wisuda.unida.gontor.ac.id/index.php?r=peserta/index" "Mozilla/5.0 (Linux; Android 5.1; CPH1605 Build/LMY47I) AppleWebKit/537.36 (KHTML, like Gecko) Chrome/66.0.3359.158 Mobile Safari/537.36"
115.178.237.174 - - [16/May/2018:11:57:06 +0700] "GET /css/print.css HTTP/1.1" 200 997 "http://wisuda.unida.gontor.ac.id/index.php?r=peserta/index" "Mozilla/5.0 (Linux; Android 4.2.2; R1001 Build/JDQ39) AppleWebKit/537.36 (KHTML, like Gecko) Chrome/28.0.1500.94 Mobile Safari/537.36"
115.178.237.174 - - [16/May/2018:11:57:06 +0700] "GET /images/register.png HTTP/1.1" 200 19540 "http://wisuda.unida.gontor.ac.id/index.php?r=peserta/index" "Mozilla/5.0 (Linux; Android 4.2.2; R1001 Build/JDQ39) AppleWebKit/537.36 (KHTML, like Gecko) Chrome/28.0.1500.94 Mobile Safari/537.36"
115.178.237.174 - - [16/May/2018:11:57:06 +0700] "GET /images/logo_baak.png HTTP/1.1" 200 87482 "http://wisuda.unida.gontor.ac.id/index.php?r=peserta/index" "Mozilla/5.0 (Linux; Android 4.2.2; R1001 Build/JDQ39) AppleWebKit/537.36 (KHTML, like Gecko) Chrome/28.0.1500.94 Mobile Safari/537.36"
115.178.237.174 - - [16/May/2018:11:57:08 +0700] "GET /css/bg.gif HTTP/1.1" 200 525 "http://wisuda.unida.gontor.ac.id/index.php?r=peserta/index" "Mozilla/5.0 (Linux; Android 4.2.2; R1001 Build/JDQ39) AppleWebKit/537.36 (KHTML, like Gecko) Chrome/28.0.1500.94 Mobile Safari/537.36"
115.178.237.174 - - [16/May/2018:11:57:09 +0700] "GET /favicon.ico HTTP/1.1" 404 514 "-" "Mozilla/5.0 (Linux; Android 4.2.2; R1001 Build/JDQ39) AppleWebKit/537.36 (KHTML, like Gecko) Chrome/28.0.1500.94 Mobile Safari/537.36"
115.178.237.174 - - [16/May/2018:11:57:09 +0700] "GET /apple-touch-icon-precomposed.png HTTP/1.1" 404 535 "-" "Mozilla/5.0 (Linux; Android 4.2.2; R1001 Build/JDQ39) AppleWebKit/537.36 (KHTML, like Gecko) Chrome/28.0.1500.94 Mobile Safari/537.36"
115.178.237.174 - - [16/May/2018:11:57:09 +0700] "GET /apple-touch-icon.png HTTP/1.1" 404 523 "-" "Mozilla/5.0 (Linux; Android 4.2.2; R1001 Build/JDQ39) AppleWebKit/537.36 (KHTML, like Gecko) Chrome/28.0.1500.94 Mobile Safari/537.36"
115.178.255.33 - - [16/May/2018:11:57:10 +0700] "GET /index.php?r=peserta/index HTTP/1.1" 200 0 "-" "Mozilla/5.0 (Linux; Android 5.1; X9009 Build/LMY47I) AppleWebKit/537.36 (KHTML, like Gecko) Chrome/66.0.3359.158 Mobile Safari/537.36"
115.178.255.33 - - [16/May/2018:11:57:12 +0700] "GET /index.php?r=peserta/index HTTP/1.1" 200 2161 "http://wisuda.unida.gontor.ac.id/index.php?r=peserta/index" "Mozilla/5.0 (Linux; Android 5.1; X9009 Build/LMY47I) AppleWebKit/537.36 (KHTML, like Gecko) Chrome/66.0.3359.158 Mobile Safari/537.36"
115.178.255.33 - - [16/May/2018:11:57:12 +0700] "GET /css/screen.css HTTP/1.1" 200 3152 "http://wisuda.unida.gontor.ac.id/index.php?r=peserta/index" "Mozilla/5.0 (Linux; Android 5.1; X9009 Build/LMY47I) AppleWebKit/537.36 (KHTML, like Gecko) Chrome/66.0.3359.158 Mobile Safari/537.36"
115.178.255.33 - - [16/May/2018:11:57:12 +0700] "GET /css/main.css HTTP/1.1" 200 1222 "http://wisuda.unida.gontor.ac.id/index.php?r=peserta/index" "Mozilla/5.0 (Linux; Android 5.1; X9009 Build/LMY47I) AppleWebKit/537.36 (KHTML, like Gecko) Chrome/66.0.3359.158 Mobile Safari/537.36"
115.178.255.33 - - [16/May/2018:11:57:12 +0700] "GET /css/form.css HTTP/1.1" 200 1235 "http://wisuda.unida.gontor.ac.id/index.php?r=peserta/index" "Mozilla/5.0 (Linux; Android 5.1; X9009 Build/LMY47I) AppleWebKit/537.36 (KHTML, like Gecko) Chrome/66.0.3359.158 Mobile Safari/537.36"
115.178.255.33 - - [16/May/2018:11:57:12 +0700] "GET /css/print.css HTTP/1.1" 200 997 "http://wisuda.unida.gontor.ac.id/index.php?r=peserta/index" "Mozilla/5.0 (Linux; Android 5.1; X9009 Build/LMY47I) AppleWebKit/537.36 (KHTML, like Gecko) Chrome/66.0.3359.158 Mobile Safari/537.36"
115.178.255.33 - - [16/May/2018:11:57:12 +0700] "GET /images/register.png HTTP/1.1" 200 19541 "http://wisuda.unida.gontor.ac.id/index.php?r=peserta/index" "Mozilla/5.0 (Linux; Android 5.1; X9009 Build/LMY47I) AppleWebKit/537.36 (KHTML, like Gecko) Chrome/66.0.3359.158 Mobile Safari/537.36"
115.178.255.33 - - [16/May/2018:11:57:12 +0700] "GET /images/logo_baak.png HTTP/1.1" 200 87483 "http://wisuda.unida.gontor.ac.id/index.php?r=peserta/index" "Mozilla/5.0 (Linux; Android 5.1; X9009 Build/LMY47I) AppleWebKit/537.36 (KHTML, like Gecko) Chrome/66.0.3359.158 Mobile Safari/537.36"
115.178.255.33 - - [16/May/2018:11:57:12 +0700] "GET /ckeditor/ckeditor.js HTTP/1.1" 200 204397 "http://wisuda.unida.gontor.ac.id/index.php?r=peserta/index" "Mozilla/5.0 (Linux; Android 5.1; X9009 Build/LMY47I) AppleWebKit/537.36 (KHTML, like Gecko) Chrome/66.0.3359.158 Mobile Safari/537.36"
115.178.255.33 - - [16/May/2018:11:57:24 +0700] "GET /css/bg.gif HTTP/1.1" 200 525 "http://wisuda.unida.gontor.ac.id/css/main.css" "Mozilla/5.0 (Linux; Android 5.1; X9009 Build/LMY47I) AppleWebKit/537.36 (KHTML, like Gecko) Chrome/66.0.3359.158 Mobile Safari/537.36"
115.178.255.33 - - [16/May/2018:11:57:24 +0700] "GET /favicon.ico HTTP/1.1" 404 514 "http://wisuda.unida.gontor.ac.id/index.php?r=peserta/index" "Mozilla/5.0 (Linux; Android 5.1; X9009 Build/LMY47I) AppleWebKit/537.36 (KHTML, like Gecko) Chrome/66.0.3359.158 Mobile Safari/537.36"
64.233.173.142 - - [16/May/2018:11:59:40 +0700] "GET /index.php?r=peserta/index HTTP/1.1" 200 2161 "-" "Mozilla/5.0 (Linux; Android 5.1.1; A37f Build/LMY47V) AppleWebKit/537.36 (KHTML, like Gecko) Chrome/66.0.3359.158 Mobile Safari/537.36"
64.233.173.142 - - [16/May/2018:11:59:41 +0700] "GET /css/form.css HTTP/1.1" 200 1234 "http://wisuda.unida.gontor.ac.id/index.php?r=peserta/index" "Mozilla/5.0 (Linux; Android 5.1.1; A37f Build/LMY47V) AppleWebKit/537.36 (KHTML, like Gecko) Chrome/66.0.3359.158 Mobile Safari/537.36"
64.233.173.144 - - [16/May/2018:11:59:41 +0700] "GET /css/screen.css HTTP/1.1" 200 3153 "http://wisuda.unida.gontor.ac.id/index.php?r=peserta/index" "Mozilla/5.0 (Linux; Android 5.1.1; A37f Build/LMY47V) AppleWebKit/537.36 (KHTML, like Gecko) Chrome/66.0.3359.158 Mobile Safari/537.36"
64.233.173.144 - - [16/May/2018:11:59:41 +0700] "GET /images/register.png HTTP/1.1" 200 19540 "http://wisuda.unida.gontor.ac.id/index.php?r=peserta/index" "Mozilla/5.0 (Linux; Android 5.1.1; A37f Build/LMY47V) AppleWebKit/537.36 (KHTML, like Gecko) Chrome/66.0.3359.158 Mobile Safari/537.36"
64.233.173.143 - - [16/May/2018:11:59:41 +0700] "GET /css/main.css HTTP/1.1" 200 1222 "http://wisuda.unida.gontor.ac.id/index.php?r=peserta/index" "Mozilla/5.0 (Linux; Android 5.1.1; A37f Build/LMY47V) AppleWebKit/537.36 (KHTML, like Gecko) Chrome/66.0.3359.158 Mobile Safari/537.36"
64.233.173.144 - - [16/May/2018:11:59:41 +0700] "GET /ckeditor/ckeditor.js HTTP/1.1" 200 204397 "http://wisuda.unida.gontor.ac.id/index.php?r=peserta/index" "Mozilla/5.0 (Linux; Android 5.1.1; A37f Build/LMY47V) AppleWebKit/537.36 (KHTML, like Gecko) Chrome/66.0.3359.158 Mobile Safari/537.36"
64.233.173.144 - - [16/May/2018:11:59:42 +0700] "GET /css/print.css HTTP/1.1" 200 998 "http://wisuda.unida.gontor.ac.id/index.php?r=peserta/index" "Mozilla/5.0 (Linux; Android 5.1.1; A37f Build/LMY47V) AppleWebKit/537.36 (KHTML, like Gecko) Chrome/66.0.3359.158 Mobile Safari/537.36"
115.178.237.174 - - [16/May/2018:11:59:42 +0700] "GET /index.php?r=peserta/index HTTP/1.1" 200 2103 "-" "Mozilla/5.0 (Linux; Android 4.2.2; R1001 Build/JDQ39) AppleWebKit/537.36 (KHTML, like Gecko) Chrome/28.0.1500.94 Mobile Safari/537.36"
64.233.173.143 - - [16/May/2018:11:59:42 +0700] "GET /images/logo_baak.png HTTP/1.1" 200 87483 "http://wisuda.unida.gontor.ac.id/index.php?r=peserta/index" "Mozilla/5.0 (Linux; Android 5.1.1; A37f Build/LMY47V) AppleWebKit/537.36 (KHTML, like Gecko) Chrome/66.0.3359.158 Mobile Safari/537.36"
64.233.173.143 - - [16/May/2018:11:59:43 +0700] "GET /css/bg.gif HTTP/1.1" 200 525 "http://wisuda.unida.gontor.ac.id/css/main.css" "Mozilla/5.0 (Linux; Android 5.1.1; A37f Build/LMY47V) AppleWebKit/537.36 (KHTML, like Gecko) Chrome/66.0.3359.158 Mobile Safari/537.36"
64.233.173.142 - - [16/May/2018:11:59:43 +0700] "GET /favicon.ico HTTP/1.1" 404 514 "http://wisuda.unida.gontor.ac.id/index.php?r=peserta/index" "Mozilla/5.0 (Linux; Android 5.1.1; A37f Build/LMY47V) AppleWebKit/537.36 (KHTML, like Gecko) Chrome/66.0.3359.158 Mobile Safari/537.36"
115.178.237.174 - - [16/May/2018:11:59:44 +0700] "GET /favicon.ico HTTP/1.1" 404 514 "-" "Mozilla/5.0 (Linux; Android 4.2.2; R1001 Build/JDQ39) AppleWebKit/537.36 (KHTML, like Gecko) Chrome/28.0.1500.94 Mobile Safari/537.36"
115.178.237.174 - - [16/May/2018:11:59:44 +0700] "GET /apple-touch-icon-precomposed.png HTTP/1.1" 404 536 "-" "Mozilla/5.0 (Linux; Android 4.2.2; R1001 Build/JDQ39) AppleWebKit/537.36 (KHTML, like Gecko) Chrome/28.0.1500.94 Mobile Safari/537.36"
115.178.237.174 - - [16/May/2018:11:59:44 +0700] "GET /apple-touch-icon.png HTTP/1.1" 404 523 "-" "Mozilla/5.0 (Linux; Android 4.2.2; R1001 Build/JDQ39) AppleWebKit/537.36 (KHTML, like Gecko) Chrome/28.0.1500.94 Mobile Safari/537.36"
64.233.173.144 - - [16/May/2018:11:59:50 +0700] "GET /index.php?r=peserta/index HTTP/1.1" 200 2161 "-" "Mozilla/5.0 (Linux; Android 5.1.1; SM-T285 Build/LMY47V) AppleWebKit/537.36 (KHTML, like Gecko) Chrome/66.0.3359.158 Safari/537.36"
64.233.173.144 - - [16/May/2018:11:59:51 +0700] "GET /css/main.css HTTP/1.1" 200 1221 "http://wisuda.unida.gontor.ac.id/index.php?r=peserta/index" "Mozilla/5.0 (Linux; Android 5.1.1; SM-T285 Build/LMY47V) AppleWebKit/537.36 (KHTML, like Gecko) Chrome/66.0.3359.158 Safari/537.36"
64.233.173.144 - - [16/May/2018:11:59:51 +0700] "GET /css/screen.css HTTP/1.1" 200 3153 "http://wisuda.unida.gontor.ac.id/index.php?r=peserta/index" "Mozilla/5.0 (Linux; Android 5.1.1; SM-T285 Build/LMY47V) AppleWebKit/537.36 (KHTML, like Gecko) Chrome/66.0.3359.158 Safari/537.36"
64.233.173.143 - - [16/May/2018:11:59:51 +0700] "GET /css/form.css HTTP/1.1" 200 1235 "http://wisuda.unida.gontor.ac.id/index.php?r=peserta/index" "Mozilla/5.0 (Linux; Android 5.1.1; SM-T285 Build/LMY47V) AppleWebKit/537.36 (KHTML, like Gecko) Chrome/66.0.3359.158 Safari/537.36"
64.233.173.143 - - [16/May/2018:11:59:51 +0700] "GET /css/print.css HTTP/1.1" 200 997 "http://wisuda.unida.gontor.ac.id/index.php?r=peserta/index" "Mozilla/5.0 (Linux; Android 5.1.1; SM-T285 Build/LMY47V) AppleWebKit/537.36 (KHTML, like Gecko) Chrome/66.0.3359.158 Safari/537.36"
